Archive member included to satisfy reference by file (symbol)

C:/ST/STM32CubeIDE_1.19.0/STM32CubeIDE/plugins/com.st.stm32cube.ide.mcu.externaltools.gnu-tools-for-stm32.13.3.rel1.win32_1.0.0.202411081344/tools/bin/../lib/gcc/arm-none-eabi/13.3.1/../../../../arm-none-eabi/lib/thumb/v7e-m+dp/hard\libc_nano.a(libc_a-exit.o)
                              C:/ST/STM32CubeIDE_1.19.0/STM32CubeIDE/plugins/com.st.stm32cube.ide.mcu.externaltools.gnu-tools-for-stm32.13.3.rel1.win32_1.0.0.202411081344/tools/bin/../lib/gcc/arm-none-eabi/13.3.1/../../../../arm-none-eabi/lib/thumb/v7e-m+dp/hard/crt0.o (exit)
C:/ST/STM32CubeIDE_1.19.0/STM32CubeIDE/plugins/com.st.stm32cube.ide.mcu.externaltools.gnu-tools-for-stm32.13.3.rel1.win32_1.0.0.202411081344/tools/bin/../lib/gcc/arm-none-eabi/13.3.1/../../../../arm-none-eabi/lib/thumb/v7e-m+dp/hard\libc_nano.a(libc_a-findfp.o)
                              C:/ST/STM32CubeIDE_1.19.0/STM32CubeIDE/plugins/com.st.stm32cube.ide.mcu.externaltools.gnu-tools-for-stm32.13.3.rel1.win32_1.0.0.202411081344/tools/bin/../lib/gcc/arm-none-eabi/13.3.1/../../../../arm-none-eabi/lib/thumb/v7e-m+dp/hard\libc_nano.a(libc_a-exit.o) (__stdio_exit_handler)
C:/ST/STM32CubeIDE_1.19.0/STM32CubeIDE/plugins/com.st.stm32cube.ide.mcu.externaltools.gnu-tools-for-stm32.13.3.rel1.win32_1.0.0.202411081344/tools/bin/../lib/gcc/arm-none-eabi/13.3.1/../../../../arm-none-eabi/lib/thumb/v7e-m+dp/hard\libc_nano.a(libc_a-fwalk.o)
                              C:/ST/STM32CubeIDE_1.19.0/STM32CubeIDE/plugins/com.st.stm32cube.ide.mcu.externaltools.gnu-tools-for-stm32.13.3.rel1.win32_1.0.0.202411081344/tools/bin/../lib/gcc/arm-none-eabi/13.3.1/../../../../arm-none-eabi/lib/thumb/v7e-m+dp/hard\libc_nano.a(libc_a-findfp.o) (_fwalk_sglue)
C:/ST/STM32CubeIDE_1.19.0/STM32CubeIDE/plugins/com.st.stm32cube.ide.mcu.externaltools.gnu-tools-for-stm32.13.3.rel1.win32_1.0.0.202411081344/tools/bin/../lib/gcc/arm-none-eabi/13.3.1/../../../../arm-none-eabi/lib/thumb/v7e-m+dp/hard\libc_nano.a(libc_a-printf.o)
                              ./Core/Src/main.o (printf)
C:/ST/STM32CubeIDE_1.19.0/STM32CubeIDE/plugins/com.st.stm32cube.ide.mcu.externaltools.gnu-tools-for-stm32.13.3.rel1.win32_1.0.0.202411081344/tools/bin/../lib/gcc/arm-none-eabi/13.3.1/../../../../arm-none-eabi/lib/thumb/v7e-m+dp/hard\libc_nano.a(libc_a-puts.o)
                              ./Core/Src/main.o (puts)
C:/ST/STM32CubeIDE_1.19.0/STM32CubeIDE/plugins/com.st.stm32cube.ide.mcu.externaltools.gnu-tools-for-stm32.13.3.rel1.win32_1.0.0.202411081344/tools/bin/../lib/gcc/arm-none-eabi/13.3.1/../../../../arm-none-eabi/lib/thumb/v7e-m+dp/hard\libc_nano.a(libc_a-stdio.o)
                              C:/ST/STM32CubeIDE_1.19.0/STM32CubeIDE/plugins/com.st.stm32cube.ide.mcu.externaltools.gnu-tools-for-stm32.13.3.rel1.win32_1.0.0.202411081344/tools/bin/../lib/gcc/arm-none-eabi/13.3.1/../../../../arm-none-eabi/lib/thumb/v7e-m+dp/hard\libc_nano.a(libc_a-findfp.o) (__sread)
C:/ST/STM32CubeIDE_1.19.0/STM32CubeIDE/plugins/com.st.stm32cube.ide.mcu.externaltools.gnu-tools-for-stm32.13.3.rel1.win32_1.0.0.202411081344/tools/bin/../lib/gcc/arm-none-eabi/13.3.1/../../../../arm-none-eabi/lib/thumb/v7e-m+dp/hard\libc_nano.a(libc_a-wbuf.o)
                              C:/ST/STM32CubeIDE_1.19.0/STM32CubeIDE/plugins/com.st.stm32cube.ide.mcu.externaltools.gnu-tools-for-stm32.13.3.rel1.win32_1.0.0.202411081344/tools/bin/../lib/gcc/arm-none-eabi/13.3.1/../../../../arm-none-eabi/lib/thumb/v7e-m+dp/hard\libc_nano.a(libc_a-puts.o) (__swbuf_r)
C:/ST/STM32CubeIDE_1.19.0/STM32CubeIDE/plugins/com.st.stm32cube.ide.mcu.externaltools.gnu-tools-for-stm32.13.3.rel1.win32_1.0.0.202411081344/tools/bin/../lib/gcc/arm-none-eabi/13.3.1/../../../../arm-none-eabi/lib/thumb/v7e-m+dp/hard\libc_nano.a(libc_a-wsetup.o)
                              C:/ST/STM32CubeIDE_1.19.0/STM32CubeIDE/plugins/com.st.stm32cube.ide.mcu.externaltools.gnu-tools-for-stm32.13.3.rel1.win32_1.0.0.202411081344/tools/bin/../lib/gcc/arm-none-eabi/13.3.1/../../../../arm-none-eabi/lib/thumb/v7e-m+dp/hard\libc_nano.a(libc_a-puts.o) (__swsetup_r)
C:/ST/STM32CubeIDE_1.19.0/STM32CubeIDE/plugins/com.st.stm32cube.ide.mcu.externaltools.gnu-tools-for-stm32.13.3.rel1.win32_1.0.0.202411081344/tools/bin/../lib/gcc/arm-none-eabi/13.3.1/../../../../arm-none-eabi/lib/thumb/v7e-m+dp/hard\libc_nano.a(libc_a-memcmp.o)
                              ./Support/hash_file.o (memcmp)
C:/ST/STM32CubeIDE_1.19.0/STM32CubeIDE/plugins/com.st.stm32cube.ide.mcu.externaltools.gnu-tools-for-stm32.13.3.rel1.win32_1.0.0.202411081344/tools/bin/../lib/gcc/arm-none-eabi/13.3.1/../../../../arm-none-eabi/lib/thumb/v7e-m+dp/hard\libc_nano.a(libc_a-memset.o)
                              C:/ST/STM32CubeIDE_1.19.0/STM32CubeIDE/plugins/com.st.stm32cube.ide.mcu.externaltools.gnu-tools-for-stm32.13.3.rel1.win32_1.0.0.202411081344/tools/bin/../lib/gcc/arm-none-eabi/13.3.1/../../../../arm-none-eabi/lib/thumb/v7e-m+dp/hard/crt0.o (memset)
[...]
Memory Configuration

Name             Origin             Length             Attributes
RAM              0x20000000         0x00080000         xrw
FLASH            0x08040000         0x00080000         xr
*default*        0x00000000         0xffffffff

Linker script and memory map

LOAD C:/ST/STM32CubeIDE_1.19.0/STM32CubeIDE/plugins/com.st.stm32cube.ide.mcu.externaltools.gnu-tools-for-stm32.13.3.rel1.win32_1.0.0.202411081344/tools/bin/../lib/gcc/arm-none-eabi/13.3.1/thumb/v7e-m+dp/hard/crti.o
LOAD C:/ST/STM32CubeIDE_1.19.0/STM32CubeIDE/plugins/com.st.stm32cube.ide.mcu.externaltools.gnu-tools-for-stm32.13.3.rel1.win32_1.0.0.202411081344/tools/bin/../lib/gcc/arm-none-eabi/13.3.1/thumb/v7e-m+dp/hard/crtbegin.o
LOAD C:/ST/STM32CubeIDE_1.19.0/STM32CubeIDE/plugins/com.st.stm32cube.ide.mcu.externaltools.gnu-tools-for-stm32.13.3.rel1.win32_1.0.0.202411081344/tools/bin/../lib/gcc/arm-none-eabi/13.3.1/../../../../arm-none-eabi/lib/thumb/v7e-m+dp/hard/crt0.o
LOAD ./Core/Src/main.o
LOAD ./Core/Src/stm32f7xx_hal_msp.o
LOAD ./Core/Src/stm32f7xx_it.o
LOAD ./Core/Src/syscalls.o
LOAD ./Core/Src/sysmem.o
LOAD ./Core/Src/system_stm32f7xx.o
LOAD ./Core/Startup/startup_stm32f767zitx.o
LOAD ./Drivers/BSP/Components/lan8742/lan8742.o
LOAD ./Drivers/STM32F7xx_HAL_Driver/Src/stm32f7xx_hal.o
LOAD ./Drivers/STM32F7xx_HAL_Driver/Src/stm32f7xx_hal_cortex.o
LOAD ./Drivers/STM32F7xx_HAL_Driver/Src/stm32f7xx_hal_crc.o
LOAD ./Drivers/STM32F7xx_HAL_Driver/Src/stm32f7xx_hal_crc_ex.o
LOAD ./Drivers/STM32F7xx_HAL_Driver/Src/stm32f7xx_hal_dma.o
LOAD ./Drivers/STM32F7xx_HAL_Driver/Src/stm32f7xx_hal_dma_ex.o
LOAD ./Drivers/STM32F7xx_HAL_Driver/Src/stm32f7xx_hal_eth.o
LOAD ./Drivers/STM32F7xx_HAL_Driver/Src/stm32f7xx_hal_exti.o
LOAD ./Drivers/STM32F7xx_HAL_Driver/Src/stm32f7xx_hal_flash.o
LOAD ./Drivers/STM32F7xx_HAL_Driver/Src/stm32f7xx_hal_flash_ex.o
LOAD ./Drivers/STM32F7xx_HAL_Driver/Src/stm32f7xx_hal_gpio.o
LOAD ./Drivers/STM32F7xx_HAL_Driver/Src/stm32f7xx_hal_i2c.o
LOAD ./Drivers/STM32F7xx_HAL_Driver/Src/stm32f7xx_hal_i2c_ex.o
LOAD ./Drivers/STM32F7xx_HAL_Driver/Src/stm32f7xx_hal_pwr.o
LOAD ./Drivers/STM32F7xx_HAL_Driver/Src/stm32f7xx_hal_pwr_ex.o
LOAD ./Drivers/STM32F7xx_HAL_Driver/Src/stm32f7xx_hal_rcc.o
LOAD ./Drivers/STM32F7xx_HAL_Driver/Src/stm32f7xx_hal_rcc_ex.o
LOAD ./Drivers/STM32F7xx_HAL_Driver/Src/stm32f7xx_hal_rng.o
LOAD ./Drivers/STM32F7xx_HAL_Driver/Src/stm32f7xx_hal_uart.o
LOAD ./Drivers/STM32F7xx_HAL_Driver/Src/stm32f7xx_hal_uart_ex.o
LOAD ./Support/eth_support.o
LOAD ./Support/hash_file.o
START GROUP
LOAD C:/ST/STM32CubeIDE_1.19.0/STM32CubeIDE/plugins/com.st.stm32cube.ide.mcu.externaltools.gnu-tools-for-stm32.13.3.rel1.win32_1.0.0.202411081344/tools/bin/../lib/gcc/arm-none-eabi/13.3.1/../../../../arm-none-eabi/lib/thumb/v7e-m+dp/hard\libc_nano.a
LOAD C:/ST/STM32CubeIDE_1.19.0/STM32CubeIDE/plugins/com.st.stm32cube.ide.mcu.externaltools.gnu-tools-for-stm32.13.3.rel1.win32_1.0.0.202411081344/tools/bin/../lib/gcc/arm-none-eabi/13.3.1/../../../../arm-none-eabi/lib/thumb/v7e-m+dp/hard\libm.a
END GROUP
START GROUP
LOAD C:/ST/STM32CubeIDE_1.19.0/STM32CubeIDE/plugins/com.st.stm32cube.ide.mcu.externaltools.gnu-tools-for-stm32.13.3.rel1.win32_1.0.0.202411081344/tools/bin/../lib/gcc/arm-none-eabi/13.3.1/thumb/v7e-m+dp/hard\libgcc.a
LOAD C:/ST/STM32CubeIDE_1.19.0/STM32CubeIDE/plugins/com.st.stm32cube.ide.mcu.externaltools.gnu-tools-for-stm32.13.3.rel1.win32_1.0.0.202411081344/tools/bin/../lib/gcc/arm-none-eabi/13.3.1/../../../../arm-none-eabi/lib/thumb/v7e-m+dp/hard\libc_nano.a
END GROUP
START GROUP
LOAD C:/ST/STM32CubeIDE_1.19.0/STM32CubeIDE/plugins/com.st.stm32cube.ide.mcu.externaltools.gnu-tools-for-stm32.13.3.rel1.win32_1.0.0.202411081344/tools/bin/../lib/gcc/arm-none-eabi/13.3.1/thumb/v7e-m+dp/hard\libgcc.a
LOAD C:/ST/STM32CubeIDE_1.19.0/STM32CubeIDE/plugins/com.st.stm32cube.ide.mcu.externaltools.gnu-tools-for-stm32.13.3.rel1.win32_1.0.0.202411081344/tools/bin/../lib/gcc/arm-none-eabi/13.3.1/../../../../arm-none-eabi/lib/thumb/v7e-m+dp/hard\libc_nano.a
LOAD C:/ST/STM32CubeIDE_1.19.0/STM32CubeIDE/plugins/com.st.stm32cube.ide.mcu.externaltools.gnu-tools-for-stm32.13.3.rel1.win32_1.0.0.202411081344/tools/bin/../lib/gcc/arm-none-eabi/13.3.1/../../../../arm-none-eabi/lib/thumb/v7e-m+dp/hard\libnosys.a
END GROUP
START GROUP
LOAD C:/ST/STM32CubeIDE_1.19.0/STM32CubeIDE/plugins/com.st.stm32cube.ide.mcu.externaltools.gnu-tools-for-stm32.13.3.rel1.win32_1.0.0.202411081344/tools/bin/../lib/gcc/arm-none-eabi/13.3.1/thumb/v7e-m+dp/hard\libgcc.a
LOAD C:/ST/STM32CubeIDE_1.19.0/STM32CubeIDE/plugins/com.st.stm32cube.ide.mcu.externaltools.gnu-tools-for-stm32.13.3.rel1.win32_1.0.0.202411081344/tools/bin/../lib/gcc/arm-none-eabi/13.3.1/../../../../arm-none-eabi/lib/thumb/v7e-m+dp/hard\libc_nano.a
LOAD C:/ST/STM32CubeIDE_1.19.0/STM32CubeIDE/plugins/com.st.stm32cube.ide.mcu.externaltools.gnu-tools-for-stm32.13.3.rel1.win32_1.0.0.202411081344/tools/bin/../lib/gcc/arm-none-eabi/13.3.1/../../../../arm-none-eabi/lib/thumb/v7e-m+dp/hard\libnosys.a
END GROUP
LOAD C:/ST/STM32CubeIDE_1.19.0/STM32CubeIDE/plugins/com.st.stm32cube.ide.mcu.externaltools.gnu-tools-for-stm32.13.3.rel1.win32_1.0.0.202411081344/tools/bin/../lib/gcc/arm-none-eabi/13.3.1/thumb/v7e-m+dp/hard/crtend.o
LOAD C:/ST/STM32CubeIDE_1.19.0/STM32CubeIDE/plugins/com.st.stm32cube.ide.mcu.externaltools.gnu-tools-for-stm32.13.3.rel1.win32_1.0.0.202411081344/tools/bin/../lib/gcc/arm-none-eabi/13.3.1/thumb/v7e-m+dp/hard/crtn.o
                0x20080000                        _estack = (ORIGIN (RAM) + LENGTH (RAM))
                0x00000200                        _Min_Heap_Size = 0x200
                0x00000400                        _Min_Stack_Size = 0x400

.isr_vector     0x08040000      0x1f8
                0x08040000                        . = ALIGN (0x4)
 *(.isr_vector)
 .isr_vector    0x08040000      0x1f8 ./Core/Startup/startup_stm32f767zitx.o
                0x08040000                g_pfnVectors
                0x080401f8                        . = ALIGN (0x4)

.text           0x08040200     0x6a70
                0x08040200                        . = ALIGN (0x4)
 *(.text)
 .text          0x08040200       0x40 C:/ST/STM32CubeIDE_1.19.0/STM32CubeIDE/plugins/com.st.stm32cube.ide.mcu.externaltools.gnu-tools-for-stm32.13.3.rel1.win32_1.0.0.202411081344/tools/bin/../lib/gcc/arm-none-eabi/13.3.1/thumb/v7e-m+dp/hard/crtbegin.o
 .text          0x08040240       0xa0 C:/ST/STM32CubeIDE_1.19.0/STM32CubeIDE/plugins/com.st.stm32cube.ide.mcu.externaltools.gnu-tools-for-stm32.13.3.rel1.win32_1.0.0.202411081344/tools/bin/../lib/gcc/arm-none-eabi/13.3.1/../../../../arm-none-eabi/lib/thumb/v7e-m+dp/hard\libc_nano.a(libc_a-memchr.o)
                0x08040240                memchr
 .text          0x080402e0       0x30 C:/ST/STM32CubeIDE_1.19.0/STM32CubeIDE/plugins/com.st.stm32cube.ide.mcu.externaltools.gnu-tools-for-stm32.13.3.rel1.win32_1.0.0.202411081344/tools/bin/../lib/gcc/arm-none-eabi/13.3.1/thumb/v7e-m+dp/hard\libgcc.a(_aeabi_uldivmod.o)
                0x080402e0                __aeabi_uldivmod
 .text          0x08040310      0x2f8 C:/ST/STM32CubeIDE_1.19.0/STM32CubeIDE/plugins/com.st.stm32cube.ide.mcu.externaltools.gnu-tools-for-stm32.13.3.rel1.win32_1.0.0.202411081344/tools/bin/../lib/gcc/arm-none-eabi/13.3.1/thumb/v7e-m+dp/hard\libgcc.a(_udivmoddi4.o)
                0x08040310                __udivmoddi4
 .text          0x08040608        0x4 C:/ST/STM32CubeIDE_1.19.0/STM32CubeIDE/plugins/com.st.stm32cube.ide.mcu.externaltools.gnu-tools-for-stm32.13.3.rel1.win32_1.0.0.202411081344/tools/bin/../lib/gcc/arm-none-eabi/13.3.1/thumb/v7e-m+dp/hard\libgcc.a(_dvmd_tls.o)
                0x08040608                __aeabi_idiv0
                0x08040608                __aeabi_ldiv0
 *(.text*)
 .text.main     0x0804060c       0x78 ./Core/Src/main.o
                0x0804060c                main
 .text.SystemClock_Config
                0x08040684       0xdc ./Core/Src/main.o
                0x08040684                SystemClock_Config
 .text.MX_CRC_Init
                0x08040760       0x44 ./Core/Src/main.o
 .text.MX_ETH_Init
                0x080407a4       0x9c ./Core/Src/main.o
 .text.MX_RNG_Init
                0x08040840       0x28 ./Core/Src/main.o
 .text.MX_USART3_UART_Init
                0x08040868       0x60 ./Core/Src/main.o
 .text.MX_GPIO_Init
                0x080408c8       0xc8 ./Core/Src/main.o
 .text.__io_putchar
                0x08040990       0x24 ./Core/Src/main.o
                0x08040990                __io_putchar
 .text.MPU_Config
                0x080409b4       0x58 ./Core/Src/main.o
 .text.Error_Handler
                0x08040a0c        0xc ./Core/Src/main.o
                0x08040a0c                Error_Handler
 .text.HAL_MspInit
                0x08040a18       0x48 ./Core/Src/stm32f7xx_hal_msp.o
                0x08040a18                HAL_MspInit
 .text.HAL_CRC_MspInit
                0x08040a60       0x40 ./Core/Src/stm32f7xx_hal_msp.o
                0x08040a60                HAL_CRC_MspInit
 .text.HAL_ETH_MspInit
                0x08040aa0      0x180 ./Core/Src/stm32f7xx_hal_msp.o
                0x08040aa0                HAL_ETH_MspInit
 .text.HAL_RNG_MspInit
                0x08040c20       0x68 ./Core/Src/stm32f7xx_hal_msp.o
                0x08040c20                HAL_RNG_MspInit
 .text.HAL_UART_MspInit
                0x08040c88       0xc0 ./Core/Src/stm32f7xx_hal_msp.o
                0x08040c88                HAL_UART_MspInit
 .text.NMI_Handler
                0x08040d48        0x8 ./Core/Src/stm32f7xx_it.o
                0x08040d48                NMI_Handler
 .text.HardFault_Handler
                0x08040d50        0x8 ./Core/Src/stm32f7xx_it.o
                0x08040d50                HardFault_Handler
 .text.MemManage_Handler
                0x08040d58        0x8 ./Core/Src/stm32f7xx_it.o
                0x08040d58                MemManage_Handler
 .text.BusFault_Handler
                0x08040d60        0x8 ./Core/Src/stm32f7xx_it.o
                0x08040d60                BusFault_Handler
 .text.UsageFault_Handler
                0x08040d68        0x8 ./Core/Src/stm32f7xx_it.o
                0x08040d68                UsageFault_Handler
 .text.SVC_Handler
                0x08040d70        0xe ./Core/Src/stm32f7xx_it.o
                0x08040d70                SVC_Handler
 .text.DebugMon_Handler
                0x08040d7e        0xe ./Core/Src/stm32f7xx_it.o
                0x08040d7e                DebugMon_Handler
 .text.PendSV_Handler
                0x08040d8c        0xe ./Core/Src/stm32f7xx_it.o
                0x08040d8c                PendSV_Handler
 .text.SysTick_Handler
                0x08040d9a        0xc ./Core/Src/stm32f7xx_it.o
                0x08040d9a                SysTick_Handler
 *fill*         0x08040da6        0x2 
 .text.ETH_IRQHandler
                0x08040da8       0x14 ./Core/Src/stm32f7xx_it.o
                0x08040da8                ETH_IRQHandler
 .text._read    0x08040dbc       0x3a ./Core/Src/syscalls.o
                0x08040dbc                _read
 .text._write   0x08040df6       0x38 ./Core/Src/syscalls.o
                0x08040df6                _write
 .text._close   0x08040e2e       0x18 ./Core/Src/syscalls.o
                0x08040e2e                _close
 .text._fstat   0x08040e46       0x20 ./Core/Src/syscalls.o
                0x08040e46                _fstat
 .text._isatty  0x08040e66       0x16 ./Core/Src/syscalls.o
                0x08040e66                _isatty
 .text._lseek   0x08040e7c       0x1a ./Core/Src/syscalls.o
                0x08040e7c                _lseek
 *fill*         0x08040e96        0x2 
 .text._sbrk    0x08040e98       0x6c ./Core/Src/sysmem.o
                0x08040e98                _sbrk
 .text.SystemInit
                0x08040f04       0x2c ./Core/Src/system_stm32f7xx.o
                0x08040f04                SystemInit
 .text.Reset_Handler
                0x08040f30       0x50 ./Core/Startup/startup_stm32f767zitx.o
                0x08040f30                Reset_Handler
 .text.Default_Handler
                0x08040f80        0x2 ./Core/Startup/startup_stm32f767zitx.o
                0x08040f80                RTC_Alarm_IRQHandler
                0x08040f80                EXTI2_IRQHandler
                0x08040f80                TIM8_CC_IRQHandler
                0x08040f80                UART8_IRQHandler
                0x08040f80                SPI4_IRQHandler
                0x08040f80                TIM1_CC_IRQHandler
                0x08040f80                DMA2_Stream5_IRQHandler
                0x08040f80                JPEG_IRQHandler
                0x08040f80                DMA1_Stream5_IRQHandler
                0x08040f80                CAN3_RX1_IRQHandler
                0x08040f80                PVD_IRQHandler
                0x08040f80                TAMP_STAMP_IRQHandler
                0x08040f80                CAN2_RX1_IRQHandler
                0x08040f80                EXTI3_IRQHandler
                0x08040f80                TIM8_TRG_COM_TIM14_IRQHandler
                0x08040f80                DFSDM1_FLT1_IRQHandler
                0x08040f80                TIM1_UP_TIM10_IRQHandler
                0x08040f80                TIM8_UP_TIM13_IRQHandler
                0x08040f80                I2C3_ER_IRQHandler
                0x08040f80                DFSDM1_FLT2_IRQHandler
                0x08040f80                EXTI0_IRQHandler
                0x08040f80                I2C2_EV_IRQHandler
                0x08040f80                DMA1_Stream2_IRQHandler
                0x08040f80                CAN1_RX0_IRQHandler
                0x08040f80                FPU_IRQHandler
                0x08040f80                OTG_HS_WKUP_IRQHandler
                0x08040f80                CAN3_SCE_IRQHandler
                0x08040f80                LTDC_ER_IRQHandler
                0x08040f80                CAN2_SCE_IRQHandler
                0x08040f80                DMA2_Stream2_IRQHandler
                0x08040f80                SPI1_IRQHandler
                0x08040f80                TIM6_DAC_IRQHandler
                0x08040f80                TIM1_BRK_TIM9_IRQHandler
                0x08040f80                DCMI_IRQHandler
                0x08040f80                CAN2_RX0_IRQHandler
                0x08040f80                DMA2_Stream3_IRQHandler
                0x08040f80                SAI2_IRQHandler
                0x08040f80                DFSDM1_FLT3_IRQHandler
                0x08040f80                USART6_IRQHandler
                0x08040f80                CAN3_RX0_IRQHandler
                0x08040f80                USART3_IRQHandler
                0x08040f80                CAN1_RX1_IRQHandler
                0x08040f80                UART5_IRQHandler
                0x08040f80                DMA2_Stream0_IRQHandler
                0x08040f80                TIM4_IRQHandler
                0x08040f80                QUADSPI_IRQHandler
                0x08040f80                I2C1_EV_IRQHandler
                0x08040f80                DMA1_Stream6_IRQHandler
                0x08040f80                DMA1_Stream1_IRQHandler
                0x08040f80                UART4_IRQHandler
                0x08040f80                TIM3_IRQHandler
                0x08040f80                RCC_IRQHandler
                0x08040f80                TIM8_BRK_TIM12_IRQHandler
                0x08040f80                Default_Handler
                0x08040f80                CEC_IRQHandler
                0x08040f80                EXTI15_10_IRQHandler
                0x08040f80                ADC_IRQHandler
                0x08040f80                DMA1_Stream7_IRQHandler
                0x08040f80                SPI5_IRQHandler
                0x08040f80                TIM7_IRQHandler
                0x08040f80                SDMMC1_IRQHandler
                0x08040f80                CAN2_TX_IRQHandler
                0x08040f80                TIM5_IRQHandler
                0x08040f80                DMA2_Stream7_IRQHandler
                0x08040f80                I2C3_EV_IRQHandler
                0x08040f80                EXTI9_5_IRQHandler
                0x08040f80                RTC_WKUP_IRQHandler
                0x08040f80                LTDC_IRQHandler
                0x08040f80                ETH_WKUP_IRQHandler
                0x08040f80                SPDIF_RX_IRQHandler
                0x08040f80                SPI2_IRQHandler
                0x08040f80                OTG_HS_EP1_IN_IRQHandler
                0x08040f80                DMA1_Stream0_IRQHandler
                0x08040f80                CAN1_TX_IRQHandler
                0x08040f80                EXTI4_IRQHandler
                0x08040f80                RNG_IRQHandler
                0x08040f80                OTG_HS_EP1_OUT_IRQHandler
                0x08040f80                WWDG_IRQHandler
                0x08040f80                SPI6_IRQHandler
                0x08040f80                MDIOS_IRQHandler
                0x08040f80                I2C4_EV_IRQHandler
                0x08040f80                CAN3_TX_IRQHandler
                0x08040f80                TIM2_IRQHandler
                0x08040f80                OTG_FS_WKUP_IRQHandler
                0x08040f80                TIM1_TRG_COM_TIM11_IRQHandler
                0x08040f80                OTG_HS_IRQHandler
                0x08040f80                DMA2D_IRQHandler
                0x08040f80                EXTI1_IRQHandler
                0x08040f80                SDMMC2_IRQHandler
                0x08040f80                UART7_IRQHandler
                0x08040f80                USART2_IRQHandler
                0x08040f80                DFSDM1_FLT0_IRQHandler
                0x08040f80                I2C2_ER_IRQHandler
                0x08040f80                DMA2_Stream1_IRQHandler
                0x08040f80                CAN1_SCE_IRQHandler
                0x08040f80                FLASH_IRQHandler
                0x08040f80                DMA2_Stream4_IRQHandler
                0x08040f80                USART1_IRQHandler
                0x08040f80                OTG_FS_IRQHandler
                0x08040f80                SPI3_IRQHandler
                0x08040f80                DMA1_Stream4_IRQHandler
                0x08040f80                I2C1_ER_IRQHandler
                0x08040f80                FMC_IRQHandler
                0x08040f80                LPTIM1_IRQHandler
                0x08040f80                I2C4_ER_IRQHandler
                0x08040f80                DMA2_Stream6_IRQHandler
                0x08040f80                SAI1_IRQHandler
                0x08040f80                DMA1_Stream3_IRQHandler
 .text.LAN8742_RegisterBusIO
                0x08040f82       0x64 ./Drivers/BSP/Components/lan8742/lan8742.o
                0x08040f82                LAN8742_RegisterBusIO
 .text.LAN8742_Init
                0x08040fe6       0x9a ./Drivers/BSP/Components/lan8742/lan8742.o
                0x08040fe6                LAN8742_Init
 .text.HAL_Init
                0x08041080       0x1a ./Drivers/STM32F7xx_HAL_Driver/Src/stm32f7xx_hal.o
                0x08041080                HAL_Init
 *fill*         0x0804109a        0x2 
 .text.HAL_InitTick
                0x0804109c       0x60 ./Drivers/STM32F7xx_HAL_Driver/Src/stm32f7xx_hal.o
                0x0804109c                HAL_InitTick
 .text.HAL_IncTick
                0x080410fc       0x28 ./Drivers/STM32F7xx_HAL_Driver/Src/stm32f7xx_hal.o
                0x080410fc                HAL_IncTick
 .text.HAL_GetTick
                0x08041124       0x18 ./Drivers/STM32F7xx_HAL_Driver/Src/stm32f7xx_hal.o
                0x08041124                HAL_GetTick
 .text.HAL_Delay
                0x0804113c       0x48 ./Drivers/STM32F7xx_HAL_Driver/Src/stm32f7xx_hal.o
                0x0804113c                HAL_Delay
 .text.__NVIC_SetPriorityGrouping
                0x08041184       0x48 ./Drivers/STM32F7xx_HAL_Driver/Src/stm32f7xx_hal_cortex.o
 .text.__NVIC_GetPriorityGrouping
                0x080411cc       0x1c ./Drivers/STM32F7xx_HAL_Driver/Src/stm32f7xx_hal_cortex.o
 .text.__NVIC_EnableIRQ
                0x080411e8       0x3c ./Drivers/STM32F7xx_HAL_Driver/Src/stm32f7xx_hal_cortex.o
 .text.__NVIC_SetPriority
                0x08041224       0x54 ./Drivers/STM32F7xx_HAL_Driver/Src/stm32f7xx_hal_cortex.o
 .text.NVIC_EncodePriority
                0x08041278       0x66 ./Drivers/STM32F7xx_HAL_Driver/Src/stm32f7xx_hal_cortex.o
 *fill*         0x080412de        0x2 
 .text.__NVIC_SystemReset
                0x080412e0       0x2c ./Drivers/STM32F7xx_HAL_Driver/Src/stm32f7xx_hal_cortex.o
 .text.SysTick_Config
                0x0804130c       0x44 ./Drivers/STM32F7xx_HAL_Driver/Src/stm32f7xx_hal_cortex.o
 .text.HAL_NVIC_SetPriorityGrouping
                0x08041350       0x16 ./Drivers/STM32F7xx_HAL_Driver/Src/stm32f7xx_hal_cortex.o
                0x08041350                HAL_NVIC_SetPriorityGrouping
 .text.HAL_NVIC_SetPriority
                0x08041366       0x38 ./Drivers/STM32F7xx_HAL_Driver/Src/stm32f7xx_hal_cortex.o
                0x08041366                HAL_NVIC_SetPriority
 .text.HAL_NVIC_EnableIRQ
                0x0804139e       0x1c ./Drivers/STM32F7xx_HAL_Driver/Src/stm32f7xx_hal_cortex.o
                0x0804139e                HAL_NVIC_EnableIRQ
 .text.HAL_NVIC_SystemReset
                0x080413ba        0x8 ./Drivers/STM32F7xx_HAL_Driver/Src/stm32f7xx_hal_cortex.o
                0x080413ba                HAL_NVIC_SystemReset
 .text.HAL_SYSTICK_Config
                0x080413c2       0x18 ./Drivers/STM32F7xx_HAL_Driver/Src/stm32f7xx_hal_cortex.o
                0x080413c2                HAL_SYSTICK_Config
 *fill*         0x080413da        0x2 
 .text.HAL_MPU_Disable
                0x080413dc       0x30 ./Drivers/STM32F7xx_HAL_Driver/Src/stm32f7xx_hal_cortex.o
                0x080413dc                HAL_MPU_Disable
 .text.HAL_MPU_Enable
                0x0804140c       0x40 ./Drivers/STM32F7xx_HAL_Driver/Src/stm32f7xx_hal_cortex.o
                0x0804140c                HAL_MPU_Enable
 .text.HAL_MPU_ConfigRegion
                0x0804144c       0x80 ./Drivers/STM32F7xx_HAL_Driver/Src/stm32f7xx_hal_cortex.o
                0x0804144c                HAL_MPU_ConfigRegion
 .text.HAL_CRC_Init
                0x080414cc       0xc8 ./Drivers/STM32F7xx_HAL_Driver/Src/stm32f7xx_hal_crc.o
                0x080414cc                HAL_CRC_Init
 .text.HAL_CRCEx_Polynomial_Set
                0x08041594      0x11c ./Drivers/STM32F7xx_HAL_Driver/Src/stm32f7xx_hal_crc_ex.o
                0x08041594                HAL_CRCEx_Polynomial_Set
 .text.HAL_ETH_Init
                0x080416b0      0x134 ./Drivers/STM32F7xx_HAL_Driver/Src/stm32f7xx_hal_eth.o
                0x080416b0                HAL_ETH_Init
 .text.HAL_ETH_Start_IT
                0x080417e4       0xe0 ./Drivers/STM32F7xx_HAL_Driver/Src/stm32f7xx_hal_eth.o
                0x080417e4                HAL_ETH_Start_IT
 .text.HAL_ETH_Transmit
                0x080418c4      0x128 ./Drivers/STM32F7xx_HAL_Driver/Src/stm32f7xx_hal_eth.o
                0x080418c4                HAL_ETH_Transmit
 .text.HAL_ETH_ReadData
                0x080419ec      0x17e ./Drivers/STM32F7xx_HAL_Driver/Src/stm32f7xx_hal_eth.o
                0x080419ec                HAL_ETH_ReadData
 *fill*         0x08041b6a        0x2 
 .text.ETH_UpdateDescriptor
                0x08041b6c      0x108 ./Drivers/STM32F7xx_HAL_Driver/Src/stm32f7xx_hal_eth.o
 .text.HAL_ETH_IRQHandler
                0x08041c74      0x164 ./Drivers/STM32F7xx_HAL_Driver/Src/stm32f7xx_hal_eth.o
                0x08041c74                HAL_ETH_IRQHandler
 .text.HAL_ETH_TxCpltCallback
                0x08041dd8       0x14 ./Drivers/STM32F7xx_HAL_Driver/Src/stm32f7xx_hal_eth.o
                0x08041dd8                HAL_ETH_TxCpltCallback
 .text.HAL_ETH_ErrorCallback
                0x08041dec       0x14 ./Drivers/STM32F7xx_HAL_Driver/Src/stm32f7xx_hal_eth.o
                0x08041dec                HAL_ETH_ErrorCallback
 .text.HAL_ETH_PMTCallback
                0x08041e00       0x14 ./Drivers/STM32F7xx_HAL_Driver/Src/stm32f7xx_hal_eth.o
                0x08041e00                HAL_ETH_PMTCallback
 .text.HAL_ETH_WakeUpCallback
                0x08041e14       0x14 ./Drivers/STM32F7xx_HAL_Driver/Src/stm32f7xx_hal_eth.o
                0x08041e14                HAL_ETH_WakeUpCallback
 .text.HAL_ETH_ReadPHYRegister
                0x08041e28       0x96 ./Drivers/STM32F7xx_HAL_Driver/Src/stm32f7xx_hal_eth.o
                0x08041e28                HAL_ETH_ReadPHYRegister
 .text.HAL_ETH_WritePHYRegister
                0x08041ebe       0x92 ./Drivers/STM32F7xx_HAL_Driver/Src/stm32f7xx_hal_eth.o
                0x08041ebe                HAL_ETH_WritePHYRegister
 .text.ETH_FlushTransmitFIFO
                0x08041f50       0x4a ./Drivers/STM32F7xx_HAL_Driver/Src/stm32f7xx_hal_eth.o
 *fill*         0x08041f9a        0x2 
 .text.ETH_SetMACConfig
                0x08041f9c      0x168 ./Drivers/STM32F7xx_HAL_Driver/Src/stm32f7xx_hal_eth.o
 .text.ETH_SetDMAConfig
                0x08042104      0x114 ./Drivers/STM32F7xx_HAL_Driver/Src/stm32f7xx_hal_eth.o
 .text.ETH_MACDMAConfig
                0x08042218       0xea ./Drivers/STM32F7xx_HAL_Driver/Src/stm32f7xx_hal_eth.o
 *fill*         0x08042302        0x2 
 .text.ETH_MACAddressConfig
                0x08042304       0x70 ./Drivers/STM32F7xx_HAL_Driver/Src/stm32f7xx_hal_eth.o
 .text.ETH_DMATxDescListInit
                0x08042374       0xb2 ./Drivers/STM32F7xx_HAL_Driver/Src/stm32f7xx_hal_eth.o
 .text.ETH_DMARxDescListInit
                0x08042426       0xde ./Drivers/STM32F7xx_HAL_Driver/Src/stm32f7xx_hal_eth.o
 .text.ETH_Prepare_Tx_Descriptors
                0x08042504      0x28c ./Drivers/STM32F7xx_HAL_Driver/Src/stm32f7xx_hal_eth.o
 .text.HAL_FLASH_Program
                0x08042790       0xb4 ./Drivers/STM32F7xx_HAL_Driver/Src/stm32f7xx_hal_flash.o
                0x08042790                HAL_FLASH_Program
 .text.HAL_FLASH_Unlock
                0x08042844       0x44 ./Drivers/STM32F7xx_HAL_Driver/Src/stm32f7xx_hal_flash.o
                0x08042844                HAL_FLASH_Unlock
 .text.HAL_FLASH_Lock
                0x08042888       0x20 ./Drivers/STM32F7xx_HAL_Driver/Src/stm32f7xx_hal_flash.o
                0x08042888                HAL_FLASH_Lock
 .text.FLASH_WaitForLastOperation
                0x080428a8       0x80 ./Drivers/STM32F7xx_HAL_Driver/Src/stm32f7xx_hal_flash.o
                0x080428a8                FLASH_WaitForLastOperation
 .text.FLASH_Program_DoubleWord
                0x08042928       0x6c ./Drivers/STM32F7xx_HAL_Driver/Src/stm32f7xx_hal_flash.o
 .text.FLASH_Program_Word
                0x08042994       0x4c ./Drivers/STM32F7xx_HAL_Driver/Src/stm32f7xx_hal_flash.o
 .text.FLASH_Program_HalfWord
                0x080429e0       0x4c ./Drivers/STM32F7xx_HAL_Driver/Src/stm32f7xx_hal_flash.o
 .text.FLASH_Program_Byte
                0x08042a2c       0x48 ./Drivers/STM32F7xx_HAL_Driver/Src/stm32f7xx_hal_flash.o
 .text.FLASH_SetErrorCode
                0x08042a74       0x94 ./Drivers/STM32F7xx_HAL_Driver/Src/stm32f7xx_hal_flash.o
 .text.HAL_FLASHEx_Erase
                0x08042b08       0xdc ./Drivers/STM32F7xx_HAL_Driver/Src/stm32f7xx_hal_flash_ex.o
                0x08042b08                HAL_FLASHEx_Erase
 .text.FLASH_MassErase
                0x08042be4       0x78 ./Drivers/STM32F7xx_HAL_Driver/Src/stm32f7xx_hal_flash_ex.o
 .text.FLASH_Erase_Sector
                0x08042c5c       0xa4 ./Drivers/STM32F7xx_HAL_Driver/Src/stm32f7xx_hal_flash_ex.o
                0x08042c5c                FLASH_Erase_Sector
 .text.HAL_GPIO_Init
                0x08042d00      0x358 ./Drivers/STM32F7xx_HAL_Driver/Src/stm32f7xx_hal_gpio.o
                0x08042d00                HAL_GPIO_Init
 .text.HAL_GPIO_WritePin
                0x08043058       0x32 ./Drivers/STM32F7xx_HAL_Driver/Src/stm32f7xx_hal_gpio.o
                0x08043058                HAL_GPIO_WritePin
 .text.HAL_GPIO_TogglePin
                0x0804308a       0x34 ./Drivers/STM32F7xx_HAL_Driver/Src/stm32f7xx_hal_gpio.o
                0x0804308a                HAL_GPIO_TogglePin
 *fill*         0x080430be        0x2 
 .text.HAL_PWREx_EnableOverDrive
                0x080430c0       0xa0 ./Drivers/STM32F7xx_HAL_Driver/Src/stm32f7xx_hal_pwr_ex.o
                0x080430c0                HAL_PWREx_EnableOverDrive
 .text.HAL_RCC_OscConfig
                0x08043160      0x55c ./Drivers/STM32F7xx_HAL_Driver/Src/stm32f7xx_hal_rcc.o
                0x08043160                HAL_RCC_OscConfig
 .text.HAL_RCC_ClockConfig
                0x080436bc      0x1d8 ./Drivers/STM32F7xx_HAL_Driver/Src/stm32f7xx_hal_rcc.o
                0x080436bc                HAL_RCC_ClockConfig
 .text.HAL_RCC_GetSysClockFreq
                0x08043894      0x18c ./Drivers/STM32F7xx_HAL_Driver/Src/stm32f7xx_hal_rcc.o
                0x08043894                HAL_RCC_GetSysClockFreq
 .text.HAL_RCC_GetHCLKFreq
                0x08043a20       0x18 ./Drivers/STM32F7xx_HAL_Driver/Src/stm32f7xx_hal_rcc.o
                0x08043a20                HAL_RCC_GetHCLKFreq
 .text.HAL_RCC_GetPCLK1Freq
                0x08043a38       0x28 ./Drivers/STM32F7xx_HAL_Driver/Src/stm32f7xx_hal_rcc.o
                0x08043a38                HAL_RCC_GetPCLK1Freq
 .text.HAL_RCC_GetPCLK2Freq
                0x08043a60       0x28 ./Drivers/STM32F7xx_HAL_Driver/Src/stm32f7xx_hal_rcc.o
                0x08043a60                HAL_RCC_GetPCLK2Freq
 .text.HAL_RCCEx_PeriphCLKConfig
                0x08043a88      0x850 ./Drivers/STM32F7xx_HAL_Driver/Src/stm32f7xx_hal_rcc_ex.o
                0x08043a88                HAL_RCCEx_PeriphCLKConfig
 .text.HAL_RNG_Init
                0x080442d8       0x54 ./Drivers/STM32F7xx_HAL_Driver/Src/stm32f7xx_hal_rng.o
                0x080442d8                HAL_RNG_Init
 .text.HAL_RNG_GenerateRandomNumber
                0x0804432c       0xac ./Drivers/STM32F7xx_HAL_Driver/Src/stm32f7xx_hal_rng.o
                0x0804432c                HAL_RNG_GenerateRandomNumber
 .text.HAL_UART_Init
                0x080443d8       0x9c ./Drivers/STM32F7xx_HAL_Driver/Src/stm32f7xx_hal_uart.o
                0x080443d8                HAL_UART_Init
 .text.HAL_UART_Transmit
                0x08044474      0x112 ./Drivers/STM32F7xx_HAL_Driver/Src/stm32f7xx_hal_uart.o
                0x08044474                HAL_UART_Transmit
 *fill*         0x08044586        0x2 
 .text.UART_SetConfig
                0x08044588      0x4c8 ./Drivers/STM32F7xx_HAL_Driver/Src/stm32f7xx_hal_uart.o
                0x08044588                UART_SetConfig
 .text.UART_AdvFeatureConfig
                0x08044a50      0x144 ./Drivers/STM32F7xx_HAL_Driver/Src/stm32f7xx_hal_uart.o
                0x08044a50                UART_AdvFeatureConfig
 .text.UART_CheckIdleState
                0x08044b94      0x150 ./Drivers/STM32F7xx_HAL_Driver/Src/stm32f7xx_hal_uart.o
                0x08044b94                UART_CheckIdleState
 .text.UART_WaitOnFlagUntilTimeout
                0x08044ce4       0xda ./Drivers/STM32F7xx_HAL_Driver/Src/stm32f7xx_hal_uart.o
                0x08044ce4                UART_WaitOnFlagUntilTimeout
 .text.UART_EndRxTransfer
                0x08044dbe       0xc8 ./Drivers/STM32F7xx_HAL_Driver/Src/stm32f7xx_hal_uart.o
 *fill*         0x08044e86        0x2 
 .text.SCB_InvalidateDCache_by_Addr
                0x08044e88       0x58 ./Support/eth_support.o
 .text.SCB_CleanDCache_by_Addr
                0x08044ee0       0x58 ./Support/eth_support.o
 .text.ETH_PHY_IO_Init
                0x08044f38       0x10 ./Support/eth_support.o
 .text.ETH_PHY_IO_DeInit
                0x08044f48       0x10 ./Support/eth_support.o
 .text.ETH_PHY_IO_GetTick
                0x08044f58        0xe ./Support/eth_support.o
 *fill*         0x08044f66        0x2 
 .text.ETH_PHY_IO_WriteReg
                0x08044f68       0x34 ./Support/eth_support.o
 .text.ETH_PHY_IO_ReadReg
                0x08044f9c       0x34 ./Support/eth_support.o
 .text.LAN8742_init
                0x08044fd0       0x30 ./Support/eth_support.o
                0x08044fd0                LAN8742_init
 .text.HAL_ETH_RxAllocateCallback
                0x08045000       0x4c ./Support/eth_support.o
                0x08045000                HAL_ETH_RxAllocateCallback
 .text.HAL_ETH_RxLinkCallback
                0x0804504c       0x60 ./Support/eth_support.o
                0x0804504c                HAL_ETH_RxLinkCallback
 .text.HAL_ETH_RxCpltCallback
                0x080450ac       0xe0 ./Support/eth_support.o
                0x080450ac                HAL_ETH_RxCpltCallback
 .text.write_cfg_to_flash
                0x0804518c       0xf0 ./Support/eth_support.o
                0x0804518c                write_cfg_to_flash
 .text.eth_transmit_raw
                0x0804527c       0x6c ./Support/eth_support.o
                0x0804527c                eth_transmit_raw
 .text.ota_build_frame
                0x080452e8       0x68 ./Support/eth_support.o
 .text.HASH_compute_verify
                0x08045350       0xf0 ./Support/hash_file.o
                0x08045350                HASH_compute_verify
 .text.OTA_RESET
                0x08045440       0x6c ./Support/hash_file.o
                0x08045440                OTA_RESET
 .text.sha256_Init
                0x080454ac       0x78 ./Support/hash_file.o
                0x080454ac                sha256_Init
 .text.sha256_Transform
                0x08045524      0x414 ./Support/hash_file.o
                0x08045524                sha256_Transform
 .text.sha256_Update
                0x08045938       0xec ./Support/hash_file.o
                0x08045938                sha256_Update
 .text.sha256_Final
                0x08045a24      0x138 ./Support/hash_file.o
                0x08045a24                sha256_Final
 .text.hmac_sha256
                0x08045b5c      0x1a8 ./Support/hash_file.o
                0x08045b5c                hmac_sha256
 .text.std      0x08045d04       0x6c C:/ST/STM32CubeIDE_1.19.0/STM32CubeIDE/plugins/com.st.stm32cube.ide.mcu.externaltools.gnu-tools-for-stm32.13.3.rel1.win32_1.0.0.202411081344/tools/bin/../lib/gcc/arm-none-eabi/13.3.1/../../../../arm-none-eabi/lib/thumb/v7e-m+dp/hard\libc_nano.a(libc_a-findfp.o)
 .text.stdio_exit_handler
                0x08045d70       0x18 C:/ST/STM32CubeIDE_1.19.0/STM32CubeIDE/plugins/com.st.stm32cube.ide.mcu.externaltools.gnu-tools-for-stm32.13.3.rel1.win32_1.0.0.202411081344/tools/bin/../lib/gcc/arm-none-eabi/13.3.1/../../../../arm-none-eabi/lib/thumb/v7e-m+dp/hard\libc_nano.a(libc_a-findfp.o)
 .text.cleanup_stdio
                0x08045d88       0x40 C:/ST/STM32CubeIDE_1.19.0/STM32CubeIDE/plugins/com.st.stm32cube.ide.mcu.externaltools.gnu-tools-for-stm32.13.3.rel1.win32_1.0.0.202411081344/tools/bin/../lib/gcc/arm-none-eabi/13.3.1/../../../../arm-none-eabi/lib/thumb/v7e-m+dp/hard\libc_nano.a(libc_a-findfp.o)
 .text.global_stdio_init.part.0
                0x08045dc8       0x3c C:/ST/STM32CubeIDE_1.19.0/STM32CubeIDE/plugins/com.st.stm32cube.ide.mcu.externaltools.gnu-tools-for-stm32.13.3.rel1.win32_1.0.0.202411081344/tools/bin/../lib/gcc/arm-none-eabi/13.3.1/../../../../arm-none-eabi/lib/thumb/v7e-m+dp/hard\libc_nano.a(libc_a-findfp.o)
 .text.__sfp_lock_acquire
                0x08045e04        0xc C:/ST/STM32CubeIDE_1.19.0/STM32CubeIDE/plugins/com.st.stm32cube.ide.mcu.externaltools.gnu-tools-for-stm32.13.3.rel1.win32_1.0.0.202411081344/tools/bin/../lib/gcc/arm-none-eabi/13.3.1/../../../../arm-none-eabi/lib/thumb/v7e-m+dp/hard\libc_nano.a(libc_a-findfp.o)
                0x08045e04                __sfp_lock_acquire
 .text.__sfp_lock_release
                0x08045e10        0xc C:/ST/STM32CubeIDE_1.19.0/STM32CubeIDE/plugins/com.st.stm32cube.ide.mcu.externaltools.gnu-tools-for-stm32.13.3.rel1.win32_1.0.0.202411081344/tools/bin/../lib/gcc/arm-none-eabi/13.3.1/../../../../arm-none-eabi/lib/thumb/v7e-m+dp/hard\libc_nano.a(libc_a-findfp.o)
                0x08045e10                __sfp_lock_release
 .text.__sinit  0x08045e1c       0x30 C:/ST/STM32CubeIDE_1.19.0/STM32CubeIDE/plugins/com.st.stm32cube.ide.mcu.externaltools.gnu-tools-for-stm32.13.3.rel1.win32_1.0.0.202411081344/tools/bin/../lib/gcc/arm-none-eabi/13.3.1/../../../../arm-none-eabi/lib/thumb/v7e-m+dp/hard\libc_nano.a(libc_a-findfp.o)
                0x08045e1c                __sinit
 .text._fwalk_sglue
                0x08045e4c       0x3c C:/ST/STM32CubeIDE_1.19.0/STM32CubeIDE/plugins/com.st.stm32cube.ide.mcu.externaltools.gnu-tools-for-stm32.13.3.rel1.win32_1.0.0.202411081344/tools/bin/../lib/gcc/arm-none-eabi/13.3.1/../../../../arm-none-eabi/lib/thumb/v7e-m+dp/hard\libc_nano.a(libc_a-fwalk.o)
                0x08045e4c                _fwalk_sglue
 .text.printf   0x08045e88       0x24 C:/ST/STM32CubeIDE_1.19.0/STM32CubeIDE/plugins/com.st.stm32cube.ide.mcu.externaltools.gnu-tools-for-stm32.13.3.rel1.win32_1.0.0.202411081344/tools/bin/../lib/gcc/arm-none-eabi/13.3.1/../../../../arm-none-eabi/lib/thumb/v7e-m+dp/hard\libc_nano.a(libc_a-printf.o)
                0x08045e88                iprintf
                0x08045e88                printf
 .text._puts_r  0x08045eac       0xaa C:/ST/STM32CubeIDE_1.19.0/STM32CubeIDE/plugins/com.st.stm32cube.ide.mcu.externaltools.gnu-tools-for-stm32.13.3.rel1.win32_1.0.0.202411081344/tools/bin/../lib/gcc/arm-none-eabi/13.3.1/../../../../arm-none-eabi/lib/thumb/v7e-m+dp/hard\libc_nano.a(libc_a-puts.o)
                0x08045eac                _puts_r
 *fill*         0x08045f56        0x2 
 .text.puts     0x08045f58       0x10 C:/ST/STM32CubeIDE_1.19.0/STM32CubeIDE/plugins/com.st.stm32cube.ide.mcu.externaltools.gnu-tools-for-stm32.13.3.rel1.win32_1.0.0.202411081344/tools/bin/../lib/gcc/arm-none-eabi/13.3.1/../../../../arm-none-eabi/lib/thumb/v7e-m+dp/hard\libc_nano.a(libc_a-puts.o)
                0x08045f58                puts
 .text.__sread  0x08045f68       0x22 C:/ST/STM32CubeIDE_1.19.0/STM32CubeIDE/plugins/com.st.stm32cube.ide.mcu.externaltools.gnu-tools-for-stm32.13.3.rel1.win32_1.0.0.202411081344/tools/bin/../lib/gcc/arm-none-eabi/13.3.1/../../../../arm-none-eabi/lib/thumb/v7e-m+dp/hard\libc_nano.a(libc_a-stdio.o)
                0x08045f68                __sread
 .text.__swrite
                0x08045f8a       0x38 C:/ST/STM32CubeIDE_1.19.0/STM32CubeIDE/plugins/com.st.stm32cube.ide.mcu.externaltools.gnu-tools-for-stm32.13.3.rel1.win32_1.0.0.202411081344/tools/bin/../lib/gcc/arm-none-eabi/13.3.1/../../../../arm-none-eabi/lib/thumb/v7e-m+dp/hard\libc_nano.a(libc_a-stdio.o)
                0x08045f8a                __swrite
 .text.__sseek  0x08045fc2       0x24 C:/ST/STM32CubeIDE_1.19.0/STM32CubeIDE/plugins/com.st.stm32cube.ide.mcu.externaltools.gnu-tools-for-stm32.13.3.rel1.win32_1.0.0.202411081344/tools/bin/../lib/gcc/arm-none-eabi/13.3.1/../../../../arm-none-eabi/lib/thumb/v7e-m+dp/hard\libc_nano.a(libc_a-stdio.o)
                0x08045fc2                __sseek
 .text.__sclose
                0x08045fe6        0x8 C:/ST/STM32CubeIDE_1.19.0/STM32CubeIDE/plugins/com.st.stm32cube.ide.mcu.externaltools.gnu-tools-for-stm32.13.3.rel1.win32_1.0.0.202411081344/tools/bin/../lib/gcc/arm-none-eabi/13.3.1/../../../../arm-none-eabi/lib/thumb/v7e-m+dp/hard\libc_nano.a(libc_a-stdio.o)
                0x08045fe6                __sclose
 .text.__swbuf_r
                0x08045fee       0x7c C:/ST/STM32CubeIDE_1.19.0/STM32CubeIDE/plugins/com.st.stm32cube.ide.mcu.externaltools.gnu-tools-for-stm32.13.3.rel1.win32_1.0.0.202411081344/tools/bin/../lib/gcc/arm-none-eabi/13.3.1/../../../../arm-none-eabi/lib/thumb/v7e-m+dp/hard\libc_nano.a(libc_a-wbuf.o)
                0x08045fee                __swbuf_r
 *fill*         0x0804606a        0x2 
 .text.__swsetup_r
                0x0804606c       0xac C:/ST/STM32CubeIDE_1.19.0/STM32CubeIDE/plugins/com.st.stm32cube.ide.mcu.externaltools.gnu-tools-for-stm32.13.3.rel1.win32_1.0.0.202411081344/tools/bin/../lib/gcc/arm-none-eabi/13.3.1/../../../../arm-none-eabi/lib/thumb/v7e-m+dp/hard\libc_nano.a(libc_a-wsetup.o)
                0x0804606c                __swsetup_r
 .text.memcmp   0x08046118       0x20 C:/ST/STM32CubeIDE_1.19.0/STM32CubeIDE/plugins/com.st.stm32cube.ide.mcu.externaltools.gnu-tools-for-stm32.13.3.rel1.win32_1.0.0.202411081344/tools/bin/../lib/gcc/arm-none-eabi/13.3.1/../../../../arm-none-eabi/lib/thumb/v7e-m+dp/hard\libc_nano.a(libc_a-memcmp.o)
                0x08046118                memcmp
 .text.memset   0x08046138       0x10 C:/ST/STM32CubeIDE_1.19.0/STM32CubeIDE/plugins/com.st.stm32cube.ide.mcu.externaltools.gnu-tools-for-stm32.13.3.rel1.win32_1.0.0.202411081344/tools/bin/../lib/gcc/arm-none-eabi/13.3.1/../../../../arm-none-eabi/lib/thumb/v7e-m+dp/hard\libc_nano.a(libc_a-memset.o)
                0x08046138                memset
 .text._close_r
                0x08046148       0x20 C:/ST/STM32CubeIDE_1.19.0/STM32CubeIDE/plugins/com.st.stm32cube.ide.mcu.externaltools.gnu-tools-for-stm32.13.3.rel1.win32_1.0.0.202411081344/tools/bin/../lib/gcc/arm-none-eabi/13.3.1/../../../../arm-none-eabi/lib/thumb/v7e-m+dp/hard\libc_nano.a(libc_a-closer.o)
                0x08046148                _close_r
 .text._lseek_r
                0x08046168       0x24 C:/ST/STM32CubeIDE_1.19.0/STM32CubeIDE/plugins/com.st.stm32cube.ide.mcu.externaltools.gnu-tools-for-stm32.13.3.rel1.win32_1.0.0.202411081344/tools/bin/../lib/gcc/arm-none-eabi/13.3.1/../../../../arm-none-eabi/lib/thumb/v7e-m+dp/hard\libc_nano.a(libc_a-lseekr.o)
                0x08046168                _lseek_r
 .text._read_r  0x0804618c       0x24 C:/ST/STM32CubeIDE_1.19.0/STM32CubeIDE/plugins/com.st.stm32cube.ide.mcu.externaltools.gnu-tools-for-stm32.13.3.rel1.win32_1.0.0.202411081344/tools/bin/../lib/gcc/arm-none-eabi/13.3.1/../../../../arm-none-eabi/lib/thumb/v7e-m+dp/hard\libc_nano.a(libc_a-readr.o)
                0x0804618c                _read_r
 .text._write_r
                0x080461b0       0x24 C:/ST/STM32CubeIDE_1.19.0/STM32CubeIDE/plugins/com.st.stm32cube.ide.mcu.externaltools.gnu-tools-for-stm32.13.3.rel1.win32_1.0.0.202411081344/tools/bin/../lib/gcc/arm-none-eabi/13.3.1/../../../../arm-none-eabi/lib/thumb/v7e-m+dp/hard\libc_nano.a(libc_a-writer.o)
                0x080461b0                _write_r
 .text.__errno  0x080461d4        0xc C:/ST/STM32CubeIDE_1.19.0/STM32CubeIDE/plugins/com.st.stm32cube.ide.mcu.externaltools.gnu-tools-for-stm32.13.3.rel1.win32_1.0.0.202411081344/tools/bin/../lib/gcc/arm-none-eabi/13.3.1/../../../../arm-none-eabi/lib/thumb/v7e-m+dp/hard\libc_nano.a(libc_a-errno.o)
                0x080461d4                __errno
 .text.__libc_init_array
                0x080461e0       0x48 C:/ST/STM32CubeIDE_1.19.0/STM32CubeIDE/plugins/com.st.stm32cube.ide.mcu.externaltools.gnu-tools-for-stm32.13.3.rel1.win32_1.0.0.202411081344/tools/bin/../lib/gcc/arm-none-eabi/13.3.1/../../../../arm-none-eabi/lib/thumb/v7e-m+dp/hard\libc_nano.a(libc_a-init.o)
                0x080461e0                __libc_init_array
 .text.__retarget_lock_init_recursive
                0x08046228        0x2 C:/ST/STM32CubeIDE_1.19.0/STM32CubeIDE/plugins/com.st.stm32cube.ide.mcu.externaltools.gnu-tools-for-stm32.13.3.rel1.win32_1.0.0.202411081344/tools/bin/../lib/gcc/arm-none-eabi/13.3.1/../../../../arm-none-eabi/lib/thumb/v7e-m+dp/hard\libc_nano.a(libc_a-lock.o)
                0x08046228                __retarget_lock_init_recursive
 .text.__retarget_lock_acquire_recursive
                0x0804622a        0x2 C:/ST/STM32CubeIDE_1.19.0/STM32CubeIDE/plugins/com.st.stm32cube.ide.mcu.externaltools.gnu-tools-for-stm32.13.3.rel1.win32_1.0.0.202411081344/tools/bin/../lib/gcc/arm-none-eabi/13.3.1/../../../../arm-none-eabi/lib/thumb/v7e-m+dp/hard\libc_nano.a(libc_a-lock.o)
                0x0804622a                __retarget_lock_acquire_recursive
 .text.__retarget_lock_release_recursive
                0x0804622c        0x2 C:/ST/STM32CubeIDE_1.19.0/STM32CubeIDE/plugins/com.st.stm32cube.ide.mcu.externaltools.gnu-tools-for-stm32.13.3.rel1.win32_1.0.0.202411081344/tools/bin/../lib/gcc/arm-none-eabi/13.3.1/../../../../arm-none-eabi/lib/thumb/v7e-m+dp/hard\libc_nano.a(libc_a-lock.o)
                0x0804622c                __retarget_lock_release_recursive
 .text.memcpy   0x0804622e       0x1c C:/ST/STM32CubeIDE_1.19.0/STM32CubeIDE/plugins/com.st.stm32cube.ide.mcu.externaltools.gnu-tools-for-stm32.13.3.rel1.win32_1.0.0.202411081344/tools/bin/../lib/gcc/arm-none-eabi/13.3.1/../../../../arm-none-eabi/lib/thumb/v7e-m+dp/hard\libc_nano.a(libc_a-memcpy-stub.o)
                0x0804622e                memcpy
 *fill*         0x0804624a        0x2 
 .text._free_r  0x0804624c       0x94 C:/ST/STM32CubeIDE_1.19.0/STM32CubeIDE/plugins/com.st.stm32cube.ide.mcu.externaltools.gnu-tools-for-stm32.13.3.rel1.win32_1.0.0.202411081344/tools/bin/../lib/gcc/arm-none-eabi/13.3.1/../../../../arm-none-eabi/lib/thumb/v7e-m+dp/hard\libc_nano.a(libc_a-freer.o)
                0x0804624c                _free_r
 .text.sbrk_aligned
                0x080462e0       0x44 C:/ST/STM32CubeIDE_1.19.0/STM32CubeIDE/plugins/com.st.stm32cube.ide.mcu.externaltools.gnu-tools-for-stm32.13.3.rel1.win32_1.0.0.202411081344/tools/bin/../lib/gcc/arm-none-eabi/13.3.1/../../../../arm-none-eabi/lib/thumb/v7e-m+dp/hard\libc_nano.a(libc_a-mallocr.o)
 .text._malloc_r
                0x08046324      0x100 C:/ST/STM32CubeIDE_1.19.0/STM32CubeIDE/plugins/com.st.stm32cube.ide.mcu.externaltools.gnu-tools-for-stm32.13.3.rel1.win32_1.0.0.202411081344/tools/bin/../lib/gcc/arm-none-eabi/13.3.1/../../../../arm-none-eabi/lib/thumb/v7e-m+dp/hard\libc_nano.a(libc_a-mallocr.o)
                0x08046324                _malloc_r
 .text.__malloc_lock
                0x08046424        0xc C:/ST/STM32CubeIDE_1.19.0/STM32CubeIDE/plugins/com.st.stm32cube.ide.mcu.externaltools.gnu-tools-for-stm32.13.3.rel1.win32_1.0.0.202411081344/tools/bin/../lib/gcc/arm-none-eabi/13.3.1/../../../../arm-none-eabi/lib/thumb/v7e-m+dp/hard\libc_nano.a(libc_a-mlock.o)
                0x08046424                __malloc_lock
 .text.__malloc_unlock
                0x08046430        0xc C:/ST/STM32CubeIDE_1.19.0/STM32CubeIDE/plugins/com.st.stm32cube.ide.mcu.externaltools.gnu-tools-for-stm32.13.3.rel1.win32_1.0.0.202411081344/tools/bin/../lib/gcc/arm-none-eabi/13.3.1/../../../../arm-none-eabi/lib/thumb/v7e-m+dp/hard\libc_nano.a(libc_a-mlock.o)
                0x08046430                __malloc_unlock
 .text.__sfputc_r
                0x0804643c       0x2e C:/ST/STM32CubeIDE_1.19.0/STM32CubeIDE/plugins/com.st.stm32cube.ide.mcu.externaltools.gnu-tools-for-stm32.13.3.rel1.win32_1.0.0.202411081344/tools/bin/../lib/gcc/arm-none-eabi/13.3.1/../../../../arm-none-eabi/lib/thumb/v7e-m+dp/hard\libc_nano.a(libc_a-nano-vfprintf.o)
 .text.__sfputs_r
                0x0804646a       0x24 C:/ST/STM32CubeIDE_1.19.0/STM32CubeIDE/plugins/com.st.stm32cube.ide.mcu.externaltools.gnu-tools-for-stm32.13.3.rel1.win32_1.0.0.202411081344/tools/bin/../lib/gcc/arm-none-eabi/13.3.1/../../../../arm-none-eabi/lib/thumb/v7e-m+dp/hard\libc_nano.a(libc_a-nano-vfprintf.o)
                0x0804646a                __sfputs_r
 *fill*         0x0804648e        0x2 
 .text._vfprintf_r
                0x08046490      0x230 C:/ST/STM32CubeIDE_1.19.0/STM32CubeIDE/plugins/com.st.stm32cube.ide.mcu.externaltools.gnu-tools-for-stm32.13.3.rel1.win32_1.0.0.202411081344/tools/bin/../lib/gcc/arm-none-eabi/13.3.1/../../../../arm-none-eabi/lib/thumb/v7e-m+dp/hard\libc_nano.a(libc_a-nano-vfprintf.o)
                0x08046490                _vfprintf_r
                0x08046490                _vfiprintf_r
 .text._printf_common
                0x080466c0       0xda C:/ST/STM32CubeIDE_1.19.0/STM32CubeIDE/plugins/com.st.stm32cube.ide.mcu.externaltools.gnu-tools-for-stm32.13.3.rel1.win32_1.0.0.202411081344/tools/bin/../lib/gcc/arm-none-eabi/13.3.1/../../../../arm-none-eabi/lib/thumb/v7e-m+dp/hard\libc_nano.a(libc_a-nano-vfprintf_i.o)
                0x080466c0                _printf_common
 *fill*         0x0804679a        0x2 
 .text._printf_i
                0x0804679c      0x23c C:/ST/STM32CubeIDE_1.19.0/STM32CubeIDE/plugins/com.st.stm32cube.ide.mcu.externaltools.gnu-tools-for-stm32.13.3.rel1.win32_1.0.0.202411081344/tools/bin/../lib/gcc/arm-none-eabi/13.3.1/../../../../arm-none-eabi/lib/thumb/v7e-m+dp/hard\libc_nano.a(libc_a-nano-vfprintf_i.o)
                0x0804679c                _printf_i
 .text.__sflush_r
                0x080469d8      0x108 C:/ST/STM32CubeIDE_1.19.0/STM32CubeIDE/plugins/com.st.stm32cube.ide.mcu.externaltools.gnu-tools-for-stm32.13.3.rel1.win32_1.0.0.202411081344/tools/bin/../lib/gcc/arm-none-eabi/13.3.1/../../../../arm-none-eabi/lib/thumb/v7e-m+dp/hard\libc_nano.a(libc_a-fflush.o)
                0x080469d8                __sflush_r
 .text._fflush_r
                0x08046ae0       0x50 C:/ST/STM32CubeIDE_1.19.0/STM32CubeIDE/plugins/com.st.stm32cube.ide.mcu.externaltools.gnu-tools-for-stm32.13.3.rel1.win32_1.0.0.202411081344/tools/bin/../lib/gcc/arm-none-eabi/13.3.1/../../../../arm-none-eabi/lib/thumb/v7e-m+dp/hard\libc_nano.a(libc_a-fflush.o)
                0x08046ae0                _fflush_r
 .text.__swhatbuf_r
                0x08046b30       0x4c C:/ST/STM32CubeIDE_1.19.0/STM32CubeIDE/plugins/com.st.stm32cube.ide.mcu.externaltools.gnu-tools-for-stm32.13.3.rel1.win32_1.0.0.202411081344/tools/bin/../lib/gcc/arm-none-eabi/13.3.1/../../../../arm-none-eabi/lib/thumb/v7e-m+dp/hard\libc_nano.a(libc_a-makebuf.o)
                0x08046b30                __swhatbuf_r
 .text.__smakebuf_r
                0x08046b7c       0x78 C:/ST/STM32CubeIDE_1.19.0/STM32CubeIDE/plugins/com.st.stm32cube.ide.mcu.externaltools.gnu-tools-for-stm32.13.3.rel1.win32_1.0.0.202411081344/tools/bin/../lib/gcc/arm-none-eabi/13.3.1/../../../../arm-none-eabi/lib/thumb/v7e-m+dp/hard\libc_nano.a(libc_a-makebuf.o)
                0x08046b7c                __smakebuf_r
 .text._fstat_r
                0x08046bf4       0x24 C:/ST/STM32CubeIDE_1.19.0/STM32CubeIDE/plugins/com.st.stm32cube.ide.mcu.externaltools.gnu-tools-for-stm32.13.3.rel1.win32_1.0.0.202411081344/tools/bin/../lib/gcc/arm-none-eabi/13.3.1/../../../../arm-none-eabi/lib/thumb/v7e-m+dp/hard\libc_nano.a(libc_a-fstatr.o)
                0x08046bf4                _fstat_r
 .text._isatty_r
                0x08046c18       0x20 C:/ST/STM32CubeIDE_1.19.0/STM32CubeIDE/plugins/com.st.stm32cube.ide.mcu.externaltools.gnu-tools-for-stm32.13.3.rel1.win32_1.0.0.202411081344/tools/bin/../lib/gcc/arm-none-eabi/13.3.1/../../../../arm-none-eabi/lib/thumb/v7e-m+dp/hard\libc_nano.a(libc_a-isattyr.o)
                0x08046c18                _isatty_r
 .text._sbrk_r  0x08046c38       0x20 C:/ST/STM32CubeIDE_1.19.0/STM32CubeIDE/plugins/com.st.stm32cube.ide.mcu.externaltools.gnu-tools-for-stm32.13.3.rel1.win32_1.0.0.202411081344/tools/bin/../lib/gcc/arm-none-eabi/13.3.1/../../../../arm-none-eabi/lib/thumb/v7e-m+dp/hard\libc_nano.a(libc_a-sbrkr.o)
                0x08046c38                _sbrk_r
 *(.glue_7)
 .glue_7        0x08046c58        0x0 linker stubs
 *(.glue_7t)
 .glue_7t       0x08046c58        0x0 linker stubs
 *(.eh_frame)
 .eh_frame      0x08046c58        0x0 C:/ST/STM32CubeIDE_1.19.0/STM32CubeIDE/plugins/com.st.stm32cube.ide.mcu.externaltools.gnu-tools-for-stm32.13.3.rel1.win32_1.0.0.202411081344/tools/bin/../lib/gcc/arm-none-eabi/13.3.1/thumb/v7e-m+dp/hard/crtbegin.o
 *(.init)
 .init          0x08046c58        0x4 C:/ST/STM32CubeIDE_1.19.0/STM32CubeIDE/plugins/com.st.stm32cube.ide.mcu.externaltools.gnu-tools-for-stm32.13.3.rel1.win32_1.0.0.202411081344/tools/bin/../lib/gcc/arm-none-eabi/13.3.1/thumb/v7e-m+dp/hard/crti.o
                0x08046c58                _init
 .init          0x08046c5c        0x8 C:/ST/STM32CubeIDE_1.19.0/STM32CubeIDE/plugins/com.st.stm32cube.ide.mcu.externaltools.gnu-tools-for-stm32.13.3.rel1.win32_1.0.0.202411081344/tools/bin/../lib/gcc/arm-none-eabi/13.3.1/thumb/v7e-m+dp/hard/crtn.o
 *(.fini)
 .fini          0x08046c64        0x4 C:/ST/STM32CubeIDE_1.19.0/STM32CubeIDE/plugins/com.st.stm32cube.ide.mcu.externaltools.gnu-tools-for-stm32.13.3.rel1.win32_1.0.0.202411081344/tools/bin/../lib/gcc/arm-none-eabi/13.3.1/thumb/v7e-m+dp/hard/crti.o
                0x08046c64                _fini
 .fini          0x08046c68        0x8 C:/ST/STM32CubeIDE_1.19.0/STM32CubeIDE/plugins/com.st.stm32cube.ide.mcu.externaltools.gnu-tools-for-stm32.13.3.rel1.win32_1.0.0.202411081344/tools/bin/../lib/gcc/arm-none-eabi/13.3.1/thumb/v7e-m+dp/hard/crtn.o
                0x08046c70                        . = ALIGN (0x4)
                0x08046c70                        _etext = .

.vfp11_veneer   0x08046c70        0x0
 .vfp11_veneer  0x08046c70        0x0 linker stubs

.v4_bx          0x08046c70        0x0
 .v4_bx         0x08046c70        0x0 linker stubs

.iplt           0x08046c70        0x0
 .iplt          0x08046c70        0x0 C:/ST/STM32CubeIDE_1.19.0/STM32CubeIDE/plugins/com.st.stm32cube.ide.mcu.externaltools.gnu-tools-for-stm32.13.3.rel1.win32_1.0.0.202411081344/tools/bin/../lib/gcc/arm-none-eabi/13.3.1/thumb/v7e-m+dp/hard/crtbegin.o

.rodata         0x08046c70      0x264
                0x08046c70                        . = ALIGN (0x4)
 *(.rodata)
 .rodata        0x08046c70       0x32 ./Core/Src/main.o
 *fill*         0x08046ca2        0x2 
 .rodata        0x08046ca4       0x44 ./Support/eth_support.o
 .rodata        0x08046ce8       0x9d ./Support/hash_file.o
 *(.rodata*)
 *fill*         0x08046d85        0x3 
 .rodata.AHBPrescTable
                0x08046d88       0x10 ./Core/Src/system_stm32f7xx.o
                0x08046d88                AHBPrescTable
 .rodata.APBPrescTable
                0x08046d98        0x8 ./Core/Src/system_stm32f7xx.o
                0x08046d98                APBPrescTable
 .rodata.K      0x08046da0      0x100 ./Support/hash_file.o
 .rodata._vfprintf_r.str1.1
                0x08046ea0       0x33 C:/ST/STM32CubeIDE_1.19.0/STM32CubeIDE/plugins/com.st.stm32cube.ide.mcu.externaltools.gnu-tools-for-stm32.13.3.rel1.win32_1.0.0.202411081344/tools/bin/../lib/gcc/arm-none-eabi/13.3.1/../../../../arm-none-eabi/lib/thumb/v7e-m+dp/hard\libc_nano.a(libc_a-nano-vfprintf.o)
                                 0x11 (size before relaxing)
 .rodata._printf_i.str1.1
                0x08046ed3       0x22 C:/ST/STM32CubeIDE_1.19.0/STM32CubeIDE/plugins/com.st.stm32cube.ide.mcu.externaltools.gnu-tools-for-stm32.13.3.rel1.win32_1.0.0.202411081344/tools/bin/../lib/gcc/arm-none-eabi/13.3.1/../../../../arm-none-eabi/lib/thumb/v7e-m+dp/hard\libc_nano.a(libc_a-nano-vfprintf_i.o)
                0x08046ef8                        . = ALIGN (0x4)
 *fill*         0x08046ed3        0x1 

.ARM.extab      0x08046ed4        0x0
                0x08046ed4                        . = ALIGN (0x4)
 *(.ARM.extab* .gnu.linkonce.armextab.*)
                0x08046ed4                        . = ALIGN (0x4)

.ARM            0x08046ed4        0x8
                0x08046ed4                        . = ALIGN (0x4)
                0x08046ed4                        __exidx_start = .
 *(.ARM.exidx*)
 .ARM.exidx     0x08046ed4        0x8 C:/ST/STM32CubeIDE_1.19.0/STM32CubeIDE/plugins/com.st.stm32cube.ide.mcu.externaltools.gnu-tools-for-stm32.13.3.rel1.win32_1.0.0.202411081344/tools/bin/../lib/gcc/arm-none-eabi/13.3.1/../../../../arm-none-eabi/lib/thumb/v7e-m+dp/hard\libc_nano.a(libc_a-memchr.o)
 .ARM.exidx     0x08046edc        0x0 C:/ST/STM32CubeIDE_1.19.0/STM32CubeIDE/plugins/com.st.stm32cube.ide.mcu.externaltools.gnu-tools-for-stm32.13.3.rel1.win32_1.0.0.202411081344/tools/bin/../lib/gcc/arm-none-eabi/13.3.1/thumb/v7e-m+dp/hard\libgcc.a(_udivmoddi4.o)
                                  0x8 (size before relaxing)
                0x08046edc                        __exidx_end = .
                0x08046edc                        . = ALIGN (0x4)

.preinit_array  0x08046edc        0x0
                0x08046edc                        . = ALIGN (0x4)
                0x08046edc                        PROVIDE (__preinit_array_start = .)
 *(.preinit_array*)
                0x08046edc                        PROVIDE (__preinit_array_end = .)
                0x08046edc                        . = ALIGN (0x4)

.init_array     0x08046edc        0x4
                0x08046edc                        . = ALIGN (0x4)
                0x08046edc                        PROVIDE (__init_array_start = .)
 *(SORT_BY_NAME(.init_array.*))
 *(.init_array*)
 .init_array    0x08046edc        0x4 C:/ST/STM32CubeIDE_1.19.0/STM32CubeIDE/plugins/com.st.stm32cube.ide.mcu.externaltools.gnu-tools-for-stm32.13.3.rel1.win32_1.0.0.202411081344/tools/bin/../lib/gcc/arm-none-eabi/13.3.1/thumb/v7e-m+dp/hard/crtbegin.o
                0x08046ee0                        PROVIDE (__init_array_end = .)
                0x08046ee0                        . = ALIGN (0x4)

.fini_array     0x08046ee0        0x4
                0x08046ee0                        . = ALIGN (0x4)
                [!provide]                        PROVIDE (__fini_array_start = .)
 *(SORT_BY_NAME(.fini_array.*))
 *(.fini_array*)
 .fini_array    0x08046ee0        0x4 C:/ST/STM32CubeIDE_1.19.0/STM32CubeIDE/plugins/com.st.stm32cube.ide.mcu.externaltools.gnu-tools-for-stm32.13.3.rel1.win32_1.0.0.202411081344/tools/bin/../lib/gcc/arm-none-eabi/13.3.1/thumb/v7e-m+dp/hard/crtbegin.o
                [!provide]                        PROVIDE (__fini_array_end = .)
                0x08046ee4                        . = ALIGN (0x4)
                0x08046ee4                        _sidata = LOADADDR (.data)

.rel.dyn        0x08046ee4        0x0
 .rel.iplt      0x08046ee4        0x0 C:/ST/STM32CubeIDE_1.19.0/STM32CubeIDE/plugins/com.st.stm32cube.ide.mcu.externaltools.gnu-tools-for-stm32.13.3.rel1.win32_1.0.0.202411081344/tools/bin/../lib/gcc/arm-none-eabi/13.3.1/thumb/v7e-m+dp/hard/crtbegin.o

.data           0x20000000       0x7c load address 0x08046ee4
                0x20000000                        . = ALIGN (0x4)
                0x20000000                        _sdata = .
 *(.data)
 *(.data*)
 .data.SystemCoreClock
                0x20000000        0x4 ./Core/Src/system_stm32f7xx.o
                0x20000000                SystemCoreClock
 .data.uwTickPrio
                0x20000004        0x4 ./Drivers/STM32F7xx_HAL_Driver/Src/stm32f7xx_hal.o
                0x20000004                uwTickPrio
 .data.uwTickFreq
                0x20000008        0x1 ./Drivers/STM32F7xx_HAL_Driver/Src/stm32f7xx_hal.o
                0x20000008                uwTickFreq
 *fill*         0x20000009        0x3 
 .data.LAN8742_IOCtx
                0x2000000c       0x14 ./Support/eth_support.o
                0x2000000c                LAN8742_IOCtx
 .data.__sglue  0x20000020        0xc C:/ST/STM32CubeIDE_1.19.0/STM32CubeIDE/plugins/com.st.stm32cube.ide.mcu.externaltools.gnu-tools-for-stm32.13.3.rel1.win32_1.0.0.202411081344/tools/bin/../lib/gcc/arm-none-eabi/13.3.1/../../../../arm-none-eabi/lib/thumb/v7e-m+dp/hard\libc_nano.a(libc_a-findfp.o)
                0x20000020                __sglue
 .data._impure_ptr
                0x2000002c        0x4 C:/ST/STM32CubeIDE_1.19.0/STM32CubeIDE/plugins/com.st.stm32cube.ide.mcu.externaltools.gnu-tools-for-stm32.13.3.rel1.win32_1.0.0.202411081344/tools/bin/../lib/gcc/arm-none-eabi/13.3.1/../../../../arm-none-eabi/lib/thumb/v7e-m+dp/hard\libc_nano.a(libc_a-impure.o)
                0x2000002c                _impure_ptr
 .data._impure_data
                0x20000030       0x4c C:/ST/STM32CubeIDE_1.19.0/STM32CubeIDE/plugins/com.st.stm32cube.ide.mcu.externaltools.gnu-tools-for-stm32.13.3.rel1.win32_1.0.0.202411081344/tools/bin/../lib/gcc/arm-none-eabi/13.3.1/../../../../arm-none-eabi/lib/thumb/v7e-m+dp/hard\libc_nano.a(libc_a-impure.o)
                0x20000030                _impure_data
 *(.RamFunc)
 *(.RamFunc*)
                0x2000007c                        . = ALIGN (0x4)
                0x2000007c                        _edata = .

.igot.plt       0x2000007c        0x0 load address 0x08046f60
 .igot.plt      0x2000007c        0x0 C:/ST/STM32CubeIDE_1.19.0/STM32CubeIDE/plugins/com.st.stm32cube.ide.mcu.externaltools.gnu-tools-for-stm32.13.3.rel1.win32_1.0.0.202411081344/tools/bin/../lib/gcc/arm-none-eabi/13.3.1/thumb/v7e-m+dp/hard/crtbegin.o

.RxDecripSection
                0x2000007c       0xa0 load address 0x08046f60
 .RxDecripSection
                0x2000007c       0xa0 ./Core/Src/main.o
                0x2000007c                DMARxDscrTab

.TxDecripSection
                0x2000011c       0xa0 load address 0x08047000
 .TxDecripSection
                0x2000011c       0xa0 ./Core/Src/main.o
                0x2000011c                DMATxDscrTab
                0x200001bc                        . = ALIGN (0x4)

.bss            0x200001c0     0x1bcc load address 0x080470a0
                0x200001c0                        _sbss = .
                0x200001c0                        __bss_start__ = _sbss
 *(.bss)
 .bss           0x200001c0       0x1c C:/ST/STM32CubeIDE_1.19.0/STM32CubeIDE/plugins/com.st.stm32cube.ide.mcu.externaltools.gnu-tools-for-stm32.13.3.rel1.win32_1.0.0.202411081344/tools/bin/../lib/gcc/arm-none-eabi/13.3.1/thumb/v7e-m+dp/hard/crtbegin.o
 *(.bss*)
 .bss.TxConfig  0x200001dc       0x38 ./Core/Src/main.o
                0x200001dc                TxConfig
 .bss.hcrc      0x20000214       0x24 ./Core/Src/main.o
                0x20000214                hcrc
 .bss.heth      0x20000238       0xb0 ./Core/Src/main.o
                0x20000238                heth
 .bss.hrng      0x200002e8       0x10 ./Core/Src/main.o
                0x200002e8                hrng
 .bss.huart3    0x200002f8       0x88 ./Core/Src/main.o
                0x200002f8                huart3
 .bss.MACAddr.0
                0x20000380        0x6 ./Core/Src/main.o
 *fill*         0x20000386        0x2 
 .bss.__sbrk_heap_end
                0x20000388        0x4 ./Core/Src/sysmem.o
 .bss.uwTick    0x2000038c        0x4 ./Drivers/STM32F7xx_HAL_Driver/Src/stm32f7xx_hal.o
                0x2000038c                uwTick
 .bss.pFlash    0x20000390       0x1c ./Drivers/STM32F7xx_HAL_Driver/Src/stm32f7xx_hal_flash.o
                0x20000390                pFlash
 *fill*         0x200003ac       0x14 
 .bss.rx_pool   0x200003c0     0x17d0 ./Support/eth_support.o
 .bss.rx_pool_idx
                0x20001b90        0x1 ./Support/eth_support.o
 *fill*         0x20001b91        0x3 
 .bss.assembled_buf
                0x20001b94        0x4 ./Support/eth_support.o
                0x20001b94                assembled_buf
 .bss.assembled_len
                0x20001b98        0x2 ./Support/eth_support.o
                0x20001b98                assembled_len
 *fill*         0x20001b9a        0x2 
 .bss.recieved_hash
                0x20001b9c       0x20 ./Support/eth_support.o
                0x20001b9c                recieved_hash
 .bss.tx_frame  0x20001bbc       0x3c ./Support/eth_support.o
                0x20001bbc                tx_frame
 .bss.LAN8742   0x20001bf8       0x20 ./Support/eth_support.o
                0x20001bf8                LAN8742
 .bss.ota_window_started
                0x20001c18        0x1 ./Support/hash_file.o
                0x20001c18                ota_window_started
 .bss.ota_intr_block
                0x20001c19        0x1 ./Support/hash_file.o
                0x20001c19                ota_intr_block
 .bss.ota_process_response
                0x20001c1a        0x1 ./Support/hash_file.o
                0x20001c1a                ota_process_response
 .bss.ota_requested_flag
                0x20001c1b        0x1 ./Support/hash_file.o
                0x20001c1b                ota_requested_flag
 .bss.randomNumber
                0x20001c1c        0x4 ./Support/hash_file.o
 .bss.computed_hash
                0x20001c20       0x20 ./Support/hash_file.o
 .bss.__sf      0x20001c40      0x138 C:/ST/STM32CubeIDE_1.19.0/STM32CubeIDE/plugins/com.st.stm32cube.ide.mcu.externaltools.gnu-tools-for-stm32.13.3.rel1.win32_1.0.0.202411081344/tools/bin/../lib/gcc/arm-none-eabi/13.3.1/../../../../arm-none-eabi/lib/thumb/v7e-m+dp/hard\libc_nano.a(libc_a-findfp.o)
                0x20001c40                __sf
 .bss.__stdio_exit_handler
                0x20001d78        0x4 C:/ST/STM32CubeIDE_1.19.0/STM32CubeIDE/plugins/com.st.stm32cube.ide.mcu.externaltools.gnu-tools-for-stm32.13.3.rel1.win32_1.0.0.202411081344/tools/bin/../lib/gcc/arm-none-eabi/13.3.1/../../../../arm-none-eabi/lib/thumb/v7e-m+dp/hard\libc_nano.a(libc_a-findfp.o)
                0x20001d78                __stdio_exit_handler
 .bss.errno     0x20001d7c        0x4 C:/ST/STM32CubeIDE_1.19.0/STM32CubeIDE/plugins/com.st.stm32cube.ide.mcu.externaltools.gnu-tools-for-stm32.13.3.rel1.win32_1.0.0.202411081344/tools/bin/../lib/gcc/arm-none-eabi/13.3.1/../../../../arm-none-eabi/lib/thumb/v7e-m+dp/hard\libc_nano.a(libc_a-reent.o)
                0x20001d7c                errno
 .bss.__lock___malloc_recursive_mutex
                0x20001d80        0x1 C:/ST/STM32CubeIDE_1.19.0/STM32CubeIDE/plugins/com.st.stm32cube.ide.mcu.externaltools.gnu-tools-for-stm32.13.3.rel1.win32_1.0.0.202411081344/tools/bin/../lib/gcc/arm-none-eabi/13.3.1/../../../../arm-none-eabi/lib/thumb/v7e-m+dp/hard\libc_nano.a(libc_a-lock.o)
                0x20001d80                __lock___malloc_recursive_mutex
 .bss.__lock___sfp_recursive_mutex
                0x20001d81        0x1 C:/ST/STM32CubeIDE_1.19.0/STM32CubeIDE/plugins/com.st.stm32cube.ide.mcu.externaltools.gnu-tools-for-stm32.13.3.rel1.win32_1.0.0.202411081344/tools/bin/../lib/gcc/arm-none-eabi/13.3.1/../../../../arm-none-eabi/lib/thumb/v7e-m+dp/hard\libc_nano.a(libc_a-lock.o)
                0x20001d81                __lock___sfp_recursive_mutex
 *fill*         0x20001d82        0x2 
 .bss.__malloc_sbrk_start
                0x20001d84        0x4 C:/ST/STM32CubeIDE_1.19.0/STM32CubeIDE/plugins/com.st.stm32cube.ide.mcu.externaltools.gnu-tools-for-stm32.13.3.rel1.win32_1.0.0.202411081344/tools/bin/../lib/gcc/arm-none-eabi/13.3.1/../../../../arm-none-eabi/lib/thumb/v7e-m+dp/hard\libc_nano.a(libc_a-mallocr.o)
                0x20001d84                __malloc_sbrk_start
 .bss.__malloc_free_list
                0x20001d88        0x4 C:/ST/STM32CubeIDE_1.19.0/STM32CubeIDE/plugins/com.st.stm32cube.ide.mcu.externaltools.gnu-tools-for-stm32.13.3.rel1.win32_1.0.0.202411081344/tools/bin/../lib/gcc/arm-none-eabi/13.3.1/../../../../arm-none-eabi/lib/thumb/v7e-m+dp/hard\libc_nano.a(libc_a-mallocr.o)
                0x20001d88                __malloc_free_list
 *(COMMON)
                0x20001d8c                        . = ALIGN (0x4)
                0x20001d8c                        _ebss = .
                0x20001d8c                        __bss_end__ = _ebss

._user_heap_stack
                0x20001d8c      0x604 load address 0x080470a0
                0x20001d90                        . = ALIGN (0x8)
 *fill*         0x20001d8c        0x4 
                [!provide]                        PROVIDE (end = .)
                0x20001d90                        PROVIDE (_end = .)
                0x20001f90                        . = (. + _Min_Heap_Size)
 *fill*         0x20001d90      0x200 
                0x20002390                        . = (. + _Min_Stack_Size)
 *fill*         0x20001f90      0x400 
                0x20002390                        . = ALIGN (0x8)

/DISCARD/
 libc.a(*)
 libm.a(*)
 libgcc.a(*)

.ARM.attributes
                0x00000000       0x2e
 *(.ARM.attributes)
 .ARM.attributes
                0x00000000       0x20 C:/ST/STM32CubeIDE_1.19.0/STM32CubeIDE/plugins/com.st.stm32cube.ide.mcu.externaltools.gnu-tools-for-stm32.13.3.rel1.win32_1.0.0.202411081344/tools/bin/../lib/gcc/arm-none-eabi/13.3.1/thumb/v7e-m+dp/hard/crti.o
 .ARM.attributes
                0x00000020       0x32 C:/ST/STM32CubeIDE_1.19.0/STM32CubeIDE/plugins/com.st.stm32cube.ide.mcu.externaltools.gnu-tools-for-stm32.13.3.rel1.win32_1.0.0.202411081344/tools/bin/../lib/gcc/arm-none-eabi/13.3.1/thumb/v7e-m+dp/hard/crtbegin.o
 .ARM.attributes
                0x00000052       0x32 ./Core/Src/main.o
 .ARM.attributes
                0x00000084       0x32 ./Core/Src/stm32f7xx_hal_msp.o
 .ARM.attributes
                0x000000b6       0x32 ./Core/Src/stm32f7xx_it.o
 .ARM.attributes
                0x000000e8       0x32 ./Core/Src/syscalls.o
 .ARM.attributes
                0x0000011a       0x32 ./Core/Src/sysmem.o
 .ARM.attributes
                0x0000014c       0x32 ./Core/Src/system_stm32f7xx.o
 .ARM.attributes
                0x0000017e       0x21 ./Core/Startup/startup_stm32f767zitx.o
 .ARM.attributes
                0x0000019f       0x32 ./Drivers/BSP/Components/lan8742/lan8742.o
 .ARM.attributes
                0x000001d1       0x32 ./Drivers/STM32F7xx_HAL_Driver/Src/stm32f7xx_hal.o
 .ARM.attributes
                0x00000203       0x32 ./Drivers/STM32F7xx_HAL_Driver/Src/stm32f7xx_hal_cortex.o
 .ARM.attributes
                0x00000235       0x32 ./Drivers/STM32F7xx_HAL_Driver/Src/stm32f7xx_hal_crc.o
 .ARM.attributes
                0x00000267       0x32 ./Drivers/STM32F7xx_HAL_Driver/Src/stm32f7xx_hal_crc_ex.o
 .ARM.attributes
                0x00000299       0x32 ./Drivers/STM32F7xx_HAL_Driver/Src/stm32f7xx_hal_eth.o
 .ARM.attributes
                0x000002cb       0x32 ./Drivers/STM32F7xx_HAL_Driver/Src/stm32f7xx_hal_flash.o
 .ARM.attributes
                0x000002fd       0x32 ./Drivers/STM32F7xx_HAL_Driver/Src/stm32f7xx_hal_flash_ex.o
 .ARM.attributes
                0x0000032f       0x32 ./Drivers/STM32F7xx_HAL_Driver/Src/stm32f7xx_hal_gpio.o
 .ARM.attributes
                0x00000361       0x32 ./Drivers/STM32F7xx_HAL_Driver/Src/stm32f7xx_hal_pwr_ex.o
 .ARM.attributes
                0x00000393       0x32 ./Drivers/STM32F7xx_HAL_Driver/Src/stm32f7xx_hal_rcc.o
 .ARM.attributes
                0x000003c5       0x32 ./Drivers/STM32F7xx_HAL_Driver/Src/stm32f7xx_hal_rcc_ex.o
 .ARM.attributes
                0x000003f7       0x32 ./Drivers/STM32F7xx_HAL_Driver/Src/stm32f7xx_hal_rng.o
 .ARM.attributes
                0x00000429       0x32 ./Drivers/STM32F7xx_HAL_Driver/Src/stm32f7xx_hal_uart.o
 .ARM.attributes
                0x0000045b       0x32 ./Support/eth_support.o
 .ARM.attributes
                0x0000048d       0x32 ./Support/hash_file.o
 .ARM.attributes
                0x000004bf       0x32 C:/ST/STM32CubeIDE_1.19.0/STM32CubeIDE/plugins/com.st.stm32cube.ide.mcu.externaltools.gnu-tools-for-stm32.13.3.rel1.win32_1.0.0.202411081344/tools/bin/../lib/gcc/arm-none-eabi/13.3.1/../../../../arm-none-eabi/lib/thumb/v7e-m+dp/hard\libc_nano.a(libc_a-findfp.o)
 .ARM.attributes
                0x000004f1       0x32 C:/ST/STM32CubeIDE_1.19.0/STM32CubeIDE/plugins/com.st.stm32cube.ide.mcu.externaltools.gnu-tools-for-stm32.13.3.rel1.win32_1.0.0.202411081344/tools/bin/../lib/gcc/arm-none-eabi/13.3.1/../../../../arm-none-eabi/lib/thumb/v7e-m+dp/hard\libc_nano.a(libc_a-fwalk.o)
 .ARM.attributes
                0x00000523       0x32 C:/ST/STM32CubeIDE_1.19.0/STM32CubeIDE/plugins/com.st.stm32cube.ide.mcu.externaltools.gnu-tools-for-stm32.13.3.rel1.win32_1.0.0.202411081344/tools/bin/../lib/gcc/arm-none-eabi/13.3.1/../../../../arm-none-eabi/lib/thumb/v7e-m+dp/hard\libc_nano.a(libc_a-printf.o)
 .ARM.attributes
                0x00000555       0x32 C:/ST/STM32CubeIDE_1.19.0/STM32CubeIDE/plugins/com.st.stm32cube.ide.mcu.externaltools.gnu-tools-for-stm32.13.3.rel1.win32_1.0.0.202411081344/tools/bin/../lib/gcc/arm-none-eabi/13.3.1/../../../../arm-none-eabi/lib/thumb/v7e-m+dp/hard\libc_nano.a(libc_a-puts.o)
 .ARM.attributes
                0x00000587       0x32 C:/ST/STM32CubeIDE_1.19.0/STM32CubeIDE/plugins/com.st.stm32cube.ide.mcu.externaltools.gnu-tools-for-stm32.13.3.rel1.win32_1.0.0.202411081344/tools/bin/../lib/gcc/arm-none-eabi/13.3.1/../../../../arm-none-eabi/lib/thumb/v7e-m+dp/hard\libc_nano.a(libc_a-stdio.o)
 .ARM.attributes
                0x000005b9       0x32 C:/ST/STM32CubeIDE_1.19.0/STM32CubeIDE/plugins/com.st.stm32cube.ide.mcu.externaltools.gnu-tools-for-stm32.13.3.rel1.win32_1.0.0.202411081344/tools/bin/../lib/gcc/arm-none-eabi/13.3.1/../../../../arm-none-eabi/lib/thumb/v7e-m+dp/hard\libc_nano.a(libc_a-wbuf.o)
 .ARM.attributes
                0x000005eb       0x32 C:/ST/STM32CubeIDE_1.19.0/STM32CubeIDE/plugins/com.st.stm32cube.ide.mcu.externaltools.gnu-tools-for-stm32.13.3.rel1.win32_1.0.0.202411081344/tools/bin/../lib/gcc/arm-none-eabi/13.3.1/../../../../arm-none-eabi/lib/thumb/v7e-m+dp/hard\libc_nano.a(libc_a-wsetup.o)
 .ARM.attributes
                0x0000061d       0x32 C:/ST/STM32CubeIDE_1.19.0/STM32CubeIDE/plugins/com.st.stm32cube.ide.mcu.externaltools.gnu-tools-for-stm32.13.3.rel1.win32_1.0.0.202411081344/tools/bin/../lib/gcc/arm-none-eabi/13.3.1/../../../../arm-none-eabi/lib/thumb/v7e-m+dp/hard\libc_nano.a(libc_a-memcmp.o)
 .ARM.attributes
                0x0000064f       0x32 C:/ST/STM32CubeIDE_1.19.0/STM32CubeIDE/plugins/com.st.stm32cube.ide.mcu.externaltools.gnu-tools-for-stm32.13.3.rel1.win32_1.0.0.202411081344/tools/bin/../lib/gcc/arm-none-eabi/13.3.1/../../../../arm-none-eabi/lib/thumb/v7e-m+dp/hard\libc_nano.a(libc_a-memset.o)
 .ARM.attributes
                0x00000681       0x32 C:/ST/STM32CubeIDE_1.19.0/STM32CubeIDE/plugins/com.st.stm32cube.ide.mcu.externaltools.gnu-tools-for-stm32.13.3.rel1.win32_1.0.0.202411081344/tools/bin/../lib/gcc/arm-none-eabi/13.3.1/../../../../arm-none-eabi/lib/thumb/v7e-m+dp/hard\libc_nano.a(libc_a-closer.o)
 .ARM.attributes
                0x000006b3       0x32 C:/ST/STM32CubeIDE_1.19.0/STM32CubeIDE/plugins/com.st.stm32cube.ide.mcu.externaltools.gnu-tools-for-stm32.13.3.rel1.win32_1.0.0.202411081344/tools/bin/../lib/gcc/arm-none-eabi/13.3.1/../../../../arm-none-eabi/lib/thumb/v7e-m+dp/hard\libc_nano.a(libc_a-reent.o)
 .ARM.attributes
                0x000006e5       0x32 C:/ST/STM32CubeIDE_1.19.0/STM32CubeIDE/plugins/com.st.stm32cube.ide.mcu.externaltools.gnu-tools-for-stm32.13.3.rel1.win32_1.0.0.202411081344/tools/bin/../lib/gcc/arm-none-eabi/13.3.1/../../../../arm-none-eabi/lib/thumb/v7e-m+dp/hard\libc_nano.a(libc_a-impure.o)
 .ARM.attributes
                0x00000717       0x32 C:/ST/STM32CubeIDE_1.19.0/STM32CubeIDE/plugins/com.st.stm32cube.ide.mcu.externaltools.gnu-tools-for-stm32.13.3.rel1.win32_1.0.0.202411081344/tools/bin/../lib/gcc/arm-none-eabi/13.3.1/../../../../arm-none-eabi/lib/thumb/v7e-m+dp/hard\libc_nano.a(libc_a-lseekr.o)
 .ARM.attributes
                0x00000749       0x32 C:/ST/STM32CubeIDE_1.19.0/STM32CubeIDE/plugins/com.st.stm32cube.ide.mcu.externaltools.gnu-tools-for-stm32.13.3.rel1.win32_1.0.0.202411081344/tools/bin/../lib/gcc/arm-none-eabi/13.3.1/../../../../arm-none-eabi/lib/thumb/v7e-m+dp/hard\libc_nano.a(libc_a-readr.o)
 .ARM.attributes
                0x0000077b       0x32 C:/ST/STM32CubeIDE_1.19.0/STM32CubeIDE/plugins/com.st.stm32cube.ide.mcu.externaltools.gnu-tools-for-stm32.13.3.rel1.win32_1.0.0.202411081344/tools/bin/../lib/gcc/arm-none-eabi/13.3.1/../../../../arm-none-eabi/lib/thumb/v7e-m+dp/hard\libc_nano.a(libc_a-writer.o)
 .ARM.attributes
                0x000007ad       0x32 C:/ST/STM32CubeIDE_1.19.0/STM32CubeIDE/plugins/com.st.stm32cube.ide.mcu.externaltools.gnu-tools-for-stm32.13.3.rel1.win32_1.0.0.202411081344/tools/bin/../lib/gcc/arm-none-eabi/13.3.1/../../../../arm-none-eabi/lib/thumb/v7e-m+dp/hard\libc_nano.a(libc_a-errno.o)
 .ARM.attributes
                0x000007df       0x32 C:/ST/STM32CubeIDE_1.19.0/STM32CubeIDE/plugins/com.st.stm32cube.ide.mcu.externaltools.gnu-tools-for-stm32.13.3.rel1.win32_1.0.0.202411081344/tools/bin/../lib/gcc/arm-none-eabi/13.3.1/../../../../arm-none-eabi/lib/thumb/v7e-m+dp/hard\libc_nano.a(libc_a-init.o)
 .ARM.attributes
                0x00000811       0x32 C:/ST/STM32CubeIDE_1.19.0/STM32CubeIDE/plugins/com.st.stm32cube.ide.mcu.externaltools.gnu-tools-for-stm32.13.3.rel1.win32_1.0.0.202411081344/tools/bin/../lib/gcc/arm-none-eabi/13.3.1/../../../../arm-none-eabi/lib/thumb/v7e-m+dp/hard\libc_nano.a(libc_a-lock.o)
 .ARM.attributes
                0x00000843       0x32 C:/ST/STM32CubeIDE_1.19.0/STM32CubeIDE/plugins/com.st.stm32cube.ide.mcu.externaltools.gnu-tools-for-stm32.13.3.rel1.win32_1.0.0.202411081344/tools/bin/../lib/gcc/arm-none-eabi/13.3.1/../../../../arm-none-eabi/lib/thumb/v7e-m+dp/hard\libc_nano.a(libc_a-memcpy-stub.o)
 .ARM.attributes
                0x00000875       0x32 C:/ST/STM32CubeIDE_1.19.0/STM32CubeIDE/plugins/com.st.stm32cube.ide.mcu.externaltools.gnu-tools-for-stm32.13.3.rel1.win32_1.0.0.202411081344/tools/bin/../lib/gcc/arm-none-eabi/13.3.1/../../../../arm-none-eabi/lib/thumb/v7e-m+dp/hard\libc_nano.a(libc_a-freer.o)
 .ARM.attributes
                0x000008a7       0x32 C:/ST/STM32CubeIDE_1.19.0/STM32CubeIDE/plugins/com.st.stm32cube.ide.mcu.externaltools.gnu-tools-for-stm32.13.3.rel1.win32_1.0.0.202411081344/tools/bin/../lib/gcc/arm-none-eabi/13.3.1/../../../../arm-none-eabi/lib/thumb/v7e-m+dp/hard\libc_nano.a(libc_a-mallocr.o)
 .ARM.attributes
                0x000008d9       0x32 C:/ST/STM32CubeIDE_1.19.0/STM32CubeIDE/plugins/com.st.stm32cube.ide.mcu.externaltools.gnu-tools-for-stm32.13.3.rel1.win32_1.0.0.202411081344/tools/bin/../lib/gcc/arm-none-eabi/13.3.1/../../../../arm-none-eabi/lib/thumb/v7e-m+dp/hard\libc_nano.a(libc_a-mlock.o)
 .ARM.attributes
                0x0000090b       0x32 C:/ST/STM32CubeIDE_1.19.0/STM32CubeIDE/plugins/com.st.stm32cube.ide.mcu.externaltools.gnu-tools-for-stm32.13.3.rel1.win32_1.0.0.202411081344/tools/bin/../lib/gcc/arm-none-eabi/13.3.1/../../../../arm-none-eabi/lib/thumb/v7e-m+dp/hard\libc_nano.a(libc_a-nano-vfprintf.o)
 .ARM.attributes
                0x0000093d       0x32 C:/ST/STM32CubeIDE_1.19.0/STM32CubeIDE/plugins/com.st.stm32cube.ide.mcu.externaltools.gnu-tools-for-stm32.13.3.rel1.win32_1.0.0.202411081344/tools/bin/../lib/gcc/arm-none-eabi/13.3.1/../../../../arm-none-eabi/lib/thumb/v7e-m+dp/hard\libc_nano.a(libc_a-nano-vfprintf_i.o)
 .ARM.attributes
                0x0000096f       0x32 C:/ST/STM32CubeIDE_1.19.0/STM32CubeIDE/plugins/com.st.stm32cube.ide.mcu.externaltools.gnu-tools-for-stm32.13.3.rel1.win32_1.0.0.202411081344/tools/bin/../lib/gcc/arm-none-eabi/13.3.1/../../../../arm-none-eabi/lib/thumb/v7e-m+dp/hard\libc_nano.a(libc_a-fflush.o)
 .ARM.attributes
                0x000009a1       0x32 C:/ST/STM32CubeIDE_1.19.0/STM32CubeIDE/plugins/com.st.stm32cube.ide.mcu.externaltools.gnu-tools-for-stm32.13.3.rel1.win32_1.0.0.202411081344/tools/bin/../lib/gcc/arm-none-eabi/13.3.1/../../../../arm-none-eabi/lib/thumb/v7e-m+dp/hard\libc_nano.a(libc_a-makebuf.o)
 .ARM.attributes
                0x000009d3       0x32 C:/ST/STM32CubeIDE_1.19.0/STM32CubeIDE/plugins/com.st.stm32cube.ide.mcu.externaltools.gnu-tools-for-stm32.13.3.rel1.win32_1.0.0.202411081344/tools/bin/../lib/gcc/arm-none-eabi/13.3.1/../../../../arm-none-eabi/lib/thumb/v7e-m+dp/hard\libc_nano.a(libc_a-fstatr.o)
 .ARM.attributes
                0x00000a05       0x32 C:/ST/STM32CubeIDE_1.19.0/STM32CubeIDE/plugins/com.st.stm32cube.ide.mcu.externaltools.gnu-tools-for-stm32.13.3.rel1.win32_1.0.0.202411081344/tools/bin/../lib/gcc/arm-none-eabi/13.3.1/../../../../arm-none-eabi/lib/thumb/v7e-m+dp/hard\libc_nano.a(libc_a-isattyr.o)
 .ARM.attributes
                0x00000a37       0x32 C:/ST/STM32CubeIDE_1.19.0/STM32CubeIDE/plugins/com.st.stm32cube.ide.mcu.externaltools.gnu-tools-for-stm32.13.3.rel1.win32_1.0.0.202411081344/tools/bin/../lib/gcc/arm-none-eabi/13.3.1/../../../../arm-none-eabi/lib/thumb/v7e-m+dp/hard\libc_nano.a(libc_a-sbrkr.o)
 .ARM.attributes
                0x00000a69       0x1c C:/ST/STM32CubeIDE_1.19.0/STM32CubeIDE/plugins/com.st.stm32cube.ide.mcu.externaltools.gnu-tools-for-stm32.13.3.rel1.win32_1.0.0.202411081344/tools/bin/../lib/gcc/arm-none-eabi/13.3.1/../../../../arm-none-eabi/lib/thumb/v7e-m+dp/hard\libc_nano.a(libc_a-memchr.o)
 .ARM.attributes
                0x00000a85       0x20 C:/ST/STM32CubeIDE_1.19.0/STM32CubeIDE/plugins/com.st.stm32cube.ide.mcu.externaltools.gnu-tools-for-stm32.13.3.rel1.win32_1.0.0.202411081344/tools/bin/../lib/gcc/arm-none-eabi/13.3.1/thumb/v7e-m+dp/hard\libgcc.a(_aeabi_uldivmod.o)
 .ARM.attributes
                0x00000aa5       0x32 C:/ST/STM32CubeIDE_1.19.0/STM32CubeIDE/plugins/com.st.stm32cube.ide.mcu.externaltools.gnu-tools-for-stm32.13.3.rel1.win32_1.0.0.202411081344/tools/bin/../lib/gcc/arm-none-eabi/13.3.1/thumb/v7e-m+dp/hard\libgcc.a(_udivmoddi4.o)
 .ARM.attributes
                0x00000ad7       0x20 C:/ST/STM32CubeIDE_1.19.0/STM32CubeIDE/plugins/com.st.stm32cube.ide.mcu.externaltools.gnu-tools-for-stm32.13.3.rel1.win32_1.0.0.202411081344/tools/bin/../lib/gcc/arm-none-eabi/13.3.1/thumb/v7e-m+dp/hard\libgcc.a(_dvmd_tls.o)
 .ARM.attributes
                0x00000af7       0x20 C:/ST/STM32CubeIDE_1.19.0/STM32CubeIDE/plugins/com.st.stm32cube.ide.mcu.externaltools.gnu-tools-for-stm32.13.3.rel1.win32_1.0.0.202411081344/tools/bin/../lib/gcc/arm-none-eabi/13.3.1/thumb/v7e-m+dp/hard/crtn.o
OUTPUT(APPLICATION_01.elf elf32-littlearm)
LOAD linker stubs
LOAD C:/ST/STM32CubeIDE_1.19.0/STM32CubeIDE/plugins/com.st.stm32cube.ide.mcu.externaltools.gnu-tools-for-stm32.13.3.rel1.win32_1.0.0.202411081344/tools/bin/../lib/gcc/arm-none-eabi/13.3.1/../../../../arm-none-eabi/lib/thumb/v7e-m+dp/hard\libc.a
LOAD C:/ST/STM32CubeIDE_1.19.0/STM32CubeIDE/plugins/com.st.stm32cube.ide.mcu.externaltools.gnu-tools-for-stm32.13.3.rel1.win32_1.0.0.202411081344/tools/bin/../lib/gcc/arm-none-eabi/13.3.1/../../../../arm-none-eabi/lib/thumb/v7e-m+dp/hard\libm.a
LOAD C:/ST/STM32CubeIDE_1.19.0/STM32CubeIDE/plugins/com.st.stm32cube.ide.mcu.externaltools.gnu-tools-for-stm32.13.3.rel1.win32_1.0.0.202411081344/tools/bin/../lib/gcc/arm-none-eabi/13.3.1/thumb/v7e-m+dp/hard\libgcc.a

.debug_info     0x00000000    0x129f6
 .debug_info    0x00000000     0x1c55 ./Core/Src/main.o
 .debug_info    0x00001c55     0x1c91 ./Core/Src/stm32f7xx_hal_msp.o
 .debug_info    0x000038e6      0x9b3 ./Core/Src/stm32f7xx_it.o
 .debug_info    0x00004299      0x6a3 ./Core/Src/syscalls.o
 .debug_info    0x0000493c      0x168 ./Core/Src/sysmem.o
 .debug_info    0x00004aa4      0x6ed ./Core/Src/system_stm32f7xx.o
 .debug_info    0x00005191       0x30 ./Core/Startup/startup_stm32f767zitx.o
 .debug_info    0x000051c1      0x5e4 ./Drivers/BSP/Components/lan8742/lan8742.o
 .debug_info    0x000057a5      0xa4c ./Drivers/STM32F7xx_HAL_Driver/Src/stm32f7xx_hal.o
 .debug_info    0x000061f1      0xfc0 ./Drivers/STM32F7xx_HAL_Driver/Src/stm32f7xx_hal_cortex.o
 .debug_info    0x000071b1      0x530 ./Drivers/STM32F7xx_HAL_Driver/Src/stm32f7xx_hal_crc.o
 .debug_info    0x000076e1      0x35b ./Drivers/STM32F7xx_HAL_Driver/Src/stm32f7xx_hal_crc_ex.o
 .debug_info    0x00007a3c     0x21b6 ./Drivers/STM32F7xx_HAL_Driver/Src/stm32f7xx_hal_eth.o
 .debug_info    0x00009bf2      0x5a7 ./Drivers/STM32F7xx_HAL_Driver/Src/stm32f7xx_hal_flash.o
 .debug_info    0x0000a199      0x71d ./Drivers/STM32F7xx_HAL_Driver/Src/stm32f7xx_hal_flash_ex.o
 .debug_info    0x0000a8b6      0x6f3 ./Drivers/STM32F7xx_HAL_Driver/Src/stm32f7xx_hal_gpio.o
 .debug_info    0x0000afa9      0x8cd ./Drivers/STM32F7xx_HAL_Driver/Src/stm32f7xx_hal_pwr_ex.o
 .debug_info    0x0000b876      0x94b ./Drivers/STM32F7xx_HAL_Driver/Src/stm32f7xx_hal_rcc.o
 .debug_info    0x0000c1c1      0x6e1 ./Drivers/STM32F7xx_HAL_Driver/Src/stm32f7xx_hal_rcc_ex.o
 .debug_info    0x0000c8a2      0x493 ./Drivers/STM32F7xx_HAL_Driver/Src/stm32f7xx_hal_rng.o
 .debug_info    0x0000cd35     0x3b13 ./Drivers/STM32F7xx_HAL_Driver/Src/stm32f7xx_hal_uart.o
 .debug_info    0x00010848     0x17f4 ./Support/eth_support.o
 .debug_info    0x0001203c      0x9ba ./Support/hash_file.o

.debug_abbrev   0x00000000     0x30d8
 .debug_abbrev  0x00000000      0x37a ./Core/Src/main.o
 .debug_abbrev  0x0000037a      0x2af ./Core/Src/stm32f7xx_hal_msp.o
 .debug_abbrev  0x00000629      0x18a ./Core/Src/stm32f7xx_it.o
 .debug_abbrev  0x000007b3      0x1b6 ./Core/Src/syscalls.o
 .debug_abbrev  0x00000969       0xbc ./Core/Src/sysmem.o
 .debug_abbrev  0x00000a25      0x13b ./Core/Src/system_stm32f7xx.o
 .debug_abbrev  0x00000b60       0x24 ./Core/Startup/startup_stm32f767zitx.o
 .debug_abbrev  0x00000b84      0x14c ./Drivers/BSP/Components/lan8742/lan8742.o
 .debug_abbrev  0x00000cd0      0x213 ./Drivers/STM32F7xx_HAL_Driver/Src/stm32f7xx_hal.o
 .debug_abbrev  0x00000ee3      0x31e ./Drivers/STM32F7xx_HAL_Driver/Src/stm32f7xx_hal_cortex.o
 .debug_abbrev  0x00001201      0x1ee ./Drivers/STM32F7xx_HAL_Driver/Src/stm32f7xx_hal_crc.o
 .debug_abbrev  0x000013ef      0x151 ./Drivers/STM32F7xx_HAL_Driver/Src/stm32f7xx_hal_crc_ex.o
 .debug_abbrev  0x00001540      0x35a ./Drivers/STM32F7xx_HAL_Driver/Src/stm32f7xx_hal_eth.o
 .debug_abbrev  0x0000189a      0x27e ./Drivers/STM32F7xx_HAL_Driver/Src/stm32f7xx_hal_flash.o
 .debug_abbrev  0x00001b18      0x24c ./Drivers/STM32F7xx_HAL_Driver/Src/stm32f7xx_hal_flash_ex.o
 .debug_abbrev  0x00001d64      0x1d4 ./Drivers/STM32F7xx_HAL_Driver/Src/stm32f7xx_hal_gpio.o
 .debug_abbrev  0x00001f38      0x1d5 ./Drivers/STM32F7xx_HAL_Driver/Src/stm32f7xx_hal_pwr_ex.o
 .debug_abbrev  0x0000210d      0x2de ./Drivers/STM32F7xx_HAL_Driver/Src/stm32f7xx_hal_rcc.o
 .debug_abbrev  0x000023eb      0x1c9 ./Drivers/STM32F7xx_HAL_Driver/Src/stm32f7xx_hal_rcc_ex.o
 .debug_abbrev  0x000025b4      0x1c4 ./Drivers/STM32F7xx_HAL_Driver/Src/stm32f7xx_hal_rng.o
 .debug_abbrev  0x00002778      0x2e6 ./Drivers/STM32F7xx_HAL_Driver/Src/stm32f7xx_hal_uart.o
 .debug_abbrev  0x00002a5e      0x3c4 ./Support/eth_support.o
 .debug_abbrev  0x00002e22      0x2b6 ./Support/hash_file.o

.debug_aranges  0x00000000      0xe10
 .debug_aranges
                0x00000000       0x68 ./Core/Src/main.o
 .debug_aranges
                0x00000068       0x60 ./Core/Src/stm32f7xx_hal_msp.o
 .debug_aranges
                0x000000c8       0x68 ./Core/Src/stm32f7xx_it.o
 .debug_aranges
                0x00000130       0xa8 ./Core/Src/syscalls.o
 .debug_aranges
                0x000001d8       0x20 ./Core/Src/sysmem.o
 .debug_aranges
                0x000001f8       0x28 ./Core/Src/system_stm32f7xx.o
 .debug_aranges
                0x00000220       0x28 ./Core/Startup/startup_stm32f767zitx.o
 .debug_aranges
                0x00000248       0x88 ./Drivers/BSP/Components/lan8742/lan8742.o
 .debug_aranges
                0x000002d0      0x110 ./Drivers/STM32F7xx_HAL_Driver/Src/stm32f7xx_hal.o
 .debug_aranges
                0x000003e0      0x128 ./Drivers/STM32F7xx_HAL_Driver/Src/stm32f7xx_hal_cortex.o
 .debug_aranges
                0x00000508       0x60 ./Drivers/STM32F7xx_HAL_Driver/Src/stm32f7xx_hal_crc.o
 .debug_aranges
                0x00000568       0x30 ./Drivers/STM32F7xx_HAL_Driver/Src/stm32f7xx_hal_crc_ex.o
 .debug_aranges
                0x00000598      0x1e8 ./Drivers/STM32F7xx_HAL_Driver/Src/stm32f7xx_hal_eth.o
 .debug_aranges
                0x00000780       0xa0 ./Drivers/STM32F7xx_HAL_Driver/Src/stm32f7xx_hal_flash.o
 .debug_aranges
                0x00000820       0xa0 ./Drivers/STM32F7xx_HAL_Driver/Src/stm32f7xx_hal_flash_ex.o
 .debug_aranges
                0x000008c0       0x58 ./Drivers/STM32F7xx_HAL_Driver/Src/stm32f7xx_hal_gpio.o
 .debug_aranges
                0x00000918       0x80 ./Drivers/STM32F7xx_HAL_Driver/Src/stm32f7xx_hal_pwr_ex.o
 .debug_aranges
                0x00000998       0x88 ./Drivers/STM32F7xx_HAL_Driver/Src/stm32f7xx_hal_rcc.o
 .debug_aranges
                0x00000a20       0x50 ./Drivers/STM32F7xx_HAL_Driver/Src/stm32f7xx_hal_rcc_ex.o
 .debug_aranges
                0x00000a70       0x88 ./Drivers/STM32F7xx_HAL_Driver/Src/stm32f7xx_hal_rng.o
 .debug_aranges
                0x00000af8      0x230 ./Drivers/STM32F7xx_HAL_Driver/Src/stm32f7xx_hal_uart.o
 .debug_aranges
                0x00000d28       0x88 ./Support/eth_support.o
 .debug_aranges
                0x00000db0       0x60 ./Support/hash_file.o

.debug_rnglists
                0x00000000      0xaa7
 .debug_rnglists
                0x00000000       0x4c ./Core/Src/main.o
 .debug_rnglists
                0x0000004c       0x46 ./Core/Src/stm32f7xx_hal_msp.o
 .debug_rnglists
                0x00000092       0x49 ./Core/Src/stm32f7xx_it.o
 .debug_rnglists
                0x000000db       0x79 ./Core/Src/syscalls.o
 .debug_rnglists
                0x00000154       0x13 ./Core/Src/sysmem.o
 .debug_rnglists
                0x00000167       0x1a ./Core/Src/system_stm32f7xx.o
 .debug_rnglists
                0x00000181       0x19 ./Core/Startup/startup_stm32f767zitx.o
 .debug_rnglists
                0x0000019a       0x64 ./Drivers/BSP/Components/lan8742/lan8742.o
 .debug_rnglists
                0x000001fe       0xc7 ./Drivers/STM32F7xx_HAL_Driver/Src/stm32f7xx_hal.o
 .debug_rnglists
                0x000002c5       0xda ./Drivers/STM32F7xx_HAL_Driver/Src/stm32f7xx_hal_cortex.o
 .debug_rnglists
                0x0000039f       0x47 ./Drivers/STM32F7xx_HAL_Driver/Src/stm32f7xx_hal_crc.o
 .debug_rnglists
                0x000003e6       0x20 ./Drivers/STM32F7xx_HAL_Driver/Src/stm32f7xx_hal_crc_ex.o
 .debug_rnglists
                0x00000406      0x183 ./Drivers/STM32F7xx_HAL_Driver/Src/stm32f7xx_hal_eth.o
 .debug_rnglists
                0x00000589       0x78 ./Drivers/STM32F7xx_HAL_Driver/Src/stm32f7xx_hal_flash.o
 .debug_rnglists
                0x00000601       0x77 ./Drivers/STM32F7xx_HAL_Driver/Src/stm32f7xx_hal_flash_ex.o
 .debug_rnglists
                0x00000678       0x3f ./Drivers/STM32F7xx_HAL_Driver/Src/stm32f7xx_hal_gpio.o
 .debug_rnglists
                0x000006b7       0x5f ./Drivers/STM32F7xx_HAL_Driver/Src/stm32f7xx_hal_pwr_ex.o
 .debug_rnglists
                0x00000716       0x67 ./Drivers/STM32F7xx_HAL_Driver/Src/stm32f7xx_hal_rcc.o
 .debug_rnglists
                0x0000077d       0x3c ./Drivers/STM32F7xx_HAL_Driver/Src/stm32f7xx_hal_rcc_ex.o
 .debug_rnglists
                0x000007b9       0x63 ./Drivers/STM32F7xx_HAL_Driver/Src/stm32f7xx_hal_rng.o
 .debug_rnglists
                0x0000081c      0x1e0 ./Drivers/STM32F7xx_HAL_Driver/Src/stm32f7xx_hal_uart.o
 .debug_rnglists
                0x000009fc       0x63 ./Support/eth_support.o
 .debug_rnglists
                0x00000a5f       0x48 ./Support/hash_file.o

.debug_macro    0x00000000    0x2a7e6
 .debug_macro   0x00000000      0x328 ./Core/Src/main.o
 .debug_macro   0x00000328      0xaf0 ./Core/Src/main.o
 .debug_macro   0x00000e18       0x22 ./Core/Src/main.o
 .debug_macro   0x00000e3a       0x22 ./Core/Src/main.o
 .debug_macro   0x00000e5c       0x8e ./Core/Src/main.o
 .debug_macro   0x00000eea       0x51 ./Core/Src/main.o
 .debug_macro   0x00000f3b      0x103 ./Core/Src/main.o
 .debug_macro   0x0000103e       0x6a ./Core/Src/main.o
 .debug_macro   0x000010a8      0x1df ./Core/Src/main.o
 .debug_macro   0x00001287      0x29f ./Core/Src/main.o
 .debug_macro   0x00001526       0x2e ./Core/Src/main.o
 .debug_macro   0x00001554       0x3b ./Core/Src/main.o
 .debug_macro   0x0000158f       0x1c ./Core/Src/main.o
 .debug_macro   0x000015ab       0x22 ./Core/Src/main.o
 .debug_macro   0x000015cd       0xd9 ./Core/Src/main.o
 .debug_macro   0x000016a6     0x12cd ./Core/Src/main.o
 .debug_macro   0x00002973      0x11f ./Core/Src/main.o
 .debug_macro   0x00002a92       0x19 ./Core/Src/main.o
 .debug_macro   0x00002aab    0x1aa23 ./Core/Src/main.o
 .debug_macro   0x0001d4ce       0x6d ./Core/Src/main.o
 .debug_macro   0x0001d53b     0x375e ./Core/Src/main.o
 .debug_macro   0x00020c99      0x190 ./Core/Src/main.o
 .debug_macro   0x00020e29       0x63 ./Core/Src/main.o
 .debug_macro   0x00020e8c     0x1add ./Core/Src/main.o
 .debug_macro   0x00022969      0x6c4 ./Core/Src/main.o
 .debug_macro   0x0002302d      0x18b ./Core/Src/main.o
 .debug_macro   0x000231b8      0x115 ./Core/Src/main.o
 .debug_macro   0x000232cd      0x26e ./Core/Src/main.o
 .debug_macro   0x0002353b       0xa5 ./Core/Src/main.o
 .debug_macro   0x000235e0      0x24f ./Core/Src/main.o
 .debug_macro   0x0002382f       0x71 ./Core/Src/main.o
 .debug_macro   0x000238a0       0x58 ./Core/Src/main.o
 .debug_macro   0x000238f8      0x236 ./Core/Src/main.o
 .debug_macro   0x00023b2e       0xc7 ./Core/Src/main.o
 .debug_macro   0x00023bf5       0x4c ./Core/Src/main.o
 .debug_macro   0x00023c41      0xb99 ./Core/Src/main.o
 .debug_macro   0x000247da      0x14e ./Core/Src/main.o
 .debug_macro   0x00024928      0x3db ./Core/Src/main.o
 .debug_macro   0x00024d03       0x12 ./Core/Src/main.o
 .debug_macro   0x00024d15      0x22c ./Core/Src/main.o
 .debug_macro   0x00024f41       0x61 ./Core/Src/main.o
 .debug_macro   0x00024fa2       0xa5 ./Core/Src/main.o
 .debug_macro   0x00025047      0x12e ./Core/Src/main.o
 .debug_macro   0x00025175      0x108 ./Core/Src/main.o
 .debug_macro   0x0002527d       0x35 ./Core/Src/main.o
 .debug_macro   0x000252b2       0xa4 ./Core/Src/main.o
 .debug_macro   0x00025356      0x5ba ./Core/Src/main.o
 .debug_macro   0x00025910       0x44 ./Core/Src/main.o
 .debug_macro   0x00025954      0x15b ./Core/Src/main.o
 .debug_macro   0x00025aaf       0x34 ./Core/Src/main.o
 .debug_macro   0x00025ae3       0x61 ./Core/Src/main.o
 .debug_macro   0x00025b44       0x29 ./Core/Src/main.o
 .debug_macro   0x00025b6d       0x43 ./Core/Src/main.o
 .debug_macro   0x00025bb0       0x34 ./Core/Src/main.o
 .debug_macro   0x00025be4      0x370 ./Core/Src/main.o
 .debug_macro   0x00025f54       0x16 ./Core/Src/main.o
 .debug_macro   0x00025f6a       0x4a ./Core/Src/main.o
 .debug_macro   0x00025fb4       0x34 ./Core/Src/main.o
 .debug_macro   0x00025fe8       0x10 ./Core/Src/main.o
 .debug_macro   0x00025ff8       0x58 ./Core/Src/main.o
 .debug_macro   0x00026050       0x8e ./Core/Src/main.o
 .debug_macro   0x000260de       0x1c ./Core/Src/main.o
 .debug_macro   0x000260fa      0x185 ./Core/Src/main.o
 .debug_macro   0x0002627f       0x10 ./Core/Src/main.o
 .debug_macro   0x0002628f       0x3c ./Core/Src/main.o
 .debug_macro   0x000262cb       0x20 ./Core/Src/main.o
 .debug_macro   0x000262eb       0x1c ./Core/Src/main.o
 .debug_macro   0x00026307       0x10 ./Core/Src/main.o
 .debug_macro   0x00026317       0x1c ./Core/Src/main.o
 .debug_macro   0x00026333       0x16 ./Core/Src/main.o
 .debug_macro   0x00026349      0x146 ./Core/Src/main.o
 .debug_macro   0x0002648f      0x464 ./Core/Src/main.o
 .debug_macro   0x000268f3      0x201 ./Core/Src/stm32f7xx_hal_msp.o
 .debug_macro   0x00026af4      0x20b ./Core/Src/stm32f7xx_it.o
 .debug_macro   0x00026cff      0x274 ./Core/Src/syscalls.o
 .debug_macro   0x00026f73       0x5b ./Core/Src/syscalls.o
 .debug_macro   0x00026fce       0x94 ./Core/Src/syscalls.o
 .debug_macro   0x00027062       0x57 ./Core/Src/syscalls.o
 .debug_macro   0x000270b9       0x10 ./Core/Src/syscalls.o
 .debug_macro   0x000270c9       0x10 ./Core/Src/syscalls.o
 .debug_macro   0x000270d9       0x10 ./Core/Src/syscalls.o
 .debug_macro   0x000270e9       0x10 ./Core/Src/syscalls.o