Archive member included to satisfy reference by file (symbol)

C:/ST/STM32CubeIDE_1.19.0/STM32CubeIDE/plugins/com.st.stm32cube.ide.mcu.externaltools.gnu-tools-for-stm32.13.3.rel1.win32_1.0.0.202411081344/tools/bin/../lib/gcc/arm-none-eabi/13.3.1/../../../../arm-none-eabi/lib/thumb/v7e-m+dp/hard\libc_nano.a(libc_a-exit.o)
                              C:/ST/STM32CubeIDE_1.19.0/STM32CubeIDE/plugins/com.st.stm32cube.ide.mcu.externaltools.gnu-tools-for-stm32.13.3.rel1.win32_1.0.0.202411081344/tools/bin/../lib/gcc/arm-none-eabi/13.3.1/../../../../arm-none-eabi/lib/thumb/v7e-m+dp/hard/crt0.o (exit)
C:/ST/STM32CubeIDE_1.19.0/STM32CubeIDE/plugins/com.st.stm32cube.ide.mcu.externaltools.gnu-tools-for-stm32.13.3.rel1.win32_1.0.0.202411081344/tools/bin/../lib/gcc/arm-none-eabi/13.3.1/../../../../arm-none-eabi/lib/thumb/v7e-m+dp/hard\libc_nano.a(libc_a-findfp.o)
                              C:/ST/STM32CubeIDE_1.19.0/STM32CubeIDE/plugins/com.st.stm32cube.ide.mcu.externaltools.gnu-tools-for-stm32.13.3.rel1.win32_1.0.0.202411081344/tools/bin/../lib/gcc/arm-none-eabi/13.3.1/../../../../arm-none-eabi/lib/thumb/v7e-m+dp/hard\libc_nano.a(libc_a-exit.o) (__stdio_exit_handler)
C:/ST/STM32CubeIDE_1.19.0/STM32CubeIDE/plugins/com.st.stm32cube.ide.mcu.externaltools.gnu-tools-for-stm32.13.3.rel1.win32_1.0.0.202411081344/tools/bin/../lib/gcc/arm-none-eabi/13.3.1/../../../../arm-none-eabi/lib/thumb/v7e-m+dp/hard\libc_nano.a(libc_a-fwalk.o)
                              C:/ST/STM32CubeIDE_1.19.0/STM32CubeIDE/plugins/com.st.stm32cube.ide.mcu.externaltools.gnu-tools-for-stm32.13.3.rel1.win32_1.0.0.202411081344/tools/bin/../lib/gcc/arm-none-eabi/13.3.1/../../../../arm-none-eabi/lib/thumb/v7e-m+dp/hard\libc_nano.a(libc_a-findfp.o) (_fwalk_sglue)
C:/ST/STM32CubeIDE_1.19.0/STM32CubeIDE/plugins/com.st.stm32cube.ide.mcu.externaltools.gnu-tools-for-stm32.13.3.rel1.win32_1.0.0.202411081344/tools/bin/../lib/gcc/arm-none-eabi/13.3.1/../../../../arm-none-eabi/lib/thumb/v7e-m+dp/hard\libc_nano.a(libc_a-printf.o)
                              ./Core/Src/eth_phy_io.o (printf)
C:/ST/STM32CubeIDE_1.19.0/STM32CubeIDE/plugins/com.st.stm32cube.ide.mcu.externaltools.gnu-tools-for-stm32.13.3.rel1.win32_1.0.0.202411081344/tools/bin/../lib/gcc/arm-none-eabi/13.3.1/../../../../arm-none-eabi/lib/thumb/v7e-m+dp/hard\libc_nano.a(libc_a-puts.o)
                              ./Core/Src/eth_phy_io.o (puts)
C:/ST/STM32CubeIDE_1.19.0/STM32CubeIDE/plugins/com.st.stm32cube.ide.mcu.externaltools.gnu-tools-for-stm32.13.3.rel1.win32_1.0.0.202411081344/tools/bin/../lib/gcc/arm-none-eabi/13.3.1/../../../../arm-none-eabi/lib/thumb/v7e-m+dp/hard\libc_nano.a(libc_a-stdio.o)
                              C:/ST/STM32CubeIDE_1.19.0/STM32CubeIDE/plugins/com.st.stm32cube.ide.mcu.externaltools.gnu-tools-for-stm32.13.3.rel1.win32_1.0.0.202411081344/tools/bin/../lib/gcc/arm-none-eabi/13.3.1/../../../../arm-none-eabi/lib/thumb/v7e-m+dp/hard\libc_nano.a(libc_a-findfp.o) (__sread)
C:/ST/STM32CubeIDE_1.19.0/STM32CubeIDE/plugins/com.st.stm32cube.ide.mcu.externaltools.gnu-tools-for-stm32.13.3.rel1.win32_1.0.0.202411081344/tools/bin/../lib/gcc/arm-none-eabi/13.3.1/../../../../arm-none-eabi/lib/thumb/v7e-m+dp/hard\libc_nano.a(libc_a-wbuf.o)
                              C:/ST/STM32CubeIDE_1.19.0/STM32CubeIDE/plugins/com.st.stm32cube.ide.mcu.externaltools.gnu-tools-for-stm32.13.3.rel1.win32_1.0.0.202411081344/tools/bin/../lib/gcc/arm-none-eabi/13.3.1/../../../../arm-none-eabi/lib/thumb/v7e-m+dp/hard\libc_nano.a(libc_a-puts.o) (__swbuf_r)
C:/ST/STM32CubeIDE_1.19.0/STM32CubeIDE/plugins/com.st.stm32cube.ide.mcu.externaltools.gnu-tools-for-stm32.13.3.rel1.win32_1.0.0.202411081344/tools/bin/../lib/gcc/arm-none-eabi/13.3.1/../../../../arm-none-eabi/lib/thumb/v7e-m+dp/hard\libc_nano.a(libc_a-wsetup.o)
                              C:/ST/STM32CubeIDE_1.19.0/STM32CubeIDE/plugins/com.st.stm32cube.ide.mcu.externaltools.gnu-tools-for-stm32.13.3.rel1.win32_1.0.0.202411081344/tools/bin/../lib/gcc/arm-none-eabi/13.3.1/../../../../arm-none-eabi/lib/thumb/v7e-m+dp/hard\libc_nano.a(libc_a-puts.o) (__swsetup_r)
C:/ST/STM32CubeIDE_1.19.0/STM32CubeIDE/plugins/com.st.stm32cube.ide.mcu.externaltools.gnu-tools-for-stm32.13.3.rel1.win32_1.0.0.202411081344/tools/bin/../lib/gcc/arm-none-eabi/13.3.1/../../../../arm-none-eabi/lib/thumb/v7e-m+dp/hard\libc_nano.a(libc_a-memcmp.o)
                              ./Core/Src/eth_phy_io.o (memcmp)
C:/ST/STM32CubeIDE_1.19.0/STM32CubeIDE/plugins/com.st.stm32cube.ide.mcu.externaltools.gnu-tools-for-stm32.13.3.rel1.win32_1.0.0.202411081344/tools/bin/../lib/gcc/arm-none-eabi/13.3.1/../../../../arm-none-eabi/lib/thumb/v7e-m+dp/hard\libc_nano.a(libc_a-memset.o)
                              C:/ST/STM32CubeIDE_1.19.0/STM32CubeIDE/plugins/com.st.stm32cube.ide.mcu.externaltools.gnu-tools-for-stm32.13.3.rel1.win32_1.0.0.202411081344/tools/bin/../lib/gcc/arm-none-eabi/13.3.1/../../../../arm-none-eabi/lib/thumb/v7e-m+dp/hard/crt0.o (memset)
[...]
Memory Configuration

Name             Origin             Length             Attributes
RAM              0x20000000         0x00080000         xrw
FLASH            0x08040000         0x00080000         xr
*default*        0x00000000         0xffffffff

Linker script and memory map

LOAD C:/ST/STM32CubeIDE_1.19.0/STM32CubeIDE/plugins/com.st.stm32cube.ide.mcu.externaltools.gnu-tools-for-stm32.13.3.rel1.win32_1.0.0.202411081344/tools/bin/../lib/gcc/arm-none-eabi/13.3.1/thumb/v7e-m+dp/hard/crti.o
LOAD C:/ST/STM32CubeIDE_1.19.0/STM32CubeIDE/plugins/com.st.stm32cube.ide.mcu.externaltools.gnu-tools-for-stm32.13.3.rel1.win32_1.0.0.202411081344/tools/bin/../lib/gcc/arm-none-eabi/13.3.1/thumb/v7e-m+dp/hard/crtbegin.o
LOAD C:/ST/STM32CubeIDE_1.19.0/STM32CubeIDE/plugins/com.st.stm32cube.ide.mcu.externaltools.gnu-tools-for-stm32.13.3.rel1.win32_1.0.0.202411081344/tools/bin/../lib/gcc/arm-none-eabi/13.3.1/../../../../arm-none-eabi/lib/thumb/v7e-m+dp/hard/crt0.o
LOAD ./Core/Src/eth_phy_io.o
LOAD ./Core/Src/main.o
LOAD ./Core/Src/stm32f7xx_hal_msp.o
LOAD ./Core/Src/stm32f7xx_it.o
LOAD ./Core/Src/syscalls.o
LOAD ./Core/Src/sysmem.o
LOAD ./Core/Src/system_stm32f7xx.o
LOAD ./Core/Startup/startup_stm32f767zitx.o
LOAD ./Drivers/BSP/Components/lan8742/lan8742.o
LOAD ./Drivers/STM32F7xx_HAL_Driver/Src/stm32f7xx_hal.o
LOAD ./Drivers/STM32F7xx_HAL_Driver/Src/stm32f7xx_hal_cortex.o
LOAD ./Drivers/STM32F7xx_HAL_Driver/Src/stm32f7xx_hal_crc.o
LOAD ./Drivers/STM32F7xx_HAL_Driver/Src/stm32f7xx_hal_crc_ex.o
LOAD ./Drivers/STM32F7xx_HAL_Driver/Src/stm32f7xx_hal_dma.o
LOAD ./Drivers/STM32F7xx_HAL_Driver/Src/stm32f7xx_hal_dma_ex.o
LOAD ./Drivers/STM32F7xx_HAL_Driver/Src/stm32f7xx_hal_eth.o
LOAD ./Drivers/STM32F7xx_HAL_Driver/Src/stm32f7xx_hal_exti.o
LOAD ./Drivers/STM32F7xx_HAL_Driver/Src/stm32f7xx_hal_flash.o
LOAD ./Drivers/STM32F7xx_HAL_Driver/Src/stm32f7xx_hal_flash_ex.o
LOAD ./Drivers/STM32F7xx_HAL_Driver/Src/stm32f7xx_hal_gpio.o
LOAD ./Drivers/STM32F7xx_HAL_Driver/Src/stm32f7xx_hal_i2c.o
LOAD ./Drivers/STM32F7xx_HAL_Driver/Src/stm32f7xx_hal_i2c_ex.o
LOAD ./Drivers/STM32F7xx_HAL_Driver/Src/stm32f7xx_hal_pwr.o
LOAD ./Drivers/STM32F7xx_HAL_Driver/Src/stm32f7xx_hal_pwr_ex.o
LOAD ./Drivers/STM32F7xx_HAL_Driver/Src/stm32f7xx_hal_rcc.o
LOAD ./Drivers/STM32F7xx_HAL_Driver/Src/stm32f7xx_hal_rcc_ex.o
LOAD ./Drivers/STM32F7xx_HAL_Driver/Src/stm32f7xx_hal_uart.o
LOAD ./Drivers/STM32F7xx_HAL_Driver/Src/stm32f7xx_hal_uart_ex.o
START GROUP
LOAD C:/ST/STM32CubeIDE_1.19.0/STM32CubeIDE/plugins/com.st.stm32cube.ide.mcu.externaltools.gnu-tools-for-stm32.13.3.rel1.win32_1.0.0.202411081344/tools/bin/../lib/gcc/arm-none-eabi/13.3.1/../../../../arm-none-eabi/lib/thumb/v7e-m+dp/hard\libc_nano.a
LOAD C:/ST/STM32CubeIDE_1.19.0/STM32CubeIDE/plugins/com.st.stm32cube.ide.mcu.externaltools.gnu-tools-for-stm32.13.3.rel1.win32_1.0.0.202411081344/tools/bin/../lib/gcc/arm-none-eabi/13.3.1/../../../../arm-none-eabi/lib/thumb/v7e-m+dp/hard\libm.a
END GROUP
START GROUP
LOAD C:/ST/STM32CubeIDE_1.19.0/STM32CubeIDE/plugins/com.st.stm32cube.ide.mcu.externaltools.gnu-tools-for-stm32.13.3.rel1.win32_1.0.0.202411081344/tools/bin/../lib/gcc/arm-none-eabi/13.3.1/thumb/v7e-m+dp/hard\libgcc.a
LOAD C:/ST/STM32CubeIDE_1.19.0/STM32CubeIDE/plugins/com.st.stm32cube.ide.mcu.externaltools.gnu-tools-for-stm32.13.3.rel1.win32_1.0.0.202411081344/tools/bin/../lib/gcc/arm-none-eabi/13.3.1/../../../../arm-none-eabi/lib/thumb/v7e-m+dp/hard\libc_nano.a
END GROUP
START GROUP
LOAD C:/ST/STM32CubeIDE_1.19.0/STM32CubeIDE/plugins/com.st.stm32cube.ide.mcu.externaltools.gnu-tools-for-stm32.13.3.rel1.win32_1.0.0.202411081344/tools/bin/../lib/gcc/arm-none-eabi/13.3.1/thumb/v7e-m+dp/hard\libgcc.a
LOAD C:/ST/STM32CubeIDE_1.19.0/STM32CubeIDE/plugins/com.st.stm32cube.ide.mcu.externaltools.gnu-tools-for-stm32.13.3.rel1.win32_1.0.0.202411081344/tools/bin/../lib/gcc/arm-none-eabi/13.3.1/../../../../arm-none-eabi/lib/thumb/v7e-m+dp/hard\libc_nano.a
LOAD C:/ST/STM32CubeIDE_1.19.0/STM32CubeIDE/plugins/com.st.stm32cube.ide.mcu.externaltools.gnu-tools-for-stm32.13.3.rel1.win32_1.0.0.202411081344/tools/bin/../lib/gcc/arm-none-eabi/13.3.1/../../../../arm-none-eabi/lib/thumb/v7e-m+dp/hard\libnosys.a
END GROUP
START GROUP
LOAD C:/ST/STM32CubeIDE_1.19.0/STM32CubeIDE/plugins/com.st.stm32cube.ide.mcu.externaltools.gnu-tools-for-stm32.13.3.rel1.win32_1.0.0.202411081344/tools/bin/../lib/gcc/arm-none-eabi/13.3.1/thumb/v7e-m+dp/hard\libgcc.a
LOAD C:/ST/STM32CubeIDE_1.19.0/STM32CubeIDE/plugins/com.st.stm32cube.ide.mcu.externaltools.gnu-tools-for-stm32.13.3.rel1.win32_1.0.0.202411081344/tools/bin/../lib/gcc/arm-none-eabi/13.3.1/../../../../arm-none-eabi/lib/thumb/v7e-m+dp/hard\libc_nano.a
LOAD C:/ST/STM32CubeIDE_1.19.0/STM32CubeIDE/plugins/com.st.stm32cube.ide.mcu.externaltools.gnu-tools-for-stm32.13.3.rel1.win32_1.0.0.202411081344/tools/bin/../lib/gcc/arm-none-eabi/13.3.1/../../../../arm-none-eabi/lib/thumb/v7e-m+dp/hard\libnosys.a
END GROUP
LOAD C:/ST/STM32CubeIDE_1.19.0/STM32CubeIDE/plugins/com.st.stm32cube.ide.mcu.externaltools.gnu-tools-for-stm32.13.3.rel1.win32_1.0.0.202411081344/tools/bin/../lib/gcc/arm-none-eabi/13.3.1/thumb/v7e-m+dp/hard/crtend.o
LOAD C:/ST/STM32CubeIDE_1.19.0/STM32CubeIDE/plugins/com.st.stm32cube.ide.mcu.externaltools.gnu-tools-for-stm32.13.3.rel1.win32_1.0.0.202411081344/tools/bin/../lib/gcc/arm-none-eabi/13.3.1/thumb/v7e-m+dp/hard/crtn.o
                0x20080000                        _estack = (ORIGIN (RAM) + LENGTH (RAM))
                0x00000200                        _Min_Heap_Size = 0x200
                0x00000400                        _Min_Stack_Size = 0x400

.isr_vector     0x08040000      0x1f8
                0x08040000                        . = ALIGN (0x4)
 *(.isr_vector)
 .isr_vector    0x08040000      0x1f8 ./Core/Startup/startup_stm32f767zitx.o
                0x08040000                g_pfnVectors
                0x080401f8                        . = ALIGN (0x4)

.text           0x08040200     0x5d5c
                0x08040200                        . = ALIGN (0x4)
 *(.text)
 .text          0x08040200       0x40 C:/ST/STM32CubeIDE_1.19.0/STM32CubeIDE/plugins/com.st.stm32cube.ide.mcu.externaltools.gnu-tools-for-stm32.13.3.rel1.win32_1.0.0.202411081344/tools/bin/../lib/gcc/arm-none-eabi/13.3.1/thumb/v7e-m+dp/hard/crtbegin.o
 .text          0x08040240       0xa0 C:/ST/STM32CubeIDE_1.19.0/STM32CubeIDE/plugins/com.st.stm32cube.ide.mcu.externaltools.gnu-tools-for-stm32.13.3.rel1.win32_1.0.0.202411081344/tools/bin/../lib/gcc/arm-none-eabi/13.3.1/../../../../arm-none-eabi/lib/thumb/v7e-m+dp/hard\libc_nano.a(libc_a-memchr.o)
                0x08040240                memchr
 .text          0x080402e0       0x30 C:/ST/STM32CubeIDE_1.19.0/STM32CubeIDE/plugins/com.st.stm32cube.ide.mcu.externaltools.gnu-tools-for-stm32.13.3.rel1.win32_1.0.0.202411081344/tools/bin/../lib/gcc/arm-none-eabi/13.3.1/thumb/v7e-m+dp/hard\libgcc.a(_aeabi_uldivmod.o)
                0x080402e0                __aeabi_uldivmod
 .text          0x08040310      0x2f8 C:/ST/STM32CubeIDE_1.19.0/STM32CubeIDE/plugins/com.st.stm32cube.ide.mcu.externaltools.gnu-tools-for-stm32.13.3.rel1.win32_1.0.0.202411081344/tools/bin/../lib/gcc/arm-none-eabi/13.3.1/thumb/v7e-m+dp/hard\libgcc.a(_udivmoddi4.o)
                0x08040310                __udivmoddi4
 .text          0x08040608        0x4 C:/ST/STM32CubeIDE_1.19.0/STM32CubeIDE/plugins/com.st.stm32cube.ide.mcu.externaltools.gnu-tools-for-stm32.13.3.rel1.win32_1.0.0.202411081344/tools/bin/../lib/gcc/arm-none-eabi/13.3.1/thumb/v7e-m+dp/hard\libgcc.a(_dvmd_tls.o)
                0x08040608                __aeabi_idiv0
                0x08040608                __aeabi_ldiv0
 *(.text*)
 .text.SCB_InvalidateDCache_by_Addr
                0x0804060c       0x58 ./Core/Src/eth_phy_io.o
 .text.ETH_PHY_IO_Init
                0x08040664       0x10 ./Core/Src/eth_phy_io.o
 .text.ETH_PHY_IO_DeInit
                0x08040674       0x10 ./Core/Src/eth_phy_io.o
 .text.ETH_PHY_IO_GetTick
                0x08040684        0xe ./Core/Src/eth_phy_io.o
 *fill*         0x08040692        0x2 
 .text.ETH_PHY_IO_WriteReg
                0x08040694       0x34 ./Core/Src/eth_phy_io.o
 .text.ETH_PHY_IO_ReadReg
                0x080406c8       0x34 ./Core/Src/eth_phy_io.o
 .text.eth_phy_init
                0x080406fc       0x3c ./Core/Src/eth_phy_io.o
                0x080406fc                eth_phy_init
 .text.HAL_ETH_RxAllocateCallback
                0x08040738       0x4c ./Core/Src/eth_phy_io.o
                0x08040738                HAL_ETH_RxAllocateCallback
 .text.HAL_ETH_RxLinkCallback
                0x08040784       0x60 ./Core/Src/eth_phy_io.o
                0x08040784                HAL_ETH_RxLinkCallback
 .text.HAL_ETH_RxCpltCallback
                0x080407e4      0x144 ./Core/Src/eth_phy_io.o
                0x080407e4                HAL_ETH_RxCpltCallback
 .text.write_cfg_to_flash
                0x08040928       0xf0 ./Core/Src/eth_phy_io.o
                0x08040928                write_cfg_to_flash
 .text.OTA_RESET
                0x08040a18       0x6c ./Core/Src/eth_phy_io.o
                0x08040a18                OTA_RESET
 .text.main     0x08040a84       0x7c ./Core/Src/main.o
                0x08040a84                main
 .text.SystemClock_Config
                0x08040b00       0xdc ./Core/Src/main.o
                0x08040b00                SystemClock_Config
 .text.MX_CRC_Init
                0x08040bdc       0x44 ./Core/Src/main.o
 .text.MX_ETH_Init
                0x08040c20       0x9c ./Core/Src/main.o
 .text.MX_USART3_UART_Init
                0x08040cbc       0x60 ./Core/Src/main.o
 .text.MX_GPIO_Init
                0x08040d1c       0xc8 ./Core/Src/main.o
 .text.__io_putchar
                0x08040de4       0x24 ./Core/Src/main.o
                0x08040de4                __io_putchar
 .text.MPU_Config
                0x08040e08       0x58 ./Core/Src/main.o
 .text.Error_Handler
                0x08040e60        0xc ./Core/Src/main.o
                0x08040e60                Error_Handler
 .text.HAL_MspInit
                0x08040e6c       0x48 ./Core/Src/stm32f7xx_hal_msp.o
                0x08040e6c                HAL_MspInit
 .text.HAL_CRC_MspInit
                0x08040eb4       0x40 ./Core/Src/stm32f7xx_hal_msp.o
                0x08040eb4                HAL_CRC_MspInit
 .text.HAL_ETH_MspInit
                0x08040ef4      0x180 ./Core/Src/stm32f7xx_hal_msp.o
                0x08040ef4                HAL_ETH_MspInit
 .text.HAL_UART_MspInit
                0x08041074       0xc0 ./Core/Src/stm32f7xx_hal_msp.o
                0x08041074                HAL_UART_MspInit
 .text.NMI_Handler
                0x08041134        0x8 ./Core/Src/stm32f7xx_it.o
                0x08041134                NMI_Handler
 .text.HardFault_Handler
                0x0804113c        0x8 ./Core/Src/stm32f7xx_it.o
                0x0804113c                HardFault_Handler
 .text.MemManage_Handler
                0x08041144        0x8 ./Core/Src/stm32f7xx_it.o
                0x08041144                MemManage_Handler
 .text.BusFault_Handler
                0x0804114c        0x8 ./Core/Src/stm32f7xx_it.o
                0x0804114c                BusFault_Handler
 .text.UsageFault_Handler
                0x08041154        0x8 ./Core/Src/stm32f7xx_it.o
                0x08041154                UsageFault_Handler
 .text.SVC_Handler
                0x0804115c        0xe ./Core/Src/stm32f7xx_it.o
                0x0804115c                SVC_Handler
 .text.DebugMon_Handler
                0x0804116a        0xe ./Core/Src/stm32f7xx_it.o
                0x0804116a                DebugMon_Handler
 .text.PendSV_Handler
                0x08041178        0xe ./Core/Src/stm32f7xx_it.o
                0x08041178                PendSV_Handler
 .text.SysTick_Handler
                0x08041186        0xc ./Core/Src/stm32f7xx_it.o
                0x08041186                SysTick_Handler
 *fill*         0x08041192        0x2 
 .text.ETH_IRQHandler
                0x08041194       0x14 ./Core/Src/stm32f7xx_it.o
                0x08041194                ETH_IRQHandler
 .text._read    0x080411a8       0x3a ./Core/Src/syscalls.o
                0x080411a8                _read
 .text._write   0x080411e2       0x38 ./Core/Src/syscalls.o
                0x080411e2                _write
 .text._close   0x0804121a       0x18 ./Core/Src/syscalls.o
                0x0804121a                _close
 .text._fstat   0x08041232       0x20 ./Core/Src/syscalls.o
                0x08041232                _fstat
 .text._isatty  0x08041252       0x16 ./Core/Src/syscalls.o
                0x08041252                _isatty
 .text._lseek   0x08041268       0x1a ./Core/Src/syscalls.o
                0x08041268                _lseek
 *fill*         0x08041282        0x2 
 .text._sbrk    0x08041284       0x6c ./Core/Src/sysmem.o
                0x08041284                _sbrk
 .text.SystemInit
                0x080412f0       0x2c ./Core/Src/system_stm32f7xx.o
                0x080412f0                SystemInit
 .text.Reset_Handler
                0x0804131c       0x50 ./Core/Startup/startup_stm32f767zitx.o
                0x0804131c                Reset_Handler
 .text.Default_Handler
                0x0804136c        0x2 ./Core/Startup/startup_stm32f767zitx.o
                0x0804136c                RTC_Alarm_IRQHandler
                0x0804136c                EXTI2_IRQHandler
                0x0804136c                TIM8_CC_IRQHandler
                0x0804136c                UART8_IRQHandler
                0x0804136c                SPI4_IRQHandler
                0x0804136c                TIM1_CC_IRQHandler
                0x0804136c                DMA2_Stream5_IRQHandler
                0x0804136c                JPEG_IRQHandler
                0x0804136c                DMA1_Stream5_IRQHandler
                0x0804136c                CAN3_RX1_IRQHandler
                0x0804136c                PVD_IRQHandler
                0x0804136c                TAMP_STAMP_IRQHandler
                0x0804136c                CAN2_RX1_IRQHandler
                0x0804136c                EXTI3_IRQHandler
                0x0804136c                TIM8_TRG_COM_TIM14_IRQHandler
                0x0804136c                DFSDM1_FLT1_IRQHandler
                0x0804136c                TIM1_UP_TIM10_IRQHandler
                0x0804136c                TIM8_UP_TIM13_IRQHandler
                0x0804136c                I2C3_ER_IRQHandler
                0x0804136c                DFSDM1_FLT2_IRQHandler
                0x0804136c                EXTI0_IRQHandler
                0x0804136c                I2C2_EV_IRQHandler
                0x0804136c                DMA1_Stream2_IRQHandler
                0x0804136c                CAN1_RX0_IRQHandler
                0x0804136c                FPU_IRQHandler
                0x0804136c                OTG_HS_WKUP_IRQHandler
                0x0804136c                CAN3_SCE_IRQHandler
                0x0804136c                LTDC_ER_IRQHandler
                0x0804136c                CAN2_SCE_IRQHandler
                0x0804136c                DMA2_Stream2_IRQHandler
                0x0804136c                SPI1_IRQHandler
                0x0804136c                TIM6_DAC_IRQHandler
                0x0804136c                TIM1_BRK_TIM9_IRQHandler
                0x0804136c                DCMI_IRQHandler
                0x0804136c                CAN2_RX0_IRQHandler
                0x0804136c                DMA2_Stream3_IRQHandler
                0x0804136c                SAI2_IRQHandler
                0x0804136c                DFSDM1_FLT3_IRQHandler
                0x0804136c                USART6_IRQHandler
                0x0804136c                CAN3_RX0_IRQHandler
                0x0804136c                USART3_IRQHandler
                0x0804136c                CAN1_RX1_IRQHandler
                0x0804136c                UART5_IRQHandler
                0x0804136c                DMA2_Stream0_IRQHandler
                0x0804136c                TIM4_IRQHandler
                0x0804136c                QUADSPI_IRQHandler
                0x0804136c                I2C1_EV_IRQHandler
                0x0804136c                DMA1_Stream6_IRQHandler
                0x0804136c                DMA1_Stream1_IRQHandler
                0x0804136c                UART4_IRQHandler
                0x0804136c                TIM3_IRQHandler
                0x0804136c                RCC_IRQHandler
                0x0804136c                TIM8_BRK_TIM12_IRQHandler
                0x0804136c                Default_Handler
                0x0804136c                CEC_IRQHandler
                0x0804136c                EXTI15_10_IRQHandler
                0x0804136c                ADC_IRQHandler
                0x0804136c                DMA1_Stream7_IRQHandler
                0x0804136c                SPI5_IRQHandler
                0x0804136c                TIM7_IRQHandler
                0x0804136c                SDMMC1_IRQHandler
                0x0804136c                CAN2_TX_IRQHandler
                0x0804136c                TIM5_IRQHandler
                0x0804136c                DMA2_Stream7_IRQHandler
                0x0804136c                I2C3_EV_IRQHandler
                0x0804136c                EXTI9_5_IRQHandler
                0x0804136c                RTC_WKUP_IRQHandler
                0x0804136c                LTDC_IRQHandler
                0x0804136c                ETH_WKUP_IRQHandler
                0x0804136c                SPDIF_RX_IRQHandler
                0x0804136c                SPI2_IRQHandler
                0x0804136c                OTG_HS_EP1_IN_IRQHandler
                0x0804136c                DMA1_Stream0_IRQHandler
                0x0804136c                CAN1_TX_IRQHandler
                0x0804136c                EXTI4_IRQHandler
                0x0804136c                RNG_IRQHandler
                0x0804136c                OTG_HS_EP1_OUT_IRQHandler
                0x0804136c                WWDG_IRQHandler
                0x0804136c                SPI6_IRQHandler
                0x0804136c                MDIOS_IRQHandler
                0x0804136c                I2C4_EV_IRQHandler
                0x0804136c                CAN3_TX_IRQHandler
                0x0804136c                TIM2_IRQHandler
                0x0804136c                OTG_FS_WKUP_IRQHandler
                0x0804136c                TIM1_TRG_COM_TIM11_IRQHandler
                0x0804136c                OTG_HS_IRQHandler
                0x0804136c                DMA2D_IRQHandler
                0x0804136c                EXTI1_IRQHandler
                0x0804136c                SDMMC2_IRQHandler
                0x0804136c                UART7_IRQHandler
                0x0804136c                USART2_IRQHandler
                0x0804136c                DFSDM1_FLT0_IRQHandler
                0x0804136c                I2C2_ER_IRQHandler
                0x0804136c                DMA2_Stream1_IRQHandler
                0x0804136c                CAN1_SCE_IRQHandler
                0x0804136c                FLASH_IRQHandler
                0x0804136c                DMA2_Stream4_IRQHandler
                0x0804136c                USART1_IRQHandler
                0x0804136c                OTG_FS_IRQHandler
                0x0804136c                SPI3_IRQHandler
                0x0804136c                DMA1_Stream4_IRQHandler
                0x0804136c                I2C1_ER_IRQHandler
                0x0804136c                FMC_IRQHandler
                0x0804136c                LPTIM1_IRQHandler
                0x0804136c                I2C4_ER_IRQHandler
                0x0804136c                DMA2_Stream6_IRQHandler
                0x0804136c                SAI1_IRQHandler
                0x0804136c                DMA1_Stream3_IRQHandler
 .text.LAN8742_RegisterBusIO
                0x0804136e       0x64 ./Drivers/BSP/Components/lan8742/lan8742.o
                0x0804136e                LAN8742_RegisterBusIO
 .text.LAN8742_Init
                0x080413d2       0x9a ./Drivers/BSP/Components/lan8742/lan8742.o
                0x080413d2                LAN8742_Init
 .text.HAL_Init
                0x0804146c       0x1a ./Drivers/STM32F7xx_HAL_Driver/Src/stm32f7xx_hal.o
                0x0804146c                HAL_Init
 *fill*         0x08041486        0x2 
 .text.HAL_InitTick
                0x08041488       0x60 ./Drivers/STM32F7xx_HAL_Driver/Src/stm32f7xx_hal.o
                0x08041488                HAL_InitTick
 .text.HAL_IncTick
                0x080414e8       0x28 ./Drivers/STM32F7xx_HAL_Driver/Src/stm32f7xx_hal.o
                0x080414e8                HAL_IncTick
 .text.HAL_GetTick
                0x08041510       0x18 ./Drivers/STM32F7xx_HAL_Driver/Src/stm32f7xx_hal.o
                0x08041510                HAL_GetTick
 .text.HAL_Delay
                0x08041528       0x48 ./Drivers/STM32F7xx_HAL_Driver/Src/stm32f7xx_hal.o
                0x08041528                HAL_Delay
 .text.__NVIC_SetPriorityGrouping
                0x08041570       0x48 ./Drivers/STM32F7xx_HAL_Driver/Src/stm32f7xx_hal_cortex.o
 .text.__NVIC_GetPriorityGrouping
                0x080415b8       0x1c ./Drivers/STM32F7xx_HAL_Driver/Src/stm32f7xx_hal_cortex.o
 .text.__NVIC_EnableIRQ
                0x080415d4       0x3c ./Drivers/STM32F7xx_HAL_Driver/Src/stm32f7xx_hal_cortex.o
 .text.__NVIC_SetPriority
                0x08041610       0x54 ./Drivers/STM32F7xx_HAL_Driver/Src/stm32f7xx_hal_cortex.o
 .text.NVIC_EncodePriority
                0x08041664       0x66 ./Drivers/STM32F7xx_HAL_Driver/Src/stm32f7xx_hal_cortex.o
 *fill*         0x080416ca        0x2 
 .text.__NVIC_SystemReset
                0x080416cc       0x2c ./Drivers/STM32F7xx_HAL_Driver/Src/stm32f7xx_hal_cortex.o
 .text.SysTick_Config
                0x080416f8       0x44 ./Drivers/STM32F7xx_HAL_Driver/Src/stm32f7xx_hal_cortex.o
 .text.HAL_NVIC_SetPriorityGrouping
                0x0804173c       0x16 ./Drivers/STM32F7xx_HAL_Driver/Src/stm32f7xx_hal_cortex.o
                0x0804173c                HAL_NVIC_SetPriorityGrouping
 .text.HAL_NVIC_SetPriority
                0x08041752       0x38 ./Drivers/STM32F7xx_HAL_Driver/Src/stm32f7xx_hal_cortex.o
                0x08041752                HAL_NVIC_SetPriority
 .text.HAL_NVIC_EnableIRQ
                0x0804178a       0x1c ./Drivers/STM32F7xx_HAL_Driver/Src/stm32f7xx_hal_cortex.o
                0x0804178a                HAL_NVIC_EnableIRQ
 .text.HAL_NVIC_SystemReset
                0x080417a6        0x8 ./Drivers/STM32F7xx_HAL_Driver/Src/stm32f7xx_hal_cortex.o
                0x080417a6                HAL_NVIC_SystemReset
 .text.HAL_SYSTICK_Config
                0x080417ae       0x18 ./Drivers/STM32F7xx_HAL_Driver/Src/stm32f7xx_hal_cortex.o
                0x080417ae                HAL_SYSTICK_Config
 *fill*         0x080417c6        0x2 
 .text.HAL_MPU_Disable
                0x080417c8       0x30 ./Drivers/STM32F7xx_HAL_Driver/Src/stm32f7xx_hal_cortex.o
                0x080417c8                HAL_MPU_Disable
 .text.HAL_MPU_Enable
                0x080417f8       0x40 ./Drivers/STM32F7xx_HAL_Driver/Src/stm32f7xx_hal_cortex.o
                0x080417f8                HAL_MPU_Enable
 .text.HAL_MPU_ConfigRegion
                0x08041838       0x80 ./Drivers/STM32F7xx_HAL_Driver/Src/stm32f7xx_hal_cortex.o
                0x08041838                HAL_MPU_ConfigRegion
 .text.HAL_CRC_Init
                0x080418b8       0xc8 ./Drivers/STM32F7xx_HAL_Driver/Src/stm32f7xx_hal_crc.o
                0x080418b8                HAL_CRC_Init
 .text.HAL_CRC_Calculate
                0x08041980       0x98 ./Drivers/STM32F7xx_HAL_Driver/Src/stm32f7xx_hal_crc.o
                0x08041980                HAL_CRC_Calculate
 .text.CRC_Handle_8
                0x08041a18      0x124 ./Drivers/STM32F7xx_HAL_Driver/Src/stm32f7xx_hal_crc.o
 .text.CRC_Handle_16
                0x08041b3c       0x74 ./Drivers/STM32F7xx_HAL_Driver/Src/stm32f7xx_hal_crc.o
 .text.HAL_CRCEx_Polynomial_Set
                0x08041bb0      0x11c ./Drivers/STM32F7xx_HAL_Driver/Src/stm32f7xx_hal_crc_ex.o
                0x08041bb0                HAL_CRCEx_Polynomial_Set
 .text.HAL_ETH_Init
                0x08041ccc      0x134 ./Drivers/STM32F7xx_HAL_Driver/Src/stm32f7xx_hal_eth.o
                0x08041ccc                HAL_ETH_Init
 .text.HAL_ETH_Start_IT
                0x08041e00       0xe0 ./Drivers/STM32F7xx_HAL_Driver/Src/stm32f7xx_hal_eth.o
                0x08041e00                HAL_ETH_Start_IT
 .text.HAL_ETH_ReadData
                0x08041ee0      0x17e ./Drivers/STM32F7xx_HAL_Driver/Src/stm32f7xx_hal_eth.o
                0x08041ee0                HAL_ETH_ReadData
 *fill*         0x0804205e        0x2 
 .text.ETH_UpdateDescriptor
                0x08042060      0x108 ./Drivers/STM32F7xx_HAL_Driver/Src/stm32f7xx_hal_eth.o
 .text.HAL_ETH_IRQHandler
                0x08042168      0x164 ./Drivers/STM32F7xx_HAL_Driver/Src/stm32f7xx_hal_eth.o
                0x08042168                HAL_ETH_IRQHandler
 .text.HAL_ETH_TxCpltCallback
                0x080422cc       0x14 ./Drivers/STM32F7xx_HAL_Driver/Src/stm32f7xx_hal_eth.o
                0x080422cc                HAL_ETH_TxCpltCallback
 .text.HAL_ETH_ErrorCallback
                0x080422e0       0x14 ./Drivers/STM32F7xx_HAL_Driver/Src/stm32f7xx_hal_eth.o
                0x080422e0                HAL_ETH_ErrorCallback
 .text.HAL_ETH_PMTCallback
                0x080422f4       0x14 ./Drivers/STM32F7xx_HAL_Driver/Src/stm32f7xx_hal_eth.o
                0x080422f4                HAL_ETH_PMTCallback
 .text.HAL_ETH_WakeUpCallback
                0x08042308       0x14 ./Drivers/STM32F7xx_HAL_Driver/Src/stm32f7xx_hal_eth.o
                0x08042308                HAL_ETH_WakeUpCallback
 .text.HAL_ETH_ReadPHYRegister
                0x0804231c       0x96 ./Drivers/STM32F7xx_HAL_Driver/Src/stm32f7xx_hal_eth.o
                0x0804231c                HAL_ETH_ReadPHYRegister
 .text.HAL_ETH_WritePHYRegister
                0x080423b2       0x92 ./Drivers/STM32F7xx_HAL_Driver/Src/stm32f7xx_hal_eth.o
                0x080423b2                HAL_ETH_WritePHYRegister
 .text.ETH_FlushTransmitFIFO
                0x08042444       0x4a ./Drivers/STM32F7xx_HAL_Driver/Src/stm32f7xx_hal_eth.o
 *fill*         0x0804248e        0x2 
 .text.ETH_SetMACConfig
                0x08042490      0x168 ./Drivers/STM32F7xx_HAL_Driver/Src/stm32f7xx_hal_eth.o
 .text.ETH_SetDMAConfig
                0x080425f8      0x114 ./Drivers/STM32F7xx_HAL_Driver/Src/stm32f7xx_hal_eth.o
 .text.ETH_MACDMAConfig
                0x0804270c       0xea ./Drivers/STM32F7xx_HAL_Driver/Src/stm32f7xx_hal_eth.o
 *fill*         0x080427f6        0x2 
 .text.ETH_MACAddressConfig
                0x080427f8       0x70 ./Drivers/STM32F7xx_HAL_Driver/Src/stm32f7xx_hal_eth.o
 .text.ETH_DMATxDescListInit
                0x08042868       0xb2 ./Drivers/STM32F7xx_HAL_Driver/Src/stm32f7xx_hal_eth.o
 .text.ETH_DMARxDescListInit
                0x0804291a       0xde ./Drivers/STM32F7xx_HAL_Driver/Src/stm32f7xx_hal_eth.o
 .text.HAL_FLASH_Program
                0x080429f8       0xb4 ./Drivers/STM32F7xx_HAL_Driver/Src/stm32f7xx_hal_flash.o
                0x080429f8                HAL_FLASH_Program
 .text.HAL_FLASH_Unlock
                0x08042aac       0x44 ./Drivers/STM32F7xx_HAL_Driver/Src/stm32f7xx_hal_flash.o
                0x08042aac                HAL_FLASH_Unlock
 .text.HAL_FLASH_Lock
                0x08042af0       0x20 ./Drivers/STM32F7xx_HAL_Driver/Src/stm32f7xx_hal_flash.o
                0x08042af0                HAL_FLASH_Lock
 .text.FLASH_WaitForLastOperation
                0x08042b10       0x80 ./Drivers/STM32F7xx_HAL_Driver/Src/stm32f7xx_hal_flash.o
                0x08042b10                FLASH_WaitForLastOperation
 .text.FLASH_Program_DoubleWord
                0x08042b90       0x6c ./Drivers/STM32F7xx_HAL_Driver/Src/stm32f7xx_hal_flash.o
 .text.FLASH_Program_Word
                0x08042bfc       0x4c ./Drivers/STM32F7xx_HAL_Driver/Src/stm32f7xx_hal_flash.o
 .text.FLASH_Program_HalfWord
                0x08042c48       0x4c ./Drivers/STM32F7xx_HAL_Driver/Src/stm32f7xx_hal_flash.o
 .text.FLASH_Program_Byte
                0x08042c94       0x48 ./Drivers/STM32F7xx_HAL_Driver/Src/stm32f7xx_hal_flash.o
 .text.FLASH_SetErrorCode
                0x08042cdc       0x94 ./Drivers/STM32F7xx_HAL_Driver/Src/stm32f7xx_hal_flash.o
 .text.HAL_FLASHEx_Erase
                0x08042d70       0xdc ./Drivers/STM32F7xx_HAL_Driver/Src/stm32f7xx_hal_flash_ex.o
                0x08042d70                HAL_FLASHEx_Erase
 .text.FLASH_MassErase
                0x08042e4c       0x78 ./Drivers/STM32F7xx_HAL_Driver/Src/stm32f7xx_hal_flash_ex.o
 .text.FLASH_Erase_Sector
                0x08042ec4       0xa4 ./Drivers/STM32F7xx_HAL_Driver/Src/stm32f7xx_hal_flash_ex.o
                0x08042ec4                FLASH_Erase_Sector
 .text.HAL_GPIO_Init
                0x08042f68      0x358 ./Drivers/STM32F7xx_HAL_Driver/Src/stm32f7xx_hal_gpio.o
                0x08042f68                HAL_GPIO_Init
 .text.HAL_GPIO_WritePin
                0x080432c0       0x32 ./Drivers/STM32F7xx_HAL_Driver/Src/stm32f7xx_hal_gpio.o
                0x080432c0                HAL_GPIO_WritePin
 .text.HAL_GPIO_TogglePin
                0x080432f2       0x34 ./Drivers/STM32F7xx_HAL_Driver/Src/stm32f7xx_hal_gpio.o
                0x080432f2                HAL_GPIO_TogglePin
 *fill*         0x08043326        0x2 
 .text.HAL_PWREx_EnableOverDrive
                0x08043328       0xa0 ./Drivers/STM32F7xx_HAL_Driver/Src/stm32f7xx_hal_pwr_ex.o
                0x08043328                HAL_PWREx_EnableOverDrive
 .text.HAL_RCC_OscConfig
                0x080433c8      0x55c ./Drivers/STM32F7xx_HAL_Driver/Src/stm32f7xx_hal_rcc.o
                0x080433c8                HAL_RCC_OscConfig
 .text.HAL_RCC_ClockConfig
                0x08043924      0x1d8 ./Drivers/STM32F7xx_HAL_Driver/Src/stm32f7xx_hal_rcc.o
                0x08043924                HAL_RCC_ClockConfig
 .text.HAL_RCC_GetSysClockFreq
                0x08043afc      0x18c ./Drivers/STM32F7xx_HAL_Driver/Src/stm32f7xx_hal_rcc.o
                0x08043afc                HAL_RCC_GetSysClockFreq
 .text.HAL_RCC_GetHCLKFreq
                0x08043c88       0x18 ./Drivers/STM32F7xx_HAL_Driver/Src/stm32f7xx_hal_rcc.o
                0x08043c88                HAL_RCC_GetHCLKFreq
 .text.HAL_RCC_GetPCLK1Freq
                0x08043ca0       0x28 ./Drivers/STM32F7xx_HAL_Driver/Src/stm32f7xx_hal_rcc.o
                0x08043ca0                HAL_RCC_GetPCLK1Freq
 .text.HAL_RCC_GetPCLK2Freq
                0x08043cc8       0x28 ./Drivers/STM32F7xx_HAL_Driver/Src/stm32f7xx_hal_rcc.o
                0x08043cc8                HAL_RCC_GetPCLK2Freq
 .text.HAL_RCCEx_PeriphCLKConfig
                0x08043cf0      0x850 ./Drivers/STM32F7xx_HAL_Driver/Src/stm32f7xx_hal_rcc_ex.o
                0x08043cf0                HAL_RCCEx_PeriphCLKConfig
 .text.HAL_UART_Init
                0x08044540       0x9c ./Drivers/STM32F7xx_HAL_Driver/Src/stm32f7xx_hal_uart.o
                0x08044540                HAL_UART_Init
 .text.HAL_UART_Transmit
                0x080445dc      0x112 ./Drivers/STM32F7xx_HAL_Driver/Src/stm32f7xx_hal_uart.o
                0x080445dc                HAL_UART_Transmit
 *fill*         0x080446ee        0x2 
 .text.UART_SetConfig
                0x080446f0      0x4c8 ./Drivers/STM32F7xx_HAL_Driver/Src/stm32f7xx_hal_uart.o
                0x080446f0                UART_SetConfig
 .text.UART_AdvFeatureConfig
                0x08044bb8      0x144 ./Drivers/STM32F7xx_HAL_Driver/Src/stm32f7xx_hal_uart.o
                0x08044bb8                UART_AdvFeatureConfig
 .text.UART_CheckIdleState
                0x08044cfc      0x150 ./Drivers/STM32F7xx_HAL_Driver/Src/stm32f7xx_hal_uart.o
                0x08044cfc                UART_CheckIdleState
 .text.UART_WaitOnFlagUntilTimeout
                0x08044e4c       0xda ./Drivers/STM32F7xx_HAL_Driver/Src/stm32f7xx_hal_uart.o
                0x08044e4c                UART_WaitOnFlagUntilTimeout
 .text.UART_EndRxTransfer
                0x08044f26       0xc8 ./Drivers/STM32F7xx_HAL_Driver/Src/stm32f7xx_hal_uart.o
 *fill*         0x08044fee        0x2 
 .text.std      0x08044ff0       0x6c C:/ST/STM32CubeIDE_1.19.0/STM32CubeIDE/plugins/com.st.stm32cube.ide.mcu.externaltools.gnu-tools-for-stm32.13.3.rel1.win32_1.0.0.202411081344/tools/bin/../lib/gcc/arm-none-eabi/13.3.1/../../../../arm-none-eabi/lib/thumb/v7e-m+dp/hard\libc_nano.a(libc_a-findfp.o)
 .text.stdio_exit_handler
                0x0804505c       0x18 C:/ST/STM32CubeIDE_1.19.0/STM32CubeIDE/plugins/com.st.stm32cube.ide.mcu.externaltools.gnu-tools-for-stm32.13.3.rel1.win32_1.0.0.202411081344/tools/bin/../lib/gcc/arm-none-eabi/13.3.1/../../../../arm-none-eabi/lib/thumb/v7e-m+dp/hard\libc_nano.a(libc_a-findfp.o)
 .text.cleanup_stdio
                0x08045074       0x40 C:/ST/STM32CubeIDE_1.19.0/STM32CubeIDE/plugins/com.st.stm32cube.ide.mcu.externaltools.gnu-tools-for-stm32.13.3.rel1.win32_1.0.0.202411081344/tools/bin/../lib/gcc/arm-none-eabi/13.3.1/../../../../arm-none-eabi/lib/thumb/v7e-m+dp/hard\libc_nano.a(libc_a-findfp.o)
 .text.global_stdio_init.part.0
                0x080450b4       0x3c C:/ST/STM32CubeIDE_1.19.0/STM32CubeIDE/plugins/com.st.stm32cube.ide.mcu.externaltools.gnu-tools-for-stm32.13.3.rel1.win32_1.0.0.202411081344/tools/bin/../lib/gcc/arm-none-eabi/13.3.1/../../../../arm-none-eabi/lib/thumb/v7e-m+dp/hard\libc_nano.a(libc_a-findfp.o)
 .text.__sfp_lock_acquire
                0x080450f0        0xc C:/ST/STM32CubeIDE_1.19.0/STM32CubeIDE/plugins/com.st.stm32cube.ide.mcu.externaltools.gnu-tools-for-stm32.13.3.rel1.win32_1.0.0.202411081344/tools/bin/../lib/gcc/arm-none-eabi/13.3.1/../../../../arm-none-eabi/lib/thumb/v7e-m+dp/hard\libc_nano.a(libc_a-findfp.o)
                0x080450f0                __sfp_lock_acquire
 .text.__sfp_lock_release
                0x080450fc        0xc C:/ST/STM32CubeIDE_1.19.0/STM32CubeIDE/plugins/com.st.stm32cube.ide.mcu.externaltools.gnu-tools-for-stm32.13.3.rel1.win32_1.0.0.202411081344/tools/bin/../lib/gcc/arm-none-eabi/13.3.1/../../../../arm-none-eabi/lib/thumb/v7e-m+dp/hard\libc_nano.a(libc_a-findfp.o)
                0x080450fc                __sfp_lock_release
 .text.__sinit  0x08045108       0x30 C:/ST/STM32CubeIDE_1.19.0/STM32CubeIDE/plugins/com.st.stm32cube.ide.mcu.externaltools.gnu-tools-for-stm32.13.3.rel1.win32_1.0.0.202411081344/tools/bin/../lib/gcc/arm-none-eabi/13.3.1/../../../../arm-none-eabi/lib/thumb/v7e-m+dp/hard\libc_nano.a(libc_a-findfp.o)
                0x08045108                __sinit
 .text._fwalk_sglue
                0x08045138       0x3c C:/ST/STM32CubeIDE_1.19.0/STM32CubeIDE/plugins/com.st.stm32cube.ide.mcu.externaltools.gnu-tools-for-stm32.13.3.rel1.win32_1.0.0.202411081344/tools/bin/../lib/gcc/arm-none-eabi/13.3.1/../../../../arm-none-eabi/lib/thumb/v7e-m+dp/hard\libc_nano.a(libc_a-fwalk.o)
                0x08045138                _fwalk_sglue
 .text.printf   0x08045174       0x24 C:/ST/STM32CubeIDE_1.19.0/STM32CubeIDE/plugins/com.st.stm32cube.ide.mcu.externaltools.gnu-tools-for-stm32.13.3.rel1.win32_1.0.0.202411081344/tools/bin/../lib/gcc/arm-none-eabi/13.3.1/../../../../arm-none-eabi/lib/thumb/v7e-m+dp/hard\libc_nano.a(libc_a-printf.o)
                0x08045174                iprintf
                0x08045174                printf
 .text._puts_r  0x08045198       0xaa C:/ST/STM32CubeIDE_1.19.0/STM32CubeIDE/plugins/com.st.stm32cube.ide.mcu.externaltools.gnu-tools-for-stm32.13.3.rel1.win32_1.0.0.202411081344/tools/bin/../lib/gcc/arm-none-eabi/13.3.1/../../../../arm-none-eabi/lib/thumb/v7e-m+dp/hard\libc_nano.a(libc_a-puts.o)
                0x08045198                _puts_r
 *fill*         0x08045242        0x2 
 .text.puts     0x08045244       0x10 C:/ST/STM32CubeIDE_1.19.0/STM32CubeIDE/plugins/com.st.stm32cube.ide.mcu.externaltools.gnu-tools-for-stm32.13.3.rel1.win32_1.0.0.202411081344/tools/bin/../lib/gcc/arm-none-eabi/13.3.1/../../../../arm-none-eabi/lib/thumb/v7e-m+dp/hard\libc_nano.a(libc_a-puts.o)
                0x08045244                puts
 .text.__sread  0x08045254       0x22 C:/ST/STM32CubeIDE_1.19.0/STM32CubeIDE/plugins/com.st.stm32cube.ide.mcu.externaltools.gnu-tools-for-stm32.13.3.rel1.win32_1.0.0.202411081344/tools/bin/../lib/gcc/arm-none-eabi/13.3.1/../../../../arm-none-eabi/lib/thumb/v7e-m+dp/hard\libc_nano.a(libc_a-stdio.o)
                0x08045254                __sread
 .text.__swrite
                0x08045276       0x38 C:/ST/STM32CubeIDE_1.19.0/STM32CubeIDE/plugins/com.st.stm32cube.ide.mcu.externaltools.gnu-tools-for-stm32.13.3.rel1.win32_1.0.0.202411081344/tools/bin/../lib/gcc/arm-none-eabi/13.3.1/../../../../arm-none-eabi/lib/thumb/v7e-m+dp/hard\libc_nano.a(libc_a-stdio.o)
                0x08045276                __swrite
 .text.__sseek  0x080452ae       0x24 C:/ST/STM32CubeIDE_1.19.0/STM32CubeIDE/plugins/com.st.stm32cube.ide.mcu.externaltools.gnu-tools-for-stm32.13.3.rel1.win32_1.0.0.202411081344/tools/bin/../lib/gcc/arm-none-eabi/13.3.1/../../../../arm-none-eabi/lib/thumb/v7e-m+dp/hard\libc_nano.a(libc_a-stdio.o)
                0x080452ae                __sseek
 .text.__sclose
                0x080452d2        0x8 C:/ST/STM32CubeIDE_1.19.0/STM32CubeIDE/plugins/com.st.stm32cube.ide.mcu.externaltools.gnu-tools-for-stm32.13.3.rel1.win32_1.0.0.202411081344/tools/bin/../lib/gcc/arm-none-eabi/13.3.1/../../../../arm-none-eabi/lib/thumb/v7e-m+dp/hard\libc_nano.a(libc_a-stdio.o)
                0x080452d2                __sclose
 .text.__swbuf_r
                0x080452da       0x7c C:/ST/STM32CubeIDE_1.19.0/STM32CubeIDE/plugins/com.st.stm32cube.ide.mcu.externaltools.gnu-tools-for-stm32.13.3.rel1.win32_1.0.0.202411081344/tools/bin/../lib/gcc/arm-none-eabi/13.3.1/../../../../arm-none-eabi/lib/thumb/v7e-m+dp/hard\libc_nano.a(libc_a-wbuf.o)
                0x080452da                __swbuf_r
 *fill*         0x08045356        0x2 
 .text.__swsetup_r
                0x08045358       0xac C:/ST/STM32CubeIDE_1.19.0/STM32CubeIDE/plugins/com.st.stm32cube.ide.mcu.externaltools.gnu-tools-for-stm32.13.3.rel1.win32_1.0.0.202411081344/tools/bin/../lib/gcc/arm-none-eabi/13.3.1/../../../../arm-none-eabi/lib/thumb/v7e-m+dp/hard\libc_nano.a(libc_a-wsetup.o)
                0x08045358                __swsetup_r
 .text.memcmp   0x08045404       0x20 C:/ST/STM32CubeIDE_1.19.0/STM32CubeIDE/plugins/com.st.stm32cube.ide.mcu.externaltools.gnu-tools-for-stm32.13.3.rel1.win32_1.0.0.202411081344/tools/bin/../lib/gcc/arm-none-eabi/13.3.1/../../../../arm-none-eabi/lib/thumb/v7e-m+dp/hard\libc_nano.a(libc_a-memcmp.o)
                0x08045404                memcmp
 .text.memset   0x08045424       0x10 C:/ST/STM32CubeIDE_1.19.0/STM32CubeIDE/plugins/com.st.stm32cube.ide.mcu.externaltools.gnu-tools-for-stm32.13.3.rel1.win32_1.0.0.202411081344/tools/bin/../lib/gcc/arm-none-eabi/13.3.1/../../../../arm-none-eabi/lib/thumb/v7e-m+dp/hard\libc_nano.a(libc_a-memset.o)
                0x08045424                memset
 .text._close_r
                0x08045434       0x20 C:/ST/STM32CubeIDE_1.19.0/STM32CubeIDE/plugins/com.st.stm32cube.ide.mcu.externaltools.gnu-tools-for-stm32.13.3.rel1.win32_1.0.0.202411081344/tools/bin/../lib/gcc/arm-none-eabi/13.3.1/../../../../arm-none-eabi/lib/thumb/v7e-m+dp/hard\libc_nano.a(libc_a-closer.o)
                0x08045434                _close_r
 .text._lseek_r
                0x08045454       0x24 C:/ST/STM32CubeIDE_1.19.0/STM32CubeIDE/plugins/com.st.stm32cube.ide.mcu.externaltools.gnu-tools-for-stm32.13.3.rel1.win32_1.0.0.202411081344/tools/bin/../lib/gcc/arm-none-eabi/13.3.1/../../../../arm-none-eabi/lib/thumb/v7e-m+dp/hard\libc_nano.a(libc_a-lseekr.o)
                0x08045454                _lseek_r
 .text._read_r  0x08045478       0x24 C:/ST/STM32CubeIDE_1.19.0/STM32CubeIDE/plugins/com.st.stm32cube.ide.mcu.externaltools.gnu-tools-for-stm32.13.3.rel1.win32_1.0.0.202411081344/tools/bin/../lib/gcc/arm-none-eabi/13.3.1/../../../../arm-none-eabi/lib/thumb/v7e-m+dp/hard\libc_nano.a(libc_a-readr.o)
                0x08045478                _read_r
 .text._write_r
                0x0804549c       0x24 C:/ST/STM32CubeIDE_1.19.0/STM32CubeIDE/plugins/com.st.stm32cube.ide.mcu.externaltools.gnu-tools-for-stm32.13.3.rel1.win32_1.0.0.202411081344/tools/bin/../lib/gcc/arm-none-eabi/13.3.1/../../../../arm-none-eabi/lib/thumb/v7e-m+dp/hard\libc_nano.a(libc_a-writer.o)
                0x0804549c                _write_r
 .text.__errno  0x080454c0        0xc C:/ST/STM32CubeIDE_1.19.0/STM32CubeIDE/plugins/com.st.stm32cube.ide.mcu.externaltools.gnu-tools-for-stm32.13.3.rel1.win32_1.0.0.202411081344/tools/bin/../lib/gcc/arm-none-eabi/13.3.1/../../../../arm-none-eabi/lib/thumb/v7e-m+dp/hard\libc_nano.a(libc_a-errno.o)
                0x080454c0                __errno
 .text.__libc_init_array
                0x080454cc       0x48 C:/ST/STM32CubeIDE_1.19.0/STM32CubeIDE/plugins/com.st.stm32cube.ide.mcu.externaltools.gnu-tools-for-stm32.13.3.rel1.win32_1.0.0.202411081344/tools/bin/../lib/gcc/arm-none-eabi/13.3.1/../../../../arm-none-eabi/lib/thumb/v7e-m+dp/hard\libc_nano.a(libc_a-init.o)
                0x080454cc                __libc_init_array
 .text.__retarget_lock_init_recursive
                0x08045514        0x2 C:/ST/STM32CubeIDE_1.19.0/STM32CubeIDE/plugins/com.st.stm32cube.ide.mcu.externaltools.gnu-tools-for-stm32.13.3.rel1.win32_1.0.0.202411081344/tools/bin/../lib/gcc/arm-none-eabi/13.3.1/../../../../arm-none-eabi/lib/thumb/v7e-m+dp/hard\libc_nano.a(libc_a-lock.o)
                0x08045514                __retarget_lock_init_recursive
 .text.__retarget_lock_acquire_recursive
                0x08045516        0x2 C:/ST/STM32CubeIDE_1.19.0/STM32CubeIDE/plugins/com.st.stm32cube.ide.mcu.externaltools.gnu-tools-for-stm32.13.3.rel1.win32_1.0.0.202411081344/tools/bin/../lib/gcc/arm-none-eabi/13.3.1/../../../../arm-none-eabi/lib/thumb/v7e-m+dp/hard\libc_nano.a(libc_a-lock.o)
                0x08045516                __retarget_lock_acquire_recursive
 .text.__retarget_lock_release_recursive
                0x08045518        0x2 C:/ST/STM32CubeIDE_1.19.0/STM32CubeIDE/plugins/com.st.stm32cube.ide.mcu.externaltools.gnu-tools-for-stm32.13.3.rel1.win32_1.0.0.202411081344/tools/bin/../lib/gcc/arm-none-eabi/13.3.1/../../../../arm-none-eabi/lib/thumb/v7e-m+dp/hard\libc_nano.a(libc_a-lock.o)
                0x08045518                __retarget_lock_release_recursive
 .text.memcpy   0x0804551a       0x1c C:/ST/STM32CubeIDE_1.19.0/STM32CubeIDE/plugins/com.st.stm32cube.ide.mcu.externaltools.gnu-tools-for-stm32.13.3.rel1.win32_1.0.0.202411081344/tools/bin/../lib/gcc/arm-none-eabi/13.3.1/../../../../arm-none-eabi/lib/thumb/v7e-m+dp/hard\libc_nano.a(libc_a-memcpy-stub.o)
                0x0804551a                memcpy
 *fill*         0x08045536        0x2 
 .text._free_r  0x08045538       0x94 C:/ST/STM32CubeIDE_1.19.0/STM32CubeIDE/plugins/com.st.stm32cube.ide.mcu.externaltools.gnu-tools-for-stm32.13.3.rel1.win32_1.0.0.202411081344/tools/bin/../lib/gcc/arm-none-eabi/13.3.1/../../../../arm-none-eabi/lib/thumb/v7e-m+dp/hard\libc_nano.a(libc_a-freer.o)
                0x08045538                _free_r
 .text.sbrk_aligned
                0x080455cc       0x44 C:/ST/STM32CubeIDE_1.19.0/STM32CubeIDE/plugins/com.st.stm32cube.ide.mcu.externaltools.gnu-tools-for-stm32.13.3.rel1.win32_1.0.0.202411081344/tools/bin/../lib/gcc/arm-none-eabi/13.3.1/../../../../arm-none-eabi/lib/thumb/v7e-m+dp/hard\libc_nano.a(libc_a-mallocr.o)
 .text._malloc_r
                0x08045610      0x100 C:/ST/STM32CubeIDE_1.19.0/STM32CubeIDE/plugins/com.st.stm32cube.ide.mcu.externaltools.gnu-tools-for-stm32.13.3.rel1.win32_1.0.0.202411081344/tools/bin/../lib/gcc/arm-none-eabi/13.3.1/../../../../arm-none-eabi/lib/thumb/v7e-m+dp/hard\libc_nano.a(libc_a-mallocr.o)
                0x08045610                _malloc_r
 .text.__malloc_lock
                0x08045710        0xc C:/ST/STM32CubeIDE_1.19.0/STM32CubeIDE/plugins/com.st.stm32cube.ide.mcu.externaltools.gnu-tools-for-stm32.13.3.rel1.win32_1.0.0.202411081344/tools/bin/../lib/gcc/arm-none-eabi/13.3.1/../../../../arm-none-eabi/lib/thumb/v7e-m+dp/hard\libc_nano.a(libc_a-mlock.o)
                0x08045710                __malloc_lock
 .text.__malloc_unlock
                0x0804571c        0xc C:/ST/STM32CubeIDE_1.19.0/STM32CubeIDE/plugins/com.st.stm32cube.ide.mcu.externaltools.gnu-tools-for-stm32.13.3.rel1.win32_1.0.0.202411081344/tools/bin/../lib/gcc/arm-none-eabi/13.3.1/../../../../arm-none-eabi/lib/thumb/v7e-m+dp/hard\libc_nano.a(libc_a-mlock.o)
                0x0804571c                __malloc_unlock
 .text.__sfputc_r
                0x08045728       0x2e C:/ST/STM32CubeIDE_1.19.0/STM32CubeIDE/plugins/com.st.stm32cube.ide.mcu.externaltools.gnu-tools-for-stm32.13.3.rel1.win32_1.0.0.202411081344/tools/bin/../lib/gcc/arm-none-eabi/13.3.1/../../../../arm-none-eabi/lib/thumb/v7e-m+dp/hard\libc_nano.a(libc_a-nano-vfprintf.o)
 .text.__sfputs_r
                0x08045756       0x24 C:/ST/STM32CubeIDE_1.19.0/STM32CubeIDE/plugins/com.st.stm32cube.ide.mcu.externaltools.gnu-tools-for-stm32.13.3.rel1.win32_1.0.0.202411081344/tools/bin/../lib/gcc/arm-none-eabi/13.3.1/../../../../arm-none-eabi/lib/thumb/v7e-m+dp/hard\libc_nano.a(libc_a-nano-vfprintf.o)
                0x08045756                __sfputs_r
 *fill*         0x0804577a        0x2 
 .text._vfprintf_r
                0x0804577c      0x230 C:/ST/STM32CubeIDE_1.19.0/STM32CubeIDE/plugins/com.st.stm32cube.ide.mcu.externaltools.gnu-tools-for-stm32.13.3.rel1.win32_1.0.0.202411081344/tools/bin/../lib/gcc/arm-none-eabi/13.3.1/../../../../arm-none-eabi/lib/thumb/v7e-m+dp/hard\libc_nano.a(libc_a-nano-vfprintf.o)
                0x0804577c                _vfprintf_r
                0x0804577c                _vfiprintf_r
 .text._printf_common
                0x080459ac       0xda C:/ST/STM32CubeIDE_1.19.0/STM32CubeIDE/plugins/com.st.stm32cube.ide.mcu.externaltools.gnu-tools-for-stm32.13.3.rel1.win32_1.0.0.202411081344/tools/bin/../lib/gcc/arm-none-eabi/13.3.1/../../../../arm-none-eabi/lib/thumb/v7e-m+dp/hard\libc_nano.a(libc_a-nano-vfprintf_i.o)
                0x080459ac                _printf_common
 *fill*         0x08045a86        0x2 
 .text._printf_i
                0x08045a88      0x23c C:/ST/STM32CubeIDE_1.19.0/STM32CubeIDE/plugins/com.st.stm32cube.ide.mcu.externaltools.gnu-tools-for-stm32.13.3.rel1.win32_1.0.0.202411081344/tools/bin/../lib/gcc/arm-none-eabi/13.3.1/../../../../arm-none-eabi/lib/thumb/v7e-m+dp/hard\libc_nano.a(libc_a-nano-vfprintf_i.o)
                0x08045a88                _printf_i
 .text.__sflush_r
                0x08045cc4      0x108 C:/ST/STM32CubeIDE_1.19.0/STM32CubeIDE/plugins/com.st.stm32cube.ide.mcu.externaltools.gnu-tools-for-stm32.13.3.rel1.win32_1.0.0.202411081344/tools/bin/../lib/gcc/arm-none-eabi/13.3.1/../../../../arm-none-eabi/lib/thumb/v7e-m+dp/hard\libc_nano.a(libc_a-fflush.o)
                0x08045cc4                __sflush_r
 .text._fflush_r
                0x08045dcc       0x50 C:/ST/STM32CubeIDE_1.19.0/STM32CubeIDE/plugins/com.st.stm32cube.ide.mcu.externaltools.gnu-tools-for-stm32.13.3.rel1.win32_1.0.0.202411081344/tools/bin/../lib/gcc/arm-none-eabi/13.3.1/../../../../arm-none-eabi/lib/thumb/v7e-m+dp/hard\libc_nano.a(libc_a-fflush.o)
                0x08045dcc                _fflush_r
 .text.__swhatbuf_r
                0x08045e1c       0x4c C:/ST/STM32CubeIDE_1.19.0/STM32CubeIDE/plugins/com.st.stm32cube.ide.mcu.externaltools.gnu-tools-for-stm32.13.3.rel1.win32_1.0.0.202411081344/tools/bin/../lib/gcc/arm-none-eabi/13.3.1/../../../../arm-none-eabi/lib/thumb/v7e-m+dp/hard\libc_nano.a(libc_a-makebuf.o)
                0x08045e1c                __swhatbuf_r
 .text.__smakebuf_r
                0x08045e68       0x78 C:/ST/STM32CubeIDE_1.19.0/STM32CubeIDE/plugins/com.st.stm32cube.ide.mcu.externaltools.gnu-tools-for-stm32.13.3.rel1.win32_1.0.0.202411081344/tools/bin/../lib/gcc/arm-none-eabi/13.3.1/../../../../arm-none-eabi/lib/thumb/v7e-m+dp/hard\libc_nano.a(libc_a-makebuf.o)
                0x08045e68                __smakebuf_r
 .text._fstat_r
                0x08045ee0       0x24 C:/ST/STM32CubeIDE_1.19.0/STM32CubeIDE/plugins/com.st.stm32cube.ide.mcu.externaltools.gnu-tools-for-stm32.13.3.rel1.win32_1.0.0.202411081344/tools/bin/../lib/gcc/arm-none-eabi/13.3.1/../../../../arm-none-eabi/lib/thumb/v7e-m+dp/hard\libc_nano.a(libc_a-fstatr.o)
                0x08045ee0                _fstat_r
 .text._isatty_r
                0x08045f04       0x20 C:/ST/STM32CubeIDE_1.19.0/STM32CubeIDE/plugins/com.st.stm32cube.ide.mcu.externaltools.gnu-tools-for-stm32.13.3.rel1.win32_1.0.0.202411081344/tools/bin/../lib/gcc/arm-none-eabi/13.3.1/../../../../arm-none-eabi/lib/thumb/v7e-m+dp/hard\libc_nano.a(libc_a-isattyr.o)
                0x08045f04                _isatty_r
 .text._sbrk_r  0x08045f24       0x20 C:/ST/STM32CubeIDE_1.19.0/STM32CubeIDE/plugins/com.st.stm32cube.ide.mcu.externaltools.gnu-tools-for-stm32.13.3.rel1.win32_1.0.0.202411081344/tools/bin/../lib/gcc/arm-none-eabi/13.3.1/../../../../arm-none-eabi/lib/thumb/v7e-m+dp/hard\libc_nano.a(libc_a-sbrkr.o)
                0x08045f24                _sbrk_r
 *(.glue_7)
 .glue_7        0x08045f44        0x0 linker stubs
 *(.glue_7t)
 .glue_7t       0x08045f44        0x0 linker stubs
 *(.eh_frame)
 .eh_frame      0x08045f44        0x0 C:/ST/STM32CubeIDE_1.19.0/STM32CubeIDE/plugins/com.st.stm32cube.ide.mcu.externaltools.gnu-tools-for-stm32.13.3.rel1.win32_1.0.0.202411081344/tools/bin/../lib/gcc/arm-none-eabi/13.3.1/thumb/v7e-m+dp/hard/crtbegin.o
 *(.init)
 .init          0x08045f44        0x4 C:/ST/STM32CubeIDE_1.19.0/STM32CubeIDE/plugins/com.st.stm32cube.ide.mcu.externaltools.gnu-tools-for-stm32.13.3.rel1.win32_1.0.0.202411081344/tools/bin/../lib/gcc/arm-none-eabi/13.3.1/thumb/v7e-m+dp/hard/crti.o
                0x08045f44                _init
 .init          0x08045f48        0x8 C:/ST/STM32CubeIDE_1.19.0/STM32CubeIDE/plugins/com.st.stm32cube.ide.mcu.externaltools.gnu-tools-for-stm32.13.3.rel1.win32_1.0.0.202411081344/tools/bin/../lib/gcc/arm-none-eabi/13.3.1/thumb/v7e-m+dp/hard/crtn.o
 *(.fini)
 .fini          0x08045f50        0x4 C:/ST/STM32CubeIDE_1.19.0/STM32CubeIDE/plugins/com.st.stm32cube.ide.mcu.externaltools.gnu-tools-for-stm32.13.3.rel1.win32_1.0.0.202411081344/tools/bin/../lib/gcc/arm-none-eabi/13.3.1/thumb/v7e-m+dp/hard/crti.o
                0x08045f50                _fini
 .fini          0x08045f54        0x8 C:/ST/STM32CubeIDE_1.19.0/STM32CubeIDE/plugins/com.st.stm32cube.ide.mcu.externaltools.gnu-tools-for-stm32.13.3.rel1.win32_1.0.0.202411081344/tools/bin/../lib/gcc/arm-none-eabi/13.3.1/thumb/v7e-m+dp/hard/crtn.o
                0x08045f5c                        . = ALIGN (0x4)
                0x08045f5c                        _etext = .

.vfp11_veneer   0x08045f5c        0x0
 .vfp11_veneer  0x08045f5c        0x0 linker stubs

.v4_bx          0x08045f5c        0x0
 .v4_bx         0x08045f5c        0x0 linker stubs

.iplt           0x08045f5c        0x0
 .iplt          0x08045f5c        0x0 C:/ST/STM32CubeIDE_1.19.0/STM32CubeIDE/plugins/com.st.stm32cube.ide.mcu.externaltools.gnu-tools-for-stm32.13.3.rel1.win32_1.0.0.202411081344/tools/bin/../lib/gcc/arm-none-eabi/13.3.1/thumb/v7e-m+dp/hard/crtbegin.o

.rodata         0x08045f5c      0x198
                0x08045f5c                        . = ALIGN (0x4)
 *(.rodata)
 .rodata        0x08045f5c       0xfe ./Core/Src/eth_phy_io.o
 *fill*         0x0804605a        0x2 
 .rodata        0x0804605c       0x4a ./Core/Src/main.o
 *(.rodata*)
 *fill*         0x080460a6        0x2 
 .rodata.AHBPrescTable
                0x080460a8       0x10 ./Core/Src/system_stm32f7xx.o
                0x080460a8                AHBPrescTable
 .rodata.APBPrescTable
                0x080460b8        0x8 ./Core/Src/system_stm32f7xx.o
                0x080460b8                APBPrescTable
 .rodata._vfprintf_r.str1.1
                0x080460c0       0x33 C:/ST/STM32CubeIDE_1.19.0/STM32CubeIDE/plugins/com.st.stm32cube.ide.mcu.externaltools.gnu-tools-for-stm32.13.3.rel1.win32_1.0.0.202411081344/tools/bin/../lib/gcc/arm-none-eabi/13.3.1/../../../../arm-none-eabi/lib/thumb/v7e-m+dp/hard\libc_nano.a(libc_a-nano-vfprintf.o)
                                 0x11 (size before relaxing)
 .rodata._printf_i.str1.1
                0x080460f3       0x22 C:/ST/STM32CubeIDE_1.19.0/STM32CubeIDE/plugins/com.st.stm32cube.ide.mcu.externaltools.gnu-tools-for-stm32.13.3.rel1.win32_1.0.0.202411081344/tools/bin/../lib/gcc/arm-none-eabi/13.3.1/../../../../arm-none-eabi/lib/thumb/v7e-m+dp/hard\libc_nano.a(libc_a-nano-vfprintf_i.o)
                0x08046118                        . = ALIGN (0x4)
 *fill*         0x080460f3        0x1 

.ARM.extab      0x080460f4        0x0
                0x080460f4                        . = ALIGN (0x4)
 *(.ARM.extab* .gnu.linkonce.armextab.*)
                0x080460f4                        . = ALIGN (0x4)

.ARM            0x080460f4        0x8
                0x080460f4                        . = ALIGN (0x4)
                0x080460f4                        __exidx_start = .
 *(.ARM.exidx*)
 .ARM.exidx     0x080460f4        0x8 C:/ST/STM32CubeIDE_1.19.0/STM32CubeIDE/plugins/com.st.stm32cube.ide.mcu.externaltools.gnu-tools-for-stm32.13.3.rel1.win32_1.0.0.202411081344/tools/bin/../lib/gcc/arm-none-eabi/13.3.1/../../../../arm-none-eabi/lib/thumb/v7e-m+dp/hard\libc_nano.a(libc_a-memchr.o)
 .ARM.exidx     0x080460fc        0x0 C:/ST/STM32CubeIDE_1.19.0/STM32CubeIDE/plugins/com.st.stm32cube.ide.mcu.externaltools.gnu-tools-for-stm32.13.3.rel1.win32_1.0.0.202411081344/tools/bin/../lib/gcc/arm-none-eabi/13.3.1/thumb/v7e-m+dp/hard\libgcc.a(_udivmoddi4.o)
                                  0x8 (size before relaxing)
                0x080460fc                        __exidx_end = .
                0x080460fc                        . = ALIGN (0x4)

.preinit_array  0x080460fc        0x0
                0x080460fc                        . = ALIGN (0x4)
                0x080460fc                        PROVIDE (__preinit_array_start = .)
 *(.preinit_array*)
                0x080460fc                        PROVIDE (__preinit_array_end = .)
                0x080460fc                        . = ALIGN (0x4)

.init_array     0x080460fc        0x4
                0x080460fc                        . = ALIGN (0x4)
                0x080460fc                        PROVIDE (__init_array_start = .)
 *(SORT_BY_NAME(.init_array.*))
 *(.init_array*)
 .init_array    0x080460fc        0x4 C:/ST/STM32CubeIDE_1.19.0/STM32CubeIDE/plugins/com.st.stm32cube.ide.mcu.externaltools.gnu-tools-for-stm32.13.3.rel1.win32_1.0.0.202411081344/tools/bin/../lib/gcc/arm-none-eabi/13.3.1/thumb/v7e-m+dp/hard/crtbegin.o
                0x08046100                        PROVIDE (__init_array_end = .)
                0x08046100                        . = ALIGN (0x4)

.fini_array     0x08046100        0x4
                0x08046100                        . = ALIGN (0x4)
                [!provide]                        PROVIDE (__fini_array_start = .)
 *(SORT_BY_NAME(.fini_array.*))
 *(.fini_array*)
 .fini_array    0x08046100        0x4 C:/ST/STM32CubeIDE_1.19.0/STM32CubeIDE/plugins/com.st.stm32cube.ide.mcu.externaltools.gnu-tools-for-stm32.13.3.rel1.win32_1.0.0.202411081344/tools/bin/../lib/gcc/arm-none-eabi/13.3.1/thumb/v7e-m+dp/hard/crtbegin.o
                [!provide]                        PROVIDE (__fini_array_end = .)
                0x08046104                        . = ALIGN (0x4)
                0x08046104                        _sidata = LOADADDR (.data)

.rel.dyn        0x08046104        0x0
 .rel.iplt      0x08046104        0x0 C:/ST/STM32CubeIDE_1.19.0/STM32CubeIDE/plugins/com.st.stm32cube.ide.mcu.externaltools.gnu-tools-for-stm32.13.3.rel1.win32_1.0.0.202411081344/tools/bin/../lib/gcc/arm-none-eabi/13.3.1/thumb/v7e-m+dp/hard/crtbegin.o

.data           0x20000000       0x7c load address 0x08046104
                0x20000000                        . = ALIGN (0x4)
                0x20000000                        _sdata = .
 *(.data)
 *(.data*)
 .data.LAN8742_IOCtx
                0x20000000       0x14 ./Core/Src/eth_phy_io.o
                0x20000000                LAN8742_IOCtx
 .data.SystemCoreClock
                0x20000014        0x4 ./Core/Src/system_stm32f7xx.o
                0x20000014                SystemCoreClock
 .data.uwTickPrio
                0x20000018        0x4 ./Drivers/STM32F7xx_HAL_Driver/Src/stm32f7xx_hal.o
                0x20000018                uwTickPrio
 .data.uwTickFreq
                0x2000001c        0x1 ./Drivers/STM32F7xx_HAL_Driver/Src/stm32f7xx_hal.o
                0x2000001c                uwTickFreq
 *fill*         0x2000001d        0x3 
 .data.__sglue  0x20000020        0xc C:/ST/STM32CubeIDE_1.19.0/STM32CubeIDE/plugins/com.st.stm32cube.ide.mcu.externaltools.gnu-tools-for-stm32.13.3.rel1.win32_1.0.0.202411081344/tools/bin/../lib/gcc/arm-none-eabi/13.3.1/../../../../arm-none-eabi/lib/thumb/v7e-m+dp/hard\libc_nano.a(libc_a-findfp.o)
                0x20000020                __sglue
 .data._impure_ptr
                0x2000002c        0x4 C:/ST/STM32CubeIDE_1.19.0/STM32CubeIDE/plugins/com.st.stm32cube.ide.mcu.externaltools.gnu-tools-for-stm32.13.3.rel1.win32_1.0.0.202411081344/tools/bin/../lib/gcc/arm-none-eabi/13.3.1/../../../../arm-none-eabi/lib/thumb/v7e-m+dp/hard\libc_nano.a(libc_a-impure.o)
                0x2000002c                _impure_ptr
 .data._impure_data
                0x20000030       0x4c C:/ST/STM32CubeIDE_1.19.0/STM32CubeIDE/plugins/com.st.stm32cube.ide.mcu.externaltools.gnu-tools-for-stm32.13.3.rel1.win32_1.0.0.202411081344/tools/bin/../lib/gcc/arm-none-eabi/13.3.1/../../../../arm-none-eabi/lib/thumb/v7e-m+dp/hard\libc_nano.a(libc_a-impure.o)
                0x20000030                _impure_data
 *(.RamFunc)
 *(.RamFunc*)
                0x2000007c                        . = ALIGN (0x4)
                0x2000007c                        _edata = .

.igot.plt       0x2000007c        0x0 load address 0x08046180
 .igot.plt      0x2000007c        0x0 C:/ST/STM32CubeIDE_1.19.0/STM32CubeIDE/plugins/com.st.stm32cube.ide.mcu.externaltools.gnu-tools-for-stm32.13.3.rel1.win32_1.0.0.202411081344/tools/bin/../lib/gcc/arm-none-eabi/13.3.1/thumb/v7e-m+dp/hard/crtbegin.o

.RxDecripSection
                0x2000007c       0xa0 load address 0x08046180
 .RxDecripSection
                0x2000007c       0xa0 ./Core/Src/main.o
                0x2000007c                DMARxDscrTab

.TxDecripSection
                0x2000011c       0xa0 load address 0x08046220
 .TxDecripSection
                0x2000011c       0xa0 ./Core/Src/main.o
                0x2000011c                DMATxDscrTab
                0x200001bc                        . = ALIGN (0x4)

.bss            0x200001c0     0x1b28 load address 0x080462c0
                0x200001c0                        _sbss = .
                0x200001c0                        __bss_start__ = _sbss
 *(.bss)
 .bss           0x200001c0       0x1c C:/ST/STM32CubeIDE_1.19.0/STM32CubeIDE/plugins/com.st.stm32cube.ide.mcu.externaltools.gnu-tools-for-stm32.13.3.rel1.win32_1.0.0.202411081344/tools/bin/../lib/gcc/arm-none-eabi/13.3.1/thumb/v7e-m+dp/hard/crtbegin.o
 *(.bss*)
 *fill*         0x200001dc        0x4 
 .bss.rx_pool   0x200001e0     0x17d0 ./Core/Src/eth_phy_io.o
 .bss.rx_pool_idx
                0x200019b0        0x1 ./Core/Src/eth_phy_io.o
 *fill*         0x200019b1        0x3 
 .bss.assembled_buf
                0x200019b4        0x4 ./Core/Src/eth_phy_io.o
                0x200019b4                assembled_buf
 .bss.assembled_len
                0x200019b8        0x2 ./Core/Src/eth_phy_io.o
                0x200019b8                assembled_len
 .bss.ota_requested_flag
                0x200019ba        0x1 ./Core/Src/eth_phy_io.o
                0x200019ba                ota_requested_flag
 *fill*         0x200019bb        0x1 
 .bss.LAN8742   0x200019bc       0x20 ./Core/Src/eth_phy_io.o
                0x200019bc                LAN8742
 .bss.TxConfig  0x200019dc       0x38 ./Core/Src/main.o
                0x200019dc                TxConfig
 .bss.hcrc      0x20001a14       0x24 ./Core/Src/main.o
                0x20001a14                hcrc
 .bss.heth      0x20001a38       0xb0 ./Core/Src/main.o
                0x20001a38                heth
 .bss.huart3    0x20001ae8       0x88 ./Core/Src/main.o
                0x20001ae8                huart3
 .bss.MACAddr.0
                0x20001b70        0x6 ./Core/Src/main.o
 *fill*         0x20001b76        0x2 
 .bss.__sbrk_heap_end
                0x20001b78        0x4 ./Core/Src/sysmem.o
 .bss.uwTick    0x20001b7c        0x4 ./Drivers/STM32F7xx_HAL_Driver/Src/stm32f7xx_hal.o
                0x20001b7c                uwTick
 .bss.pFlash    0x20001b80       0x1c ./Drivers/STM32F7xx_HAL_Driver/Src/stm32f7xx_hal_flash.o
                0x20001b80                pFlash
 .bss.__sf      0x20001b9c      0x138 C:/ST/STM32CubeIDE_1.19.0/STM32CubeIDE/plugins/com.st.stm32cube.ide.mcu.externaltools.gnu-tools-for-stm32.13.3.rel1.win32_1.0.0.202411081344/tools/bin/../lib/gcc/arm-none-eabi/13.3.1/../../../../arm-none-eabi/lib/thumb/v7e-m+dp/hard\libc_nano.a(libc_a-findfp.o)
                0x20001b9c                __sf
 .bss.__stdio_exit_handler
                0x20001cd4        0x4 C:/ST/STM32CubeIDE_1.19.0/STM32CubeIDE/plugins/com.st.stm32cube.ide.mcu.externaltools.gnu-tools-for-stm32.13.3.rel1.win32_1.0.0.202411081344/tools/bin/../lib/gcc/arm-none-eabi/13.3.1/../../../../arm-none-eabi/lib/thumb/v7e-m+dp/hard\libc_nano.a(libc_a-findfp.o)
                0x20001cd4                __stdio_exit_handler
 .bss.errno     0x20001cd8        0x4 C:/ST/STM32CubeIDE_1.19.0/STM32CubeIDE/plugins/com.st.stm32cube.ide.mcu.externaltools.gnu-tools-for-stm32.13.3.rel1.win32_1.0.0.202411081344/tools/bin/../lib/gcc/arm-none-eabi/13.3.1/../../../../arm-none-eabi/lib/thumb/v7e-m+dp/hard\libc_nano.a(libc_a-reent.o)
                0x20001cd8                errno
 .bss.__lock___malloc_recursive_mutex
                0x20001cdc        0x1 C:/ST/STM32CubeIDE_1.19.0/STM32CubeIDE/plugins/com.st.stm32cube.ide.mcu.externaltools.gnu-tools-for-stm32.13.3.rel1.win32_1.0.0.202411081344/tools/bin/../lib/gcc/arm-none-eabi/13.3.1/../../../../arm-none-eabi/lib/thumb/v7e-m+dp/hard\libc_nano.a(libc_a-lock.o)
                0x20001cdc                __lock___malloc_recursive_mutex
 .bss.__lock___sfp_recursive_mutex
                0x20001cdd        0x1 C:/ST/STM32CubeIDE_1.19.0/STM32CubeIDE/plugins/com.st.stm32cube.ide.mcu.externaltools.gnu-tools-for-stm32.13.3.rel1.win32_1.0.0.202411081344/tools/bin/../lib/gcc/arm-none-eabi/13.3.1/../../../../arm-none-eabi/lib/thumb/v7e-m+dp/hard\libc_nano.a(libc_a-lock.o)
                0x20001cdd                __lock___sfp_recursive_mutex
 *fill*         0x20001cde        0x2 
 .bss.__malloc_sbrk_start
                0x20001ce0        0x4 C:/ST/STM32CubeIDE_1.19.0/STM32CubeIDE/plugins/com.st.stm32cube.ide.mcu.externaltools.gnu-tools-for-stm32.13.3.rel1.win32_1.0.0.202411081344/tools/bin/../lib/gcc/arm-none-eabi/13.3.1/../../../../arm-none-eabi/lib/thumb/v7e-m+dp/hard\libc_nano.a(libc_a-mallocr.o)
                0x20001ce0                __malloc_sbrk_start
 .bss.__malloc_free_list
                0x20001ce4        0x4 C:/ST/STM32CubeIDE_1.19.0/STM32CubeIDE/plugins/com.st.stm32cube.ide.mcu.externaltools.gnu-tools-for-stm32.13.3.rel1.win32_1.0.0.202411081344/tools/bin/../lib/gcc/arm-none-eabi/13.3.1/../../../../arm-none-eabi/lib/thumb/v7e-m+dp/hard\libc_nano.a(libc_a-mallocr.o)
                0x20001ce4                __malloc_free_list
 *(COMMON)
                0x20001ce8                        . = ALIGN (0x4)
                0x20001ce8                        _ebss = .
                0x20001ce8                        __bss_end__ = _ebss

._user_heap_stack
                0x20001ce8      0x600 load address 0x080462c0
                0x20001ce8                        . = ALIGN (0x8)
                [!provide]                        PROVIDE (end = .)
                0x20001ce8                        PROVIDE (_end = .)
                0x20001ee8                        . = (. + _Min_Heap_Size)
 *fill*         0x20001ce8      0x200 
                0x200022e8                        . = (. + _Min_Stack_Size)
 *fill*         0x20001ee8      0x400 
                0x200022e8                        . = ALIGN (0x8)

/DISCARD/
 libc.a(*)
 libm.a(*)
 libgcc.a(*)

.ARM.attributes
                0x00000000       0x2e
 *(.ARM.attributes)
 .ARM.attributes
                0x00000000       0x20 C:/ST/STM32CubeIDE_1.19.0/STM32CubeIDE/plugins/com.st.stm32cube.ide.mcu.externaltools.gnu-tools-for-stm32.13.3.rel1.win32_1.0.0.202411081344/tools/bin/../lib/gcc/arm-none-eabi/13.3.1/thumb/v7e-m+dp/hard/crti.o
 .ARM.attributes
                0x00000020       0x32 C:/ST/STM32CubeIDE_1.19.0/STM32CubeIDE/plugins/com.st.stm32cube.ide.mcu.externaltools.gnu-tools-for-stm32.13.3.rel1.win32_1.0.0.202411081344/tools/bin/../lib/gcc/arm-none-eabi/13.3.1/thumb/v7e-m+dp/hard/crtbegin.o
 .ARM.attributes
                0x00000052       0x32 ./Core/Src/eth_phy_io.o
 .ARM.attributes
                0x00000084       0x32 ./Core/Src/main.o
 .ARM.attributes
                0x000000b6       0x32 ./Core/Src/stm32f7xx_hal_msp.o
 .ARM.attributes
                0x000000e8       0x32 ./Core/Src/stm32f7xx_it.o
 .ARM.attributes
                0x0000011a       0x32 ./Core/Src/syscalls.o
 .ARM.attributes
                0x0000014c       0x32 ./Core/Src/sysmem.o
 .ARM.attributes
                0x0000017e       0x32 ./Core/Src/system_stm32f7xx.o
 .ARM.attributes
                0x000001b0       0x21 ./Core/Startup/startup_stm32f767zitx.o
 .ARM.attributes
                0x000001d1       0x32 ./Drivers/BSP/Components/lan8742/lan8742.o
 .ARM.attributes
                0x00000203       0x32 ./Drivers/STM32F7xx_HAL_Driver/Src/stm32f7xx_hal.o
 .ARM.attributes
                0x00000235       0x32 ./Drivers/STM32F7xx_HAL_Driver/Src/stm32f7xx_hal_cortex.o
 .ARM.attributes
                0x00000267       0x32 ./Drivers/STM32F7xx_HAL_Driver/Src/stm32f7xx_hal_crc.o
 .ARM.attributes
                0x00000299       0x32 ./Drivers/STM32F7xx_HAL_Driver/Src/stm32f7xx_hal_crc_ex.o
 .ARM.attributes
                0x000002cb       0x32 ./Drivers/STM32F7xx_HAL_Driver/Src/stm32f7xx_hal_eth.o
 .ARM.attributes
                0x000002fd       0x32 ./Drivers/STM32F7xx_HAL_Driver/Src/stm32f7xx_hal_flash.o
 .ARM.attributes
                0x0000032f       0x32 ./Drivers/STM32F7xx_HAL_Driver/Src/stm32f7xx_hal_flash_ex.o
 .ARM.attributes
                0x00000361       0x32 ./Drivers/STM32F7xx_HAL_Driver/Src/stm32f7xx_hal_gpio.o
 .ARM.attributes
                0x00000393       0x32 ./Drivers/STM32F7xx_HAL_Driver/Src/stm32f7xx_hal_pwr_ex.o
 .ARM.attributes
                0x000003c5       0x32 ./Drivers/STM32F7xx_HAL_Driver/Src/stm32f7xx_hal_rcc.o
 .ARM.attributes
                0x000003f7       0x32 ./Drivers/STM32F7xx_HAL_Driver/Src/stm32f7xx_hal_rcc_ex.o
 .ARM.attributes
                0x00000429       0x32 ./Drivers/STM32F7xx_HAL_Driver/Src/stm32f7xx_hal_uart.o
 .ARM.attributes
                0x0000045b       0x32 C:/ST/STM32CubeIDE_1.19.0/STM32CubeIDE/plugins/com.st.stm32cube.ide.mcu.externaltools.gnu-tools-for-stm32.13.3.rel1.win32_1.0.0.202411081344/tools/bin/../lib/gcc/arm-none-eabi/13.3.1/../../../../arm-none-eabi/lib/thumb/v7e-m+dp/hard\libc_nano.a(libc_a-findfp.o)
 .ARM.attributes
                0x0000048d       0x32 C:/ST/STM32CubeIDE_1.19.0/STM32CubeIDE/plugins/com.st.stm32cube.ide.mcu.externaltools.gnu-tools-for-stm32.13.3.rel1.win32_1.0.0.202411081344/tools/bin/../lib/gcc/arm-none-eabi/13.3.1/../../../../arm-none-eabi/lib/thumb/v7e-m+dp/hard\libc_nano.a(libc_a-fwalk.o)
 .ARM.attributes
                0x000004bf       0x32 C:/ST/STM32CubeIDE_1.19.0/STM32CubeIDE/plugins/com.st.stm32cube.ide.mcu.externaltools.gnu-tools-for-stm32.13.3.rel1.win32_1.0.0.202411081344/tools/bin/../lib/gcc/arm-none-eabi/13.3.1/../../../../arm-none-eabi/lib/thumb/v7e-m+dp/hard\libc_nano.a(libc_a-printf.o)
 .ARM.attributes
                0x000004f1       0x32 C:/ST/STM32CubeIDE_1.19.0/STM32CubeIDE/plugins/com.st.stm32cube.ide.mcu.externaltools.gnu-tools-for-stm32.13.3.rel1.win32_1.0.0.202411081344/tools/bin/../lib/gcc/arm-none-eabi/13.3.1/../../../../arm-none-eabi/lib/thumb/v7e-m+dp/hard\libc_nano.a(libc_a-puts.o)
 .ARM.attributes
                0x00000523       0x32 C:/ST/STM32CubeIDE_1.19.0/STM32CubeIDE/plugins/com.st.stm32cube.ide.mcu.externaltools.gnu-tools-for-stm32.13.3.rel1.win32_1.0.0.202411081344/tools/bin/../lib/gcc/arm-none-eabi/13.3.1/../../../../arm-none-eabi/lib/thumb/v7e-m+dp/hard\libc_nano.a(libc_a-stdio.o)
 .ARM.attributes
                0x00000555       0x32 C:/ST/STM32CubeIDE_1.19.0/STM32CubeIDE/plugins/com.st.stm32cube.ide.mcu.externaltools.gnu-tools-for-stm32.13.3.rel1.win32_1.0.0.202411081344/tools/bin/../lib/gcc/arm-none-eabi/13.3.1/../../../../arm-none-eabi/lib/thumb/v7e-m+dp/hard\libc_nano.a(libc_a-wbuf.o)
 .ARM.attributes
                0x00000587       0x32 C:/ST/STM32CubeIDE_1.19.0/STM32CubeIDE/plugins/com.st.stm32cube.ide.mcu.externaltools.gnu-tools-for-stm32.13.3.rel1.win32_1.0.0.202411081344/tools/bin/../lib/gcc/arm-none-eabi/13.3.1/../../../../arm-none-eabi/lib/thumb/v7e-m+dp/hard\libc_nano.a(libc_a-wsetup.o)
 .ARM.attributes
                0x000005b9       0x32 C:/ST/STM32CubeIDE_1.19.0/STM32CubeIDE/plugins/com.st.stm32cube.ide.mcu.externaltools.gnu-tools-for-stm32.13.3.rel1.win32_1.0.0.202411081344/tools/bin/../lib/gcc/arm-none-eabi/13.3.1/../../../../arm-none-eabi/lib/thumb/v7e-m+dp/hard\libc_nano.a(libc_a-memcmp.o)
 .ARM.attributes
                0x000005eb       0x32 C:/ST/STM32CubeIDE_1.19.0/STM32CubeIDE/plugins/com.st.stm32cube.ide.mcu.externaltools.gnu-tools-for-stm32.13.3.rel1.win32_1.0.0.202411081344/tools/bin/../lib/gcc/arm-none-eabi/13.3.1/../../../../arm-none-eabi/lib/thumb/v7e-m+dp/hard\libc_nano.a(libc_a-memset.o)
 .ARM.attributes
                0x0000061d       0x32 C:/ST/STM32CubeIDE_1.19.0/STM32CubeIDE/plugins/com.st.stm32cube.ide.mcu.externaltools.gnu-tools-for-stm32.13.3.rel1.win32_1.0.0.202411081344/tools/bin/../lib/gcc/arm-none-eabi/13.3.1/../../../../arm-none-eabi/lib/thumb/v7e-m+dp/hard\libc_nano.a(libc_a-closer.o)
 .ARM.attributes
                0x0000064f       0x32 C:/ST/STM32CubeIDE_1.19.0/STM32CubeIDE/plugins/com.st.stm32cube.ide.mcu.externaltools.gnu-tools-for-stm32.13.3.rel1.win32_1.0.0.202411081344/tools/bin/../lib/gcc/arm-none-eabi/13.3.1/../../../../arm-none-eabi/lib/thumb/v7e-m+dp/hard\libc_nano.a(libc_a-reent.o)
 .ARM.attributes
                0x00000681       0x32 C:/ST/STM32CubeIDE_1.19.0/STM32CubeIDE/plugins/com.st.stm32cube.ide.mcu.externaltools.gnu-tools-for-stm32.13.3.rel1.win32_1.0.0.202411081344/tools/bin/../lib/gcc/arm-none-eabi/13.3.1/../../../../arm-none-eabi/lib/thumb/v7e-m+dp/hard\libc_nano.a(libc_a-impure.o)
 .ARM.attributes
                0x000006b3       0x32 C:/ST/STM32CubeIDE_1.19.0/STM32CubeIDE/plugins/com.st.stm32cube.ide.mcu.externaltools.gnu-tools-for-stm32.13.3.rel1.win32_1.0.0.202411081344/tools/bin/../lib/gcc/arm-none-eabi/13.3.1/../../../../arm-none-eabi/lib/thumb/v7e-m+dp/hard\libc_nano.a(libc_a-lseekr.o)
 .ARM.attributes
                0x000006e5       0x32 C:/ST/STM32CubeIDE_1.19.0/STM32CubeIDE/plugins/com.st.stm32cube.ide.mcu.externaltools.gnu-tools-for-stm32.13.3.rel1.win32_1.0.0.202411081344/tools/bin/../lib/gcc/arm-none-eabi/13.3.1/../../../../arm-none-eabi/lib/thumb/v7e-m+dp/hard\libc_nano.a(libc_a-readr.o)
 .ARM.attributes
                0x00000717       0x32 C:/ST/STM32CubeIDE_1.19.0/STM32CubeIDE/plugins/com.st.stm32cube.ide.mcu.externaltools.gnu-tools-for-stm32.13.3.rel1.win32_1.0.0.202411081344/tools/bin/../lib/gcc/arm-none-eabi/13.3.1/../../../../arm-none-eabi/lib/thumb/v7e-m+dp/hard\libc_nano.a(libc_a-writer.o)
 .ARM.attributes
                0x00000749       0x32 C:/ST/STM32CubeIDE_1.19.0/STM32CubeIDE/plugins/com.st.stm32cube.ide.mcu.externaltools.gnu-tools-for-stm32.13.3.rel1.win32_1.0.0.202411081344/tools/bin/../lib/gcc/arm-none-eabi/13.3.1/../../../../arm-none-eabi/lib/thumb/v7e-m+dp/hard\libc_nano.a(libc_a-errno.o)
 .ARM.attributes
                0x0000077b       0x32 C:/ST/STM32CubeIDE_1.19.0/STM32CubeIDE/plugins/com.st.stm32cube.ide.mcu.externaltools.gnu-tools-for-stm32.13.3.rel1.win32_1.0.0.202411081344/tools/bin/../lib/gcc/arm-none-eabi/13.3.1/../../../../arm-none-eabi/lib/thumb/v7e-m+dp/hard\libc_nano.a(libc_a-init.o)
 .ARM.attributes
                0x000007ad       0x32 C:/ST/STM32CubeIDE_1.19.0/STM32CubeIDE/plugins/com.st.stm32cube.ide.mcu.externaltools.gnu-tools-for-stm32.13.3.rel1.win32_1.0.0.202411081344/tools/bin/../lib/gcc/arm-none-eabi/13.3.1/../../../../arm-none-eabi/lib/thumb/v7e-m+dp/hard\libc_nano.a(libc_a-lock.o)
 .ARM.attributes
                0x000007df       0x32 C:/ST/STM32CubeIDE_1.19.0/STM32CubeIDE/plugins/com.st.stm32cube.ide.mcu.externaltools.gnu-tools-for-stm32.13.3.rel1.win32_1.0.0.202411081344/tools/bin/../lib/gcc/arm-none-eabi/13.3.1/../../../../arm-none-eabi/lib/thumb/v7e-m+dp/hard\libc_nano.a(libc_a-memcpy-stub.o)
 .ARM.attributes
                0x00000811       0x32 C:/ST/STM32CubeIDE_1.19.0/STM32CubeIDE/plugins/com.st.stm32cube.ide.mcu.externaltools.gnu-tools-for-stm32.13.3.rel1.win32_1.0.0.202411081344/tools/bin/../lib/gcc/arm-none-eabi/13.3.1/../../../../arm-none-eabi/lib/thumb/v7e-m+dp/hard\libc_nano.a(libc_a-freer.o)
 .ARM.attributes
                0x00000843       0x32 C:/ST/STM32CubeIDE_1.19.0/STM32CubeIDE/plugins/com.st.stm32cube.ide.mcu.externaltools.gnu-tools-for-stm32.13.3.rel1.win32_1.0.0.202411081344/tools/bin/../lib/gcc/arm-none-eabi/13.3.1/../../../../arm-none-eabi/lib/thumb/v7e-m+dp/hard\libc_nano.a(libc_a-mallocr.o)
 .ARM.attributes
                0x00000875       0x32 C:/ST/STM32CubeIDE_1.19.0/STM32CubeIDE/plugins/com.st.stm32cube.ide.mcu.externaltools.gnu-tools-for-stm32.13.3.rel1.win32_1.0.0.202411081344/tools/bin/../lib/gcc/arm-none-eabi/13.3.1/../../../../arm-none-eabi/lib/thumb/v7e-m+dp/hard\libc_nano.a(libc_a-mlock.o)
 .ARM.attributes
                0x000008a7       0x32 C:/ST/STM32CubeIDE_1.19.0/STM32CubeIDE/plugins/com.st.stm32cube.ide.mcu.externaltools.gnu-tools-for-stm32.13.3.rel1.win32_1.0.0.202411081344/tools/bin/../lib/gcc/arm-none-eabi/13.3.1/../../../../arm-none-eabi/lib/thumb/v7e-m+dp/hard\libc_nano.a(libc_a-nano-vfprintf.o)
 .ARM.attributes
                0x000008d9       0x32 C:/ST/STM32CubeIDE_1.19.0/STM32CubeIDE/plugins/com.st.stm32cube.ide.mcu.externaltools.gnu-tools-for-stm32.13.3.rel1.win32_1.0.0.202411081344/tools/bin/../lib/gcc/arm-none-eabi/13.3.1/../../../../arm-none-eabi/lib/thumb/v7e-m+dp/hard\libc_nano.a(libc_a-nano-vfprintf_i.o)
 .ARM.attributes
                0x0000090b       0x32 C:/ST/STM32CubeIDE_1.19.0/STM32CubeIDE/plugins/com.st.stm32cube.ide.mcu.externaltools.gnu-tools-for-stm32.13.3.rel1.win32_1.0.0.202411081344/tools/bin/../lib/gcc/arm-none-eabi/13.3.1/../../../../arm-none-eabi/lib/thumb/v7e-m+dp/hard\libc_nano.a(libc_a-fflush.o)
 .ARM.attributes
                0x0000093d       0x32 C:/ST/STM32CubeIDE_1.19.0/STM32CubeIDE/plugins/com.st.stm32cube.ide.mcu.externaltools.gnu-tools-for-stm32.13.3.rel1.win32_1.0.0.202411081344/tools/bin/../lib/gcc/arm-none-eabi/13.3.1/../../../../arm-none-eabi/lib/thumb/v7e-m+dp/hard\libc_nano.a(libc_a-makebuf.o)
 .ARM.attributes
                0x0000096f       0x32 C:/ST/STM32CubeIDE_1.19.0/STM32CubeIDE/plugins/com.st.stm32cube.ide.mcu.externaltools.gnu-tools-for-stm32.13.3.rel1.win32_1.0.0.202411081344/tools/bin/../lib/gcc/arm-none-eabi/13.3.1/../../../../arm-none-eabi/lib/thumb/v7e-m+dp/hard\libc_nano.a(libc_a-fstatr.o)
 .ARM.attributes
                0x000009a1       0x32 C:/ST/STM32CubeIDE_1.19.0/STM32CubeIDE/plugins/com.st.stm32cube.ide.mcu.externaltools.gnu-tools-for-stm32.13.3.rel1.win32_1.0.0.202411081344/tools/bin/../lib/gcc/arm-none-eabi/13.3.1/../../../../arm-none-eabi/lib/thumb/v7e-m+dp/hard\libc_nano.a(libc_a-isattyr.o)
 .ARM.attributes
                0x000009d3       0x32 C:/ST/STM32CubeIDE_1.19.0/STM32CubeIDE/plugins/com.st.stm32cube.ide.mcu.externaltools.gnu-tools-for-stm32.13.3.rel1.win32_1.0.0.202411081344/tools/bin/../lib/gcc/arm-none-eabi/13.3.1/../../../../arm-none-eabi/lib/thumb/v7e-m+dp/hard\libc_nano.a(libc_a-sbrkr.o)
 .ARM.attributes
                0x00000a05       0x1c C:/ST/STM32CubeIDE_1.19.0/STM32CubeIDE/plugins/com.st.stm32cube.ide.mcu.externaltools.gnu-tools-for-stm32.13.3.rel1.win32_1.0.0.202411081344/tools/bin/../lib/gcc/arm-none-eabi/13.3.1/../../../../arm-none-eabi/lib/thumb/v7e-m+dp/hard\libc_nano.a(libc_a-memchr.o)
 .ARM.attributes
                0x00000a21       0x20 C:/ST/STM32CubeIDE_1.19.0/STM32CubeIDE/plugins/com.st.stm32cube.ide.mcu.externaltools.gnu-tools-for-stm32.13.3.rel1.win32_1.0.0.202411081344/tools/bin/../lib/gcc/arm-none-eabi/13.3.1/thumb/v7e-m+dp/hard\libgcc.a(_aeabi_uldivmod.o)
 .ARM.attributes
                0x00000a41       0x32 C:/ST/STM32CubeIDE_1.19.0/STM32CubeIDE/plugins/com.st.stm32cube.ide.mcu.externaltools.gnu-tools-for-stm32.13.3.rel1.win32_1.0.0.202411081344/tools/bin/../lib/gcc/arm-none-eabi/13.3.1/thumb/v7e-m+dp/hard\libgcc.a(_udivmoddi4.o)
 .ARM.attributes
                0x00000a73       0x20 C:/ST/STM32CubeIDE_1.19.0/STM32CubeIDE/plugins/com.st.stm32cube.ide.mcu.externaltools.gnu-tools-for-stm32.13.3.rel1.win32_1.0.0.202411081344/tools/bin/../lib/gcc/arm-none-eabi/13.3.1/thumb/v7e-m+dp/hard\libgcc.a(_dvmd_tls.o)
 .ARM.attributes
                0x00000a93       0x20 C:/ST/STM32CubeIDE_1.19.0/STM32CubeIDE/plugins/com.st.stm32cube.ide.mcu.externaltools.gnu-tools-for-stm32.13.3.rel1.win32_1.0.0.202411081344/tools/bin/../lib/gcc/arm-none-eabi/13.3.1/thumb/v7e-m+dp/hard/crtn.o
OUTPUT(APPLICATION_01.elf elf32-littlearm)
LOAD linker stubs
LOAD C:/ST/STM32CubeIDE_1.19.0/STM32CubeIDE/plugins/com.st.stm32cube.ide.mcu.externaltools.gnu-tools-for-stm32.13.3.rel1.win32_1.0.0.202411081344/tools/bin/../lib/gcc/arm-none-eabi/13.3.1/../../../../arm-none-eabi/lib/thumb/v7e-m+dp/hard\libc.a
LOAD C:/ST/STM32CubeIDE_1.19.0/STM32CubeIDE/plugins/com.st.stm32cube.ide.mcu.externaltools.gnu-tools-for-stm32.13.3.rel1.win32_1.0.0.202411081344/tools/bin/../lib/gcc/arm-none-eabi/13.3.1/../../../../arm-none-eabi/lib/thumb/v7e-m+dp/hard\libm.a
LOAD C:/ST/STM32CubeIDE_1.19.0/STM32CubeIDE/plugins/com.st.stm32cube.ide.mcu.externaltools.gnu-tools-for-stm32.13.3.rel1.win32_1.0.0.202411081344/tools/bin/../lib/gcc/arm-none-eabi/13.3.1/thumb/v7e-m+dp/hard\libgcc.a

.debug_info     0x00000000    0x119e5
 .debug_info    0x00000000     0x18b0 ./Core/Src/eth_phy_io.o
 .debug_info    0x000018b0     0x1b23 ./Core/Src/main.o
 .debug_info    0x000033d3     0x1b43 ./Core/Src/stm32f7xx_hal_msp.o
 .debug_info    0x00004f16      0x9b3 ./Core/Src/stm32f7xx_it.o
 .debug_info    0x000058c9      0x6a3 ./Core/Src/syscalls.o
 .debug_info    0x00005f6c      0x168 ./Core/Src/sysmem.o
 .debug_info    0x000060d4      0x6ed ./Core/Src/system_stm32f7xx.o
 .debug_info    0x000067c1       0x30 ./Core/Startup/startup_stm32f767zitx.o
 .debug_info    0x000067f1      0x5e4 ./Drivers/BSP/Components/lan8742/lan8742.o
 .debug_info    0x00006dd5      0xa4c ./Drivers/STM32F7xx_HAL_Driver/Src/stm32f7xx_hal.o
 .debug_info    0x00007821      0xfc0 ./Drivers/STM32F7xx_HAL_Driver/Src/stm32f7xx_hal_cortex.o
 .debug_info    0x000087e1      0x530 ./Drivers/STM32F7xx_HAL_Driver/Src/stm32f7xx_hal_crc.o
 .debug_info    0x00008d11      0x35b ./Drivers/STM32F7xx_HAL_Driver/Src/stm32f7xx_hal_crc_ex.o
 .debug_info    0x0000906c     0x21b6 ./Drivers/STM32F7xx_HAL_Driver/Src/stm32f7xx_hal_eth.o
 .debug_info    0x0000b222      0x5a7 ./Drivers/STM32F7xx_HAL_Driver/Src/stm32f7xx_hal_flash.o
 .debug_info    0x0000b7c9      0x71d ./Drivers/STM32F7xx_HAL_Driver/Src/stm32f7xx_hal_flash_ex.o
 .debug_info    0x0000bee6      0x6f3 ./Drivers/STM32F7xx_HAL_Driver/Src/stm32f7xx_hal_gpio.o
 .debug_info    0x0000c5d9      0x8cd ./Drivers/STM32F7xx_HAL_Driver/Src/stm32f7xx_hal_pwr_ex.o
 .debug_info    0x0000cea6      0x94b ./Drivers/STM32F7xx_HAL_Driver/Src/stm32f7xx_hal_rcc.o
 .debug_info    0x0000d7f1      0x6e1 ./Drivers/STM32F7xx_HAL_Driver/Src/stm32f7xx_hal_rcc_ex.o
 .debug_info    0x0000ded2     0x3b13 ./Drivers/STM32F7xx_HAL_Driver/Src/stm32f7xx_hal_uart.o

.debug_abbrev   0x00000000     0x2c50
 .debug_abbrev  0x00000000      0x3e6 ./Core/Src/eth_phy_io.o
 .debug_abbrev  0x000003e6      0x367 ./Core/Src/main.o
 .debug_abbrev  0x0000074d      0x292 ./Core/Src/stm32f7xx_hal_msp.o
 .debug_abbrev  0x000009df      0x18a ./Core/Src/stm32f7xx_it.o
 .debug_abbrev  0x00000b69      0x1b6 ./Core/Src/syscalls.o
 .debug_abbrev  0x00000d1f       0xbc ./Core/Src/sysmem.o
 .debug_abbrev  0x00000ddb      0x13b ./Core/Src/system_stm32f7xx.o
 .debug_abbrev  0x00000f16       0x24 ./Core/Startup/startup_stm32f767zitx.o
 .debug_abbrev  0x00000f3a      0x14c ./Drivers/BSP/Components/lan8742/lan8742.o
 .debug_abbrev  0x00001086      0x213 ./Drivers/STM32F7xx_HAL_Driver/Src/stm32f7xx_hal.o
 .debug_abbrev  0x00001299      0x31e ./Drivers/STM32F7xx_HAL_Driver/Src/stm32f7xx_hal_cortex.o
 .debug_abbrev  0x000015b7      0x1ee ./Drivers/STM32F7xx_HAL_Driver/Src/stm32f7xx_hal_crc.o
 .debug_abbrev  0x000017a5      0x151 ./Drivers/STM32F7xx_HAL_Driver/Src/stm32f7xx_hal_crc_ex.o
 .debug_abbrev  0x000018f6      0x35a ./Drivers/STM32F7xx_HAL_Driver/Src/stm32f7xx_hal_eth.o
 .debug_abbrev  0x00001c50      0x27e ./Drivers/STM32F7xx_HAL_Driver/Src/stm32f7xx_hal_flash.o
 .debug_abbrev  0x00001ece      0x24c ./Drivers/STM32F7xx_HAL_Driver/Src/stm32f7xx_hal_flash_ex.o
 .debug_abbrev  0x0000211a      0x1d4 ./Drivers/STM32F7xx_HAL_Driver/Src/stm32f7xx_hal_gpio.o
 .debug_abbrev  0x000022ee      0x1d5 ./Drivers/STM32F7xx_HAL_Driver/Src/stm32f7xx_hal_pwr_ex.o
 .debug_abbrev  0x000024c3      0x2de ./Drivers/STM32F7xx_HAL_Driver/Src/stm32f7xx_hal_rcc.o
 .debug_abbrev  0x000027a1      0x1c9 ./Drivers/STM32F7xx_HAL_Driver/Src/stm32f7xx_hal_rcc_ex.o
 .debug_abbrev  0x0000296a      0x2e6 ./Drivers/STM32F7xx_HAL_Driver/Src/stm32f7xx_hal_uart.o

.debug_aranges  0x00000000      0xd00
 .debug_aranges
                0x00000000       0x78 ./Core/Src/eth_phy_io.o
 .debug_aranges
                0x00000078       0x60 ./Core/Src/main.o
 .debug_aranges
                0x000000d8       0x50 ./Core/Src/stm32f7xx_hal_msp.o
 .debug_aranges
                0x00000128       0x68 ./Core/Src/stm32f7xx_it.o
 .debug_aranges
                0x00000190       0xa8 ./Core/Src/syscalls.o
 .debug_aranges
                0x00000238       0x20 ./Core/Src/sysmem.o
 .debug_aranges
                0x00000258       0x28 ./Core/Src/system_stm32f7xx.o
 .debug_aranges
                0x00000280       0x28 ./Core/Startup/startup_stm32f767zitx.o
 .debug_aranges
                0x000002a8       0x88 ./Drivers/BSP/Components/lan8742/lan8742.o
 .debug_aranges
                0x00000330      0x110 ./Drivers/STM32F7xx_HAL_Driver/Src/stm32f7xx_hal.o
 .debug_aranges
                0x00000440      0x128 ./Drivers/STM32F7xx_HAL_Driver/Src/stm32f7xx_hal_cortex.o
 .debug_aranges
                0x00000568       0x60 ./Drivers/STM32F7xx_HAL_Driver/Src/stm32f7xx_hal_crc.o
 .debug_aranges
                0x000005c8       0x30 ./Drivers/STM32F7xx_HAL_Driver/Src/stm32f7xx_hal_crc_ex.o
 .debug_aranges
                0x000005f8      0x1e8 ./Drivers/STM32F7xx_HAL_Driver/Src/stm32f7xx_hal_eth.o
 .debug_aranges
                0x000007e0       0xa0 ./Drivers/STM32F7xx_HAL_Driver/Src/stm32f7xx_hal_flash.o
 .debug_aranges
                0x00000880       0xa0 ./Drivers/STM32F7xx_HAL_Driver/Src/stm32f7xx_hal_flash_ex.o
 .debug_aranges
                0x00000920       0x58 ./Drivers/STM32F7xx_HAL_Driver/Src/stm32f7xx_hal_gpio.o
 .debug_aranges
                0x00000978       0x80 ./Drivers/STM32F7xx_HAL_Driver/Src/stm32f7xx_hal_pwr_ex.o
 .debug_aranges
                0x000009f8       0x88 ./Drivers/STM32F7xx_HAL_Driver/Src/stm32f7xx_hal_rcc.o
 .debug_aranges
                0x00000a80       0x50 ./Drivers/STM32F7xx_HAL_Driver/Src/stm32f7xx_hal_rcc_ex.o
 .debug_aranges
                0x00000ad0      0x230 ./Drivers/STM32F7xx_HAL_Driver/Src/stm32f7xx_hal_uart.o

.debug_rnglists
                0x00000000      0x9ed
 .debug_rnglists
                0x00000000       0x66 ./Core/Src/eth_phy_io.o
 .debug_rnglists
                0x00000066       0x46 ./Core/Src/main.o
 .debug_rnglists
                0x000000ac       0x3a ./Core/Src/stm32f7xx_hal_msp.o
 .debug_rnglists
                0x000000e6       0x49 ./Core/Src/stm32f7xx_it.o
 .debug_rnglists
                0x0000012f       0x79 ./Core/Src/syscalls.o
 .debug_rnglists
                0x000001a8       0x13 ./Core/Src/sysmem.o
 .debug_rnglists
                0x000001bb       0x1a ./Core/Src/system_stm32f7xx.o
 .debug_rnglists
                0x000001d5       0x19 ./Core/Startup/startup_stm32f767zitx.o
 .debug_rnglists
                0x000001ee       0x64 ./Drivers/BSP/Components/lan8742/lan8742.o
 .debug_rnglists
                0x00000252       0xc7 ./Drivers/STM32F7xx_HAL_Driver/Src/stm32f7xx_hal.o
 .debug_rnglists
                0x00000319       0xda ./Drivers/STM32F7xx_HAL_Driver/Src/stm32f7xx_hal_cortex.o
 .debug_rnglists
                0x000003f3       0x47 ./Drivers/STM32F7xx_HAL_Driver/Src/stm32f7xx_hal_crc.o
 .debug_rnglists
                0x0000043a       0x20 ./Drivers/STM32F7xx_HAL_Driver/Src/stm32f7xx_hal_crc_ex.o
 .debug_rnglists
                0x0000045a      0x183 ./Drivers/STM32F7xx_HAL_Driver/Src/stm32f7xx_hal_eth.o
 .debug_rnglists
                0x000005dd       0x78 ./Drivers/STM32F7xx_HAL_Driver/Src/stm32f7xx_hal_flash.o
 .debug_rnglists
                0x00000655       0x77 ./Drivers/STM32F7xx_HAL_Driver/Src/stm32f7xx_hal_flash_ex.o
 .debug_rnglists
                0x000006cc       0x3f ./Drivers/STM32F7xx_HAL_Driver/Src/stm32f7xx_hal_gpio.o
 .debug_rnglists
                0x0000070b       0x5f ./Drivers/STM32F7xx_HAL_Driver/Src/stm32f7xx_hal_pwr_ex.o
 .debug_rnglists
                0x0000076a       0x67 ./Drivers/STM32F7xx_HAL_Driver/Src/stm32f7xx_hal_rcc.o
 .debug_rnglists
                0x000007d1       0x3c ./Drivers/STM32F7xx_HAL_Driver/Src/stm32f7xx_hal_rcc_ex.o
 .debug_rnglists
                0x0000080d      0x1e0 ./Drivers/STM32F7xx_HAL_Driver/Src/stm32f7xx_hal_uart.o

.debug_macro    0x00000000    0x29f5d
 .debug_macro   0x00000000      0x378 ./Core/Src/eth_phy_io.o
 .debug_macro   0x00000378      0xaf0 ./Core/Src/eth_phy_io.o
 .debug_macro   0x00000e68       0x22 ./Core/Src/eth_phy_io.o
 .debug_macro   0x00000e8a       0x8e ./Core/Src/eth_phy_io.o
 .debug_macro   0x00000f18       0x51 ./Core/Src/eth_phy_io.o
 .debug_macro   0x00000f69      0x103 ./Core/Src/eth_phy_io.o
 .debug_macro   0x0000106c       0x6a ./Core/Src/eth_phy_io.o
 .debug_macro   0x000010d6      0x1df ./Core/Src/eth_phy_io.o
 .debug_macro   0x000012b5      0x45e ./Core/Src/eth_phy_io.o
 .debug_macro   0x00001713      0x299 ./Core/Src/eth_phy_io.o
 .debug_macro   0x000019ac       0x2e ./Core/Src/eth_phy_io.o
 .debug_macro   0x000019da       0x3b ./Core/Src/eth_phy_io.o
 .debug_macro   0x00001a15       0x1c ./Core/Src/eth_phy_io.o
 .debug_macro   0x00001a31       0x22 ./Core/Src/eth_phy_io.o
 .debug_macro   0x00001a53       0xd9 ./Core/Src/eth_phy_io.o
 .debug_macro   0x00001b2c     0x12cd ./Core/Src/eth_phy_io.o
 .debug_macro   0x00002df9      0x11f ./Core/Src/eth_phy_io.o
 .debug_macro   0x00002f18       0x19 ./Core/Src/eth_phy_io.o
 .debug_macro   0x00002f31    0x1aa23 ./Core/Src/eth_phy_io.o
 .debug_macro   0x0001d954       0x6d ./Core/Src/eth_phy_io.o
 .debug_macro   0x0001d9c1     0x375e ./Core/Src/eth_phy_io.o
 .debug_macro   0x0002111f      0x190 ./Core/Src/eth_phy_io.o
 .debug_macro   0x000212af       0x63 ./Core/Src/eth_phy_io.o
 .debug_macro   0x00021312     0x1add ./Core/Src/eth_phy_io.o
 .debug_macro   0x00022def      0x6c4 ./Core/Src/eth_phy_io.o
 .debug_macro   0x000234b3      0x18b ./Core/Src/eth_phy_io.o
 .debug_macro   0x0002363e      0x115 ./Core/Src/eth_phy_io.o
 .debug_macro   0x00023753      0x26e ./Core/Src/eth_phy_io.o
 .debug_macro   0x000239c1       0xa5 ./Core/Src/eth_phy_io.o
 .debug_macro   0x00023a66      0x24f ./Core/Src/eth_phy_io.o
 .debug_macro   0x00023cb5       0x71 ./Core/Src/eth_phy_io.o
 .debug_macro   0x00023d26       0x58 ./Core/Src/eth_phy_io.o
 .debug_macro   0x00023d7e      0x236 ./Core/Src/eth_phy_io.o
 .debug_macro   0x00023fb4       0xc7 ./Core/Src/eth_phy_io.o
 .debug_macro   0x0002407b       0x4c ./Core/Src/eth_phy_io.o
 .debug_macro   0x000240c7      0xb99 ./Core/Src/eth_phy_io.o
 .debug_macro   0x00024c60      0x14e ./Core/Src/eth_phy_io.o
 .debug_macro   0x00024dae      0x3db ./Core/Src/eth_phy_io.o
 .debug_macro   0x00025189       0x12 ./Core/Src/eth_phy_io.o
 .debug_macro   0x0002519b      0x22c ./Core/Src/eth_phy_io.o
 .debug_macro   0x000253c7       0x61 ./Core/Src/eth_phy_io.o
 .debug_macro   0x00025428       0xa5 ./Core/Src/eth_phy_io.o
 .debug_macro   0x000254cd      0x12e ./Core/Src/eth_phy_io.o
 .debug_macro   0x000255fb      0x108 ./Core/Src/eth_phy_io.o
 .debug_macro   0x00025703       0x35 ./Core/Src/eth_phy_io.o
 .debug_macro   0x00025738      0x5ba ./Core/Src/eth_phy_io.o
 .debug_macro   0x00025cf2       0x44 ./Core/Src/eth_phy_io.o
 .debug_macro   0x00025d36      0x15b ./Core/Src/eth_phy_io.o
 .debug_macro   0x00025e91       0x61 ./Core/Src/eth_phy_io.o
 .debug_macro   0x00025ef2       0x29 ./Core/Src/eth_phy_io.o
 .debug_macro   0x00025f1b       0x43 ./Core/Src/eth_phy_io.o
 .debug_macro   0x00025f5e       0x34 ./Core/Src/eth_phy_io.o
 .debug_macro   0x00025f92       0x16 ./Core/Src/eth_phy_io.o
 .debug_macro   0x00025fa8       0x3c ./Core/Src/eth_phy_io.o
 .debug_macro   0x00025fe4      0x370 ./Core/Src/eth_phy_io.o
 .debug_macro   0x00026354       0x10 ./Core/Src/eth_phy_io.o
 .debug_macro   0x00026364       0x16 ./Core/Src/eth_phy_io.o
 .debug_macro   0x0002637a       0x4a ./Core/Src/eth_phy_io.o
 .debug_macro   0x000263c4       0x34 ./Core/Src/eth_phy_io.o
 .debug_macro   0x000263f8       0x10 ./Core/Src/eth_phy_io.o
 .debug_macro   0x00026408       0x58 ./Core/Src/eth_phy_io.o
 .debug_macro   0x00026460       0x8e ./Core/Src/eth_phy_io.o
 .debug_macro   0x000264ee       0x1c ./Core/Src/eth_phy_io.o
 .debug_macro   0x0002650a      0x185 ./Core/Src/eth_phy_io.o
 .debug_macro   0x0002668f       0x16 ./Core/Src/eth_phy_io.o
 .debug_macro   0x000266a5       0x16 ./Core/Src/eth_phy_io.o
 .debug_macro   0x000266bb      0x146 ./Core/Src/eth_phy_io.o
 .debug_macro   0x00026801       0x22 ./Core/Src/eth_phy_io.o
 .debug_macro   0x00026823       0x16 ./Core/Src/eth_phy_io.o
 .debug_macro   0x00026839       0x20 ./Core/Src/eth_phy_io.o
 .debug_macro   0x00026859       0x46 ./Core/Src/eth_phy_io.o
 .debug_macro   0x0002689f      0x32a ./Core/Src/main.o
 .debug_macro   0x00026bc9       0x10 ./Core/Src/main.o
 .debug_macro   0x00026bd9       0x1c ./Core/Src/main.o
 .debug_macro   0x00026bf5       0x1c ./Core/Src/main.o
 .debug_macro   0x00026c11      0x464 ./Core/Src/main.o
 .debug_macro   0x00027075      0x1f7 ./Core/Src/stm32f7xx_hal_msp.o
 .debug_macro   0x0002726c      0x201 ./Core/Src/stm32f7xx_it.o
 .debug_macro   0x0002746d      0x274 ./Core/Src/syscalls.o
 .debug_macro   0x000276e1       0x5b ./Core/Src/syscalls.o
 .debug_macro   0x0002773c       0x94 ./Core/Src/syscalls.o
 .debug_macro   0x000277d0       0x57 ./Core/Src/syscalls.o
 .debug_macro   0x00027827       0x10 ./Core/Src/syscalls.o
 .debug_macro   0x00027837       0x10 ./Core/Src/syscalls.o
 .debug_macro   0x00027847       0x10 ./Core/Src/syscalls.o
 .debug_macro   0x00027857       0x10 ./Core/Src/syscalls.o
 .debug_macro   0x00027867       0x1c ./Core/Src/syscalls.o
 .debug_macro   0x00027883       0x52 ./Core/Src/syscalls.o
 .debug_macro   0x000278d5       0x22 ./Core/Src/syscalls.o
 .debug_macro   0x000278f7       0x10 ./Core/Src/syscalls.o
 .debug_macro   0x00027907       0x52 ./Core/Src/syscalls.o
 .debug_macro   0x00027959       0xcf ./Core/Src/syscalls.o
 .debug_macro   0x00027a28       0x1c ./Core/Src/syscalls.o
 .debug_macro   0x00027a44       0x3d ./Core/Src/syscalls.o
 .debug_macro   0x00027a81       0x35 ./Core/Src/syscalls.o
 .debug_macro   0x00027ab6      0x12c ./Core/Src/syscalls.o
 .debug_macro   0x00027be2       0x16 ./Core/Src/syscalls.o
 .debug_macro   0x00027bf8       0x16 ./Core/Src/syscalls.o
 .debug_macro   0x00027c0e       0x29 ./Core/Src/syscalls.o
 .debug_macro   0x00027c37       0x10 ./Core/Src/syscalls.o
 .debug_macro   0x00027c47      0x242 ./Core/Src/syscalls.o
 .debug_macro   0x00027e89       0x10 ./Core/Src/syscalls.o
 .debug_macro   0x00027e99      0x18a ./Core/Src/syscalls.o
 .debug_macro   0x00028023       0x16 ./Core/Src/syscalls.o
 .debug_macro   0x00028039       0xce ./Core/Src/syscalls.o
 .debug_macro   0x00028107      0x112 ./Core/Src/sysmem.o
 .debug_macro   0x00028219      0x23c ./Core/Src/sysmem.o
 .debug_macro   0x00028455      0x1ff ./Core/Src/system_stm32f7xx.o
 .debug_macro   0x00028654       0x78 ./Drivers/BSP/Components/lan8742/lan8742.o
 .debug_macro   0x000286cc      0x211 ./Drivers/STM32F7xx_HAL_Driver/Src/stm32f7xx_hal.o
 .debug_macro   0x000288dd      0x1ed ./Drivers/STM32F7xx_HAL_Driver/Src/stm32f7xx_hal_cortex.o
 .debug_macro   0x00028aca      0x1ed ./Drivers/STM32F7xx_HAL_Driver/Src/stm32f7xx_hal_crc.o
 .debug_macro   0x00028cb7      0x1ed ./Drivers/STM32F7xx_HAL_Driver/Src/stm32f7xx_hal_crc_ex.o
 .debug_macro   0x00028ea4      0x2c7 ./Drivers/STM32F7xx_HAL_Driver/Src/stm32f7xx_hal_eth.o
 .debug_macro   0x0002916b      0x1f9 ./Drivers/STM32F7xx_HAL_Driver/Src/stm32f7xx_hal_flash.o
 .debug_macro   0x00029364      0x1f9 ./Drivers/STM32F7xx_HAL_Driver/Src/stm32f7xx_hal_flash_ex.o
 .debug_macro   0x0002955d      0x1f3 ./Drivers/STM32F7xx_HAL_Driver/Src/stm32f7xx_hal_gpio.o
 .debug_macro   0x00029750      0x205 ./Drivers/STM32F7xx_HAL_Driver/Src/stm32f7xx_hal_pwr_ex.o
 .debug_macro   0x00029955      0x211 ./Drivers/STM32F7xx_HAL_Driver/Src/stm32f7xx_hal_rcc.o
 .debug_macro   0x00029b66      0x1ed ./Drivers/STM32F7xx_HAL_Driver/Src/stm32f7xx_hal_rcc_ex.o
 .debug_macro   0x00029d53      0x20a ./Drivers/STM32F7xx_HAL_Driver/Src/stm32f7xx_hal_uart.o

.debug_line     0x00000000    0x10775
 .debug_line    0x00000000      0xc27 ./Core/Src/eth_phy_io.o
 .debug_line    0x00000c27      0xb72 ./Core/Src/main.o
 .debug_line    0x00001799      0x8b0 ./Core/Src/stm32f7xx_hal_msp.o
 .debug_line    0x00002049      0x84f ./Core/Src/stm32f7xx_it.o
 .debug_line    0x00002898      0x8ac ./Core/Src/syscalls.o
 .debug_line    0x00003144      0x588 ./Core/Src/sysmem.o
 .debug_line    0x000036cc      0x802 ./Core/Src/system_stm32f7xx.o
 .debug_line    0x00003ece       0x7a ./Core/Startup/startup_stm32f767zitx.o