../Drivers/CMSIS/Include/core_cm7.h:2464:22:SCB_InvalidateDCache_by_Addr	32	static,ignoring_inline_asm
../Core/Src/eth_phy_io.c:56:16:ETH_PHY_IO_Init	4	static
../Core/Src/eth_phy_io.c:57:16:ETH_PHY_IO_DeInit	4	static
../Core/Src/eth_phy_io.c:58:16:ETH_PHY_IO_GetTick	8	static
../Core/Src/eth_phy_io.c:60:16:ETH_PHY_IO_WriteReg	24	static
../Core/Src/eth_phy_io.c:67:16:ETH_PHY_IO_ReadReg	24	static
../Core/Src/eth_phy_io.c:82:6:eth_phy_init	8	static
../Core/Src/eth_phy_io.c:101:6:HAL_ETH_RxAllocateCallback	16	static
../Core/Src/eth_phy_io.c:115:6:HAL_ETH_RxLinkCallback	24	static
../Core/Src/eth_phy_io.c:147:6:HAL_ETH_RxCpltCallback	88	static
../Core/Src/eth_phy_io.c:214:19:write_cfg_to_flash	64	static
../Core/Src/eth_phy_io.c:274:6:OTA_RESET	72	static
