../Drivers/CMSIS/Include/core_cm7.h:2464:22:SCB_InvalidateDCache_by_Addr	32	static,ignoring_inline_asm
../Core/Src/eth_phy_io.c:34:16:ETH_PHY_IO_Init	4	static
../Core/Src/eth_phy_io.c:35:16:ETH_PHY_IO_DeInit	4	static
../Core/Src/eth_phy_io.c:36:16:ETH_PHY_IO_GetTick	8	static
../Core/Src/eth_phy_io.c:38:16:ETH_PHY_IO_WriteReg	24	static
../Core/Src/eth_phy_io.c:45:16:ETH_PHY_IO_ReadReg	24	static
../Core/Src/eth_phy_io.c:60:6:eth_phy_init	8	static
../Core/Src/eth_phy_io.c:79:6:HAL_ETH_RxAllocateCallback	16	static
../Core/Src/eth_phy_io.c:93:6:HAL_ETH_RxLinkCallback	24	static
