../Core/Src/main.c:100:5:main	8	static
../Core/Src/main.c:162:6:SystemClock_Config	88	static
../Core/Src/main.c:217:13:MX_CRC_Init	8	static
../Core/Src/main.c:248:13:MX_ETH_Init	8	static
../Core/Src/main.c:297:13:MX_RNG_Init	8	static
../Core/Src/main.c:323:13:MX_USART3_UART_Init	8	static
../Core/Src/main.c:358:13:MX_GPIO_Init	48	static
../Core/Src/main.c:396:5:__io_putchar	16	static
../Core/Src/main.c:409:6:MPU_Config	24	static
../Core/Src/main.c:440:6:Error_Handler	4	static,ignoring_inline_asm
